Archive member included to satisfy reference by file (symbol)

freertos/libfreertos.a(tasks.c.obj)
                              CMakeFiles/tp1.dir/tp1.c.obj (xTaskCreate)
freertos/libfreertos.a(timers.c.obj)
                              freertos/libfreertos.a(tasks.c.obj) (xTimerCreateTimerTask)
freertos/libfreertos.a(heap_3.c.obj)
                              freertos/libfreertos.a(tasks.c.obj) (pvPortMalloc)
freertos/libfreertos.a(port.c.obj)
                              freertos/libfreertos.a(tasks.c.obj) (vPortYield)
freertos/libfreertos.a(portasm.c.obj)
                              freertos/libfreertos.a(port.c.obj) (vRestoreContextOfFirstTask)
freertos/libfreertos.a(event_groups.c.obj)
                              freertos/libfreertos.a(port.c.obj) (xEventGroupCreate)
freertos/libfreertos.a(list.c.obj)
                              freertos/libfreertos.a(tasks.c.obj) (vListInitialise)
freertos/libfreertos.a(queue.c.obj)
                              freertos/libfreertos.a(timers.c.obj) (xQueueGenericCreate)
C:/Users/Admin/.pico-sdk/toolchain/14_2_Rel1/bin/../lib/gcc/arm-none-eabi/14.2.1/thumb/v8-m.main+fp/softfp\libm.a(libm_a-wf_sqrt.o)
                              CMakeFiles/tp1.dir/C_/Users/Admin/.pico-sdk/sdk/2.1.1/src/rp2_common/pico_float/float_math.c.obj (sqrtf)
C:/Users/Admin/.pico-sdk/toolchain/14_2_Rel1/bin/../lib/gcc/arm-none-eabi/14.2.1/thumb/v8-m.main+fp/softfp\libm.a(libm_a-ef_sqrt.o)
                              C:/Users/Admin/.pico-sdk/toolchain/14_2_Rel1/bin/../lib/gcc/arm-none-eabi/14.2.1/thumb/v8-m.main+fp/softfp\libm.a(libm_a-wf_sqrt.o) (__ieee754_sqrtf)
C:/Users/Admin/.pico-sdk/toolchain/14_2_Rel1/bin/../lib/gcc/arm-none-eabi/14.2.1/thumb/v8-m.main+fp/softfp\libgcc.a(_arm_addsubdf3.o)
                              CMakeFiles/tp1.dir/C_/Users/Admin/.pico-sdk/sdk/2.1.1/src/rp2_common/pico_float/float_math.c.obj (__aeabi_f2d)
C:/Users/Admin/.pico-sdk/toolchain/14_2_Rel1/bin/../lib/gcc/arm-none-eabi/14.2.1/thumb/v8-m.main+fp/softfp\libgcc.a(_aeabi_ldivmod.o)
                              CMakeFiles/tp1.dir/C_/Users/Admin/.pico-sdk/sdk/2.1.1/src/common/pico_time/time.c.obj (__aeabi_ldivmod)
C:/Users/Admin/.pico-sdk/toolchain/14_2_Rel1/bin/../lib/gcc/arm-none-eabi/14.2.1/thumb/v8-m.main+fp/softfp\libgcc.a(_aeabi_uldivmod.o)
                              CMakeFiles/tp1.dir/C_/Users/Admin/.pico-sdk/sdk/2.1.1/src/rp2_common/hardware_clocks/clocks.c.obj (__aeabi_uldivmod)
C:/Users/Admin/.pico-sdk/toolchain/14_2_Rel1/bin/../lib/gcc/arm-none-eabi/14.2.1/thumb/v8-m.main+fp/softfp\libgcc.a(_udivmoddi4.o)
                              C:/Users/Admin/.pico-sdk/toolchain/14_2_Rel1/bin/../lib/gcc/arm-none-eabi/14.2.1/thumb/v8-m.main+fp/softfp\libgcc.a(_aeabi_ldivmod.o) (__udivmoddi4)
C:/Users/Admin/.pico-sdk/toolchain/14_2_Rel1/bin/../lib/gcc/arm-none-eabi/14.2.1/thumb/v8-m.main+fp/softfp\libgcc.a(_dvmd_tls.o)
                              C:/Users/Admin/.pico-sdk/toolchain/14_2_Rel1/bin/../lib/gcc/arm-none-eabi/14.2.1/thumb/v8-m.main+fp/softfp\libgcc.a(_aeabi_ldivmod.o) (__aeabi_ldiv0)
C:/Users/Admin/.pico-sdk/toolchain/14_2_Rel1/bin/../lib/gcc/arm-none-eabi/14.2.1/thumb/v8-m.main+fp/softfp\libg.a(libc_a-calloc.o)
                              CMakeFiles/tp1.dir/C_/Users/Admin/.pico-sdk/sdk/2.1.1/src/rp2_common/pico_malloc/malloc.c.obj (calloc)
C:/Users/Admin/.pico-sdk/toolchain/14_2_Rel1/bin/../lib/gcc/arm-none-eabi/14.2.1/thumb/v8-m.main+fp/softfp\libg.a(libc_a-callocr.o)
                              C:/Users/Admin/.pico-sdk/toolchain/14_2_Rel1/bin/../lib/gcc/arm-none-eabi/14.2.1/thumb/v8-m.main+fp/softfp\libg.a(libc_a-calloc.o) (_calloc_r)
C:/Users/Admin/.pico-sdk/toolchain/14_2_Rel1/bin/../lib/gcc/arm-none-eabi/14.2.1/thumb/v8-m.main+fp/softfp\libg.a(libc_a-malloc.o)
                              CMakeFiles/tp1.dir/C_/Users/Admin/.pico-sdk/sdk/2.1.1/src/rp2_common/pico_malloc/malloc.c.obj (malloc)
C:/Users/Admin/.pico-sdk/toolchain/14_2_Rel1/bin/../lib/gcc/arm-none-eabi/14.2.1/thumb/v8-m.main+fp/softfp\libg.a(libc_a-mallocr.o)
                              C:/Users/Admin/.pico-sdk/toolchain/14_2_Rel1/bin/../lib/gcc/arm-none-eabi/14.2.1/thumb/v8-m.main+fp/softfp\libg.a(libc_a-callocr.o) (_malloc_r)
C:/Users/Admin/.pico-sdk/toolchain/14_2_Rel1/bin/../lib/gcc/arm-none-eabi/14.2.1/thumb/v8-m.main+fp/softfp\libg.a(libc_a-mlock.o)
                              C:/Users/Admin/.pico-sdk/toolchain/14_2_Rel1/bin/../lib/gcc/arm-none-eabi/14.2.1/thumb/v8-m.main+fp/softfp\libg.a(libc_a-mallocr.o) (__malloc_lock)
C:/Users/Admin/.pico-sdk/toolchain/14_2_Rel1/bin/../lib/gcc/arm-none-eabi/14.2.1/thumb/v8-m.main+fp/softfp\libg.a(libc_a-realloc.o)
                              CMakeFiles/tp1.dir/C_/Users/Admin/.pico-sdk/sdk/2.1.1/src/rp2_common/pico_malloc/malloc.c.obj (realloc)
C:/Users/Admin/.pico-sdk/toolchain/14_2_Rel1/bin/../lib/gcc/arm-none-eabi/14.2.1/thumb/v8-m.main+fp/softfp\libg.a(libc_a-reallocr.o)
[...]
Memory Configuration

Name             Origin             Length             Attributes
FLASH            0x10000000         0x00400000         xr
RAM              0x20000000         0x00080000         xrw
SCRATCH_X        0x20080000         0x00001000         xrw
SCRATCH_Y        0x20081000         0x00001000         xrw
*default*        0x00000000         0xffffffff

Linker script and memory map

LOAD C:/Users/Admin/.pico-sdk/toolchain/14_2_Rel1/bin/../lib/gcc/arm-none-eabi/14.2.1/thumb/v8-m.main+fp/softfp/crti.o
LOAD C:/Users/Admin/.pico-sdk/toolchain/14_2_Rel1/bin/../lib/gcc/arm-none-eabi/14.2.1/thumb/v8-m.main+fp/softfp/crtbegin.o
LOAD C:/Users/Admin/.pico-sdk/toolchain/14_2_Rel1/bin/../lib/gcc/arm-none-eabi/14.2.1/thumb/v8-m.main+fp/softfp/crt0.o

.flash_begin    0x10000000        0x0
                0x10000000                        __flash_binary_start = .

.text           0x10000000     0x966c
                0x10000000                        __logical_binary_start = .
 *(.vectors)
 .vectors       0x10000000      0x124 CMakeFiles/tp1.dir/C_/Users/Admin/.pico-sdk/sdk/2.1.1/src/rp2_common/pico_crt0/crt0.S.obj
                0x10000000                __vectors
                0x10000000                __VECTOR_TABLE
                0x10000110                isr_invalid
                0x10000110                __default_isrs_start
                0x10000112                isr_nmi
                0x10000114                isr_hardfault
                0x1000011c                isr_irq27
                0x1000011c                isr_irq32
                0x1000011c                isr_irq31
                0x1000011c                isr_irq5
                0x1000011c                isr_irq11
                0x1000011c                isr_irq45
                0x1000011c                isr_irq23
                0x1000011c                isr_irq48
                0x1000011c                isr_irq35
                0x1000011c                isr_irq18
                0x1000011c                isr_irq50
                0x1000011c                isr_irq43
                0x1000011c                isr_irq13
                0x1000011c                isr_irq28
                0x1000011c                isr_irq19
                0x1000011c                isr_irq36
                0x1000011c                isr_irq41
                0x1000011c                isr_irq0
                0x1000011c                isr_irq6
                0x1000011c                __unhandled_user_irq
                0x1000011c                isr_irq12
                0x1000011c                isr_irq37
                0x1000011c                isr_irq42
                0x1000011c                isr_irq22
                0x1000011c                isr_irq30
                0x1000011c                isr_irq17
                0x1000011c                isr_irq38
                0x1000011c                isr_irq14
                0x1000011c                isr_irq40
                0x1000011c                isr_irq2
                0x1000011c                isr_irq10
                0x1000011c                isr_irq8
                0x1000011c                isr_irq24
                0x1000011c                isr_irq46
                0x1000011c                isr_irq1
                0x1000011c                isr_irq47
                0x1000011c                isr_irq51
                0x1000011c                isr_irq7
                0x1000011c                isr_irq21
                0x1000011c                isr_irq39
                0x1000011c                isr_irq20
                0x1000011c                isr_irq15
                0x1000011c                isr_irq25
                0x1000011c                isr_irq34
                0x1000011c                isr_irq49
                0x1000011c                isr_irq4
                0x1000011c                isr_irq16
                0x1000011c                isr_irq44
                0x1000011c                isr_irq29
                0x1000011c                isr_irq26
                0x1000011c                __default_isrs_end
                0x1000011c                isr_irq33
                0x1000011c                isr_irq3
                0x1000011c                isr_irq9
                0x10000122                unhandled_user_irq_num_in_r0
 *(.binary_info_header)
 .binary_info_header
                0x10000124       0x14 CMakeFiles/tp1.dir/C_/Users/Admin/.pico-sdk/sdk/2.1.1/src/rp2_common/pico_crt0/crt0.S.obj
                0x10000138                        __binary_info_header_end = .
 *(.embedded_block)
 .embedded_block
                0x10000138       0x14 CMakeFiles/tp1.dir/C_/Users/Admin/.pico-sdk/sdk/2.1.1/src/rp2_common/pico_crt0/crt0.S.obj
                0x1000014c                        __embedded_block_end = .
 *(.reset)
 .reset         0x1000014c       0xa0 CMakeFiles/tp1.dir/C_/Users/Admin/.pico-sdk/sdk/2.1.1/src/rp2_common/pico_crt0/crt0.S.obj
                0x1000014c                _entry_point
 *(.init)
 .init          0x100001ec        0x4 C:/Users/Admin/.pico-sdk/toolchain/14_2_Rel1/bin/../lib/gcc/arm-none-eabi/14.2.1/thumb/v8-m.main+fp/softfp/crti.o
                0x100001ec                _init
 SORT_BY_NAME(REVERSE(*libgcc.a:cmse_nonsecure_call.o))()
 *(EXCLUDE_FILE(*libm.a: *libc.a:*lib_a-mem*.o *libgcc.a:) .text*)
 .text.register_tm_clones
                0x100001f0       0x28 C:/Users/Admin/.pico-sdk/toolchain/14_2_Rel1/bin/../lib/gcc/arm-none-eabi/14.2.1/thumb/v8-m.main+fp/softfp/crtbegin.o
 .text.frame_dummy
                0x10000218       0x24 C:/Users/Admin/.pico-sdk/toolchain/14_2_Rel1/bin/../lib/gcc/arm-none-eabi/14.2.1/thumb/v8-m.main+fp/softfp/crtbegin.o
 .text.task_init
                0x1000023c       0x10 CMakeFiles/tp1.dir/tp1.c.obj
                0x1000023c                task_init
 .text.task_blinky_on
                0x1000024c       0x2c CMakeFiles/tp1.dir/tp1.c.obj
                0x1000024c                task_blinky_on
 .text.task_blinky_off
                0x10000278       0x2c CMakeFiles/tp1.dir/tp1.c.obj
                0x10000278                task_blinky_off
 .text.startup.main
                0x100002a4       0x68 CMakeFiles/tp1.dir/tp1.c.obj
                0x100002a4                main
 .text.gpio_set_function
                0x1000030c       0x3c CMakeFiles/tp1.dir/C_/Users/Admin/.pico-sdk/sdk/2.1.1/src/rp2_common/hardware_gpio/gpio.c.obj
                0x1000030c                gpio_set_function
 .text.gpio_set_pulls
                0x10000348       0x28 CMakeFiles/tp1.dir/C_/Users/Admin/.pico-sdk/sdk/2.1.1/src/rp2_common/hardware_gpio/gpio.c.obj
                0x10000348                gpio_set_pulls
 .text.gpio_set_input_hysteresis_enabled
                0x10000370       0x20 CMakeFiles/tp1.dir/C_/Users/Admin/.pico-sdk/sdk/2.1.1/src/rp2_common/hardware_gpio/gpio.c.obj
                0x10000370                gpio_set_input_hysteresis_enabled
 .text.gpio_set_irq_enabled
                0x10000390       0x48 CMakeFiles/tp1.dir/C_/Users/Admin/.pico-sdk/sdk/2.1.1/src/rp2_common/hardware_gpio/gpio.c.obj
                0x10000390                gpio_set_irq_enabled
 .text.gpio_add_raw_irq_handler_with_order_priority_masked
                0x100003d8       0x44 CMakeFiles/tp1.dir/C_/Users/Admin/.pico-sdk/sdk/2.1.1/src/rp2_common/hardware_gpio/gpio.c.obj
                0x100003d8                gpio_add_raw_irq_handler_with_order_priority_masked
 .text.gpio_remove_raw_irq_handler_masked
                0x1000041c       0x24 CMakeFiles/tp1.dir/C_/Users/Admin/.pico-sdk/sdk/2.1.1/src/rp2_common/hardware_gpio/gpio.c.obj
                0x1000041c                gpio_remove_raw_irq_handler_masked
 .text.gpio_init
                0x10000440       0x48 CMakeFiles/tp1.dir/C_/Users/Admin/.pico-sdk/sdk/2.1.1/src/rp2_common/hardware_gpio/gpio.c.obj
                0x10000440                gpio_init
 .text.panic    0x10000488       0x30 CMakeFiles/tp1.dir/C_/Users/Admin/.pico-sdk/sdk/2.1.1/src/rp2_common/pico_platform_panic/panic.c.obj
                0x10000488                panic
 .text.hw_claim_lock
                0x100004b8       0x24 CMakeFiles/tp1.dir/C_/Users/Admin/.pico-sdk/sdk/2.1.1/src/common/hardware_claim/claim.c.obj
                0x100004b8                hw_claim_lock
 .text.hw_claim_unlock
                0x100004dc       0x14 CMakeFiles/tp1.dir/C_/Users/Admin/.pico-sdk/sdk/2.1.1/src/common/hardware_claim/claim.c.obj
                0x100004dc                hw_claim_unlock
 .text.hw_claim_or_assert
                0x100004f0       0x58 CMakeFiles/tp1.dir/C_/Users/Admin/.pico-sdk/sdk/2.1.1/src/common/hardware_claim/claim.c.obj
                0x100004f0                hw_claim_or_assert
 .text.hw_claim_unused_from_range
                0x10000548       0x80 CMakeFiles/tp1.dir/C_/Users/Admin/.pico-sdk/sdk/2.1.1/src/common/hardware_claim/claim.c.obj
                0x10000548                hw_claim_unused_from_range
 .text.hw_claim_clear
                0x100005c8       0x50 CMakeFiles/tp1.dir/C_/Users/Admin/.pico-sdk/sdk/2.1.1/src/common/hardware_claim/claim.c.obj
                0x100005c8                hw_claim_clear
 .text.next_striped_spin_lock_num
                0x10000618       0x18 CMakeFiles/tp1.dir/C_/Users/Admin/.pico-sdk/sdk/2.1.1/src/rp2_common/hardware_sync/sync.c.obj
                0x10000618                next_striped_spin_lock_num
 .text.spinlock_set_extexclall
                0x10000630       0x10 CMakeFiles/tp1.dir/C_/Users/Admin/.pico-sdk/sdk/2.1.1/src/rp2_common/hardware_sync_spin_lock/sync_spin_lock.c.obj
 .text.spin_locks_reset
                0x10000640       0x18 CMakeFiles/tp1.dir/C_/Users/Admin/.pico-sdk/sdk/2.1.1/src/rp2_common/hardware_sync_spin_lock/sync_spin_lock.c.obj
                0x10000640                spin_locks_reset
 .text.runtime_init_per_core_irq_priorities
                0x10000658       0x40 CMakeFiles/tp1.dir/C_/Users/Admin/.pico-sdk/sdk/2.1.1/src/rp2_common/hardware_irq/irq.c.obj
                0x10000658                runtime_init_per_core_irq_priorities
 .text.irq_set_enabled
                0x10000698       0x2c CMakeFiles/tp1.dir/C_/Users/Admin/.pico-sdk/sdk/2.1.1/src/rp2_common/hardware_irq/irq.c.obj
                0x10000698                irq_set_enabled
 .text.irq_set_pending
                0x100006c4       0x18 CMakeFiles/tp1.dir/C_/Users/Admin/.pico-sdk/sdk/2.1.1/src/rp2_common/hardware_irq/irq.c.obj
                0x100006c4                irq_set_pending
 .text.irq_set_exclusive_handler
                0x100006dc       0x60 CMakeFiles/tp1.dir/C_/Users/Admin/.pico-sdk/sdk/2.1.1/src/rp2_common/hardware_irq/irq.c.obj
                0x100006dc                irq_set_exclusive_handler
 .text.irq_add_shared_handler
                0x1000073c      0x1e8 CMakeFiles/tp1.dir/C_/Users/Admin/.pico-sdk/sdk/2.1.1/src/rp2_common/hardware_irq/irq.c.obj
                0x1000073c                irq_add_shared_handler
 .text.irq_remove_handler
                0x10000924      0x1f4 CMakeFiles/tp1.dir/C_/Users/Admin/.pico-sdk/sdk/2.1.1/src/rp2_common/hardware_irq/irq.c.obj
                0x10000924                irq_remove_handler
 .text.irq_set_priority
                0x10000b18       0x28 CMakeFiles/tp1.dir/C_/Users/Admin/.pico-sdk/sdk/2.1.1/src/rp2_common/hardware_irq/irq.c.obj
                0x10000b18                irq_set_priority
 .text.irq_add_tail_to_free_list
                0x10000b40       0xbc CMakeFiles/tp1.dir/C_/Users/Admin/.pico-sdk/sdk/2.1.1/src/rp2_common/hardware_irq/irq.c.obj
                0x10000b40                irq_add_tail_to_free_list
 .text.user_irq_unclaim
                0x10000bfc       0x10 CMakeFiles/tp1.dir/C_/Users/Admin/.pico-sdk/sdk/2.1.1/src/rp2_common/hardware_irq/irq.c.obj
                0x10000bfc                user_irq_unclaim
 .text.user_irq_claim_unused
                0x10000c0c       0x28 CMakeFiles/tp1.dir/C_/Users/Admin/.pico-sdk/sdk/2.1.1/src/rp2_common/hardware_irq/irq.c.obj
                0x10000c0c                user_irq_claim_unused
 .text.sem_init
                0x10000c34       0x20 CMakeFiles/tp1.dir/C_/Users/Admin/.pico-sdk/sdk/2.1.1/src/common/pico_sync/sem.c.obj
                0x10000c34                sem_init
 .text.lock_init
                0x10000c54        0xc CMakeFiles/tp1.dir/C_/Users/Admin/.pico-sdk/sdk/2.1.1/src/common/pico_sync/lock_core.c.obj
                0x10000c54                lock_init
 .text.runtime_init_mutex
                0x10000c60       0x4c CMakeFiles/tp1.dir/C_/Users/Admin/.pico-sdk/sdk/2.1.1/src/common/pico_sync/mutex.c.obj
                0x10000c60                runtime_init_mutex
 .text.recursive_mutex_init
                0x10000cac       0x1c CMakeFiles/tp1.dir/C_/Users/Admin/.pico-sdk/sdk/2.1.1/src/common/pico_sync/mutex.c.obj
                0x10000cac                recursive_mutex_init
 .text.sleep_until_callback
                0x10000cc8       0x3c CMakeFiles/tp1.dir/C_/Users/Admin/.pico-sdk/sdk/2.1.1/src/common/pico_time/time.c.obj
 *fill*         0x10000d04        0x4 
 .text.alarm_pool_irq_handler
                0x10000d08      0x2f0 CMakeFiles/tp1.dir/C_/Users/Admin/.pico-sdk/sdk/2.1.1/src/common/pico_time/time.c.obj
 .text.runtime_init_default_alarm_pool
                0x10000ff8      0x100 CMakeFiles/tp1.dir/C_/Users/Admin/.pico-sdk/sdk/2.1.1/src/common/pico_time/time.c.obj
                0x10000ff8                runtime_init_default_alarm_pool
 .text.alarm_pool_get_default
                0x100010f8        0x8 CMakeFiles/tp1.dir/C_/Users/Admin/.pico-sdk/sdk/2.1.1/src/common/pico_time/time.c.obj
                0x100010f8                alarm_pool_get_default
 .text.alarm_pool_add_alarm_at
                0x10001100       0xdc CMakeFiles/tp1.dir/C_/Users/Admin/.pico-sdk/sdk/2.1.1/src/common/pico_time/time.c.obj
                0x10001100                alarm_pool_add_alarm_at
 .text.alarm_pool_add_alarm_at_force_in_context
                0x100011dc       0xc8 CMakeFiles/tp1.dir/C_/Users/Admin/.pico-sdk/sdk/2.1.1/src/common/pico_time/time.c.obj
                0x100011dc                alarm_pool_add_alarm_at_force_in_context
 .text.alarm_pool_cancel_alarm
                0x100012a4       0x80 CMakeFiles/tp1.dir/C_/Users/Admin/.pico-sdk/sdk/2.1.1/src/common/pico_time/time.c.obj
                0x100012a4                alarm_pool_cancel_alarm
 .text.sleep_until
                0x10001324       0xbc CMakeFiles/tp1.dir/C_/Users/Admin/.pico-sdk/sdk/2.1.1/src/common/pico_time/time.c.obj
                0x10001324                sleep_until
 .text.sleep_ms
                0x100013e0       0xdc CMakeFiles/tp1.dir/C_/Users/Admin/.pico-sdk/sdk/2.1.1/src/common/pico_time/time.c.obj
                0x100013e0                sleep_ms
 .text.best_effort_wfe_or_timeout
                0x100014bc       0xd4 CMakeFiles/tp1.dir/C_/Users/Admin/.pico-sdk/sdk/2.1.1/src/common/pico_time/time.c.obj
                0x100014bc                best_effort_wfe_or_timeout
 .text.timer_hardware_alarm_claim
                0x10001590       0x24 CMakeFiles/tp1.dir/C_/Users/Admin/.pico-sdk/sdk/2.1.1/src/rp2_common/hardware_timer/timer.c.obj
                0x10001590                timer_hardware_alarm_claim
 .text.timer_time_us_64
                0x100015b4       0x10 CMakeFiles/tp1.dir/C_/Users/Admin/.pico-sdk/sdk/2.1.1/src/rp2_common/hardware_timer/timer.c.obj
                0x100015b4                timer_time_us_64
 .text.time_us_64
                0x100015c4       0x14 CMakeFiles/tp1.dir/C_/Users/Admin/.pico-sdk/sdk/2.1.1/src/rp2_common/hardware_timer/timer.c.obj
                0x100015c4                time_us_64
 .text.busy_wait_until
                0x100015d8       0x24 CMakeFiles/tp1.dir/C_/Users/Admin/.pico-sdk/sdk/2.1.1/src/rp2_common/hardware_timer/timer.c.obj
                0x100015d8                busy_wait_until
 .text.clock_configure_undivided
                0x100015fc       0xd0 CMakeFiles/tp1.dir/C_/Users/Admin/.pico-sdk/sdk/2.1.1/src/rp2_common/hardware_clocks/clocks.c.obj
                0x100015fc                clock_configure_undivided
 .text.clock_get_hz
                0x100016cc        0xc CMakeFiles/tp1.dir/C_/Users/Admin/.pico-sdk/sdk/2.1.1/src/rp2_common/hardware_clocks/clocks.c.obj
                0x100016cc                clock_get_hz
 .text.pll_init
                0x100016d8       0x8c CMakeFiles/tp1.dir/C_/Users/Admin/.pico-sdk/sdk/2.1.1/src/rp2_common/hardware_pll/pll.c.obj
                0x100016d8                pll_init
 .text.tick_start
                0x10001764       0x18 CMakeFiles/tp1.dir/C_/Users/Admin/.pico-sdk/sdk/2.1.1/src/rp2_common/hardware_ticks/ticks.c.obj
                0x10001764                tick_start
 .text.rom_func_lookup
                0x1000177c       0x18 CMakeFiles/tp1.dir/C_/Users/Admin/.pico-sdk/sdk/2.1.1/src/rp2_common/pico_bootrom/bootrom.c.obj
                0x1000177c                rom_func_lookup
 .text.runtime_init_bootrom_locking_enable
                0x10001794       0x14 CMakeFiles/tp1.dir/C_/Users/Admin/.pico-sdk/sdk/2.1.1/src/rp2_common/pico_bootrom/bootrom_lock.c.obj
                0x10001794                runtime_init_bootrom_locking_enable
 .text.runtime_init_boot_locks_reset
                0x100017a8       0x1c CMakeFiles/tp1.dir/C_/Users/Admin/.pico-sdk/sdk/2.1.1/src/rp2_common/hardware_boot_lock/boot_lock.c.obj
                0x100017a8                runtime_init_boot_locks_reset
 .text.xosc_init
                0x100017c4       0x30 CMakeFiles/tp1.dir/C_/Users/Admin/.pico-sdk/sdk/2.1.1/src/rp2_common/hardware_xosc/xosc.c.obj
                0x100017c4                xosc_init
 .text.first_per_core_initializer
                0x100017f4        0x4 CMakeFiles/tp1.dir/C_/Users/Admin/.pico-sdk/sdk/2.1.1/src/rp2_common/pico_runtime/runtime.c.obj
 .text.hard_assertion_failure
                0x100017f8        0xc CMakeFiles/tp1.dir/C_/Users/Admin/.pico-sdk/sdk/2.1.1/src/rp2_common/pico_runtime/runtime.c.obj
                0x100017f8                hard_assertion_failure
 .text.runtime_run_initializers
                0x10001804       0x20 CMakeFiles/tp1.dir/C_/Users/Admin/.pico-sdk/sdk/2.1.1/src/rp2_common/pico_runtime/runtime.c.obj
                0x10001804                runtime_run_initializers
 .text.runtime_init_early_resets
                0x10001824       0x34 CMakeFiles/tp1.dir/C_/Users/Admin/.pico-sdk/sdk/2.1.1/src/rp2_common/pico_runtime_init/runtime_init.c.obj
                0x10001824                runtime_init_early_resets
 .text.runtime_init_usb_power_down
                0x10001858       0x1c CMakeFiles/tp1.dir/C_/Users/Admin/.pico-sdk/sdk/2.1.1/src/rp2_common/pico_runtime_init/runtime_init.c.obj
                0x10001858                runtime_init_usb_power_down
 .text.runtime_init_per_core_enable_coprocessors
                0x10001874       0x1c CMakeFiles/tp1.dir/C_/Users/Admin/.pico-sdk/sdk/2.1.1/src/rp2_common/pico_runtime_init/runtime_init.c.obj
                0x10001874                runtime_init_per_core_enable_coprocessors
 .text.runtime_init_post_clock_resets
                0x10001890       0x20 CMakeFiles/tp1.dir/C_/Users/Admin/.pico-sdk/sdk/2.1.1/src/rp2_common/pico_runtime_init/runtime_init.c.obj
                0x10001890                runtime_init_post_clock_resets
 .text.runtime_init_bootrom_reset
                0x100018b0       0x14 CMakeFiles/tp1.dir/C_/Users/Admin/.pico-sdk/sdk/2.1.1/src/rp2_common/pico_runtime_init/runtime_init.c.obj
                0x100018b0                runtime_init_bootrom_reset
 .text.runtime_init_per_core_bootrom_reset
                0x100018c4       0x14 CMakeFiles/tp1.dir/C_/Users/Admin/.pico-sdk/sdk/2.1.1/src/rp2_common/pico_runtime_init/runtime_init.c.obj
                0x100018c4                runtime_init_per_core_bootrom_reset
 .text.runtime_init_spin_locks_reset
                0x100018d8        0x4 CMakeFiles/tp1.dir/C_/Users/Admin/.pico-sdk/sdk/2.1.1/src/rp2_common/pico_runtime_init/runtime_init.c.obj
                0x100018d8                runtime_init_spin_locks_reset
 .text.runtime_init_install_ram_vector_table
                0x100018dc       0x20 CMakeFiles/tp1.dir/C_/Users/Admin/.pico-sdk/sdk/2.1.1/src/rp2_common/pico_runtime_init/runtime_init.c.obj
                0x100018dc                runtime_init_install_ram_vector_table
 .text.runtime_init_clocks
                0x100018fc       0xdc CMakeFiles/tp1.dir/C_/Users/Admin/.pico-sdk/sdk/2.1.1/src/rp2_common/pico_runtime_init/runtime_init_clocks.c.obj
                0x100018fc                runtime_init_clocks
 .text.__rp2350_dcp_engaged_state_save_restore
                0x100019d8       0x3a CMakeFiles/tp1.dir/C_/Users/Admin/.pico-sdk/sdk/2.1.1/src/rp2_common/pico_double/double_aeabi_dcp.S.obj
 *fill*         0x10001a12        0x2 
 .text.__wrap___aeabi_dadd
                0x10001a14       0x28 CMakeFiles/tp1.dir/C_/Users/Admin/.pico-sdk/sdk/2.1.1/src/rp2_common/pico_double/double_aeabi_dcp.S.obj
                0x10001a1c                __wrap___aeabi_dadd
 .text.__wrap___aeabi_dsub
                0x10001a3c       0x28 CMakeFiles/tp1.dir/C_/Users/Admin/.pico-sdk/sdk/2.1.1/src/rp2_common/pico_double/double_aeabi_dcp.S.obj
                0x10001a44                __wrap___aeabi_dsub
 .text.__wrap___aeabi_dmul
                0x10001a64       0x4c CMakeFiles/tp1.dir/C_/Users/Admin/.pico-sdk/sdk/2.1.1/src/rp2_common/pico_double/double_aeabi_dcp.S.obj
                0x10001a6c                __wrap___aeabi_dmul
 .text.__wrap___aeabi_ddiv
                0x10001ab0       0x9c CMakeFiles/tp1.dir/C_/Users/Admin/.pico-sdk/sdk/2.1.1/src/rp2_common/pico_double/double_aeabi_dcp.S.obj
                0x10001ab8                __wrap___aeabi_ddiv
 .text.__wrap___aeabi_i2d
                0x10001b4c       0x24 CMakeFiles/tp1.dir/C_/Users/Admin/.pico-sdk/sdk/2.1.1/src/rp2_common/pico_double/double_aeabi_dcp.S.obj
                0x10001b54                int2double
                0x10001b54                __wrap___aeabi_i2d
 .text.__wrap___aeabi_ui2d
                0x10001b70       0x24 CMakeFiles/tp1.dir/C_/Users/Admin/.pico-sdk/sdk/2.1.1/src/rp2_common/pico_double/double_aeabi_dcp.S.obj
                0x10001b78                uint2double
                0x10001b78                __wrap___aeabi_ui2d
 .text.__wrap___aeabi_d2iz
                0x10001b94       0x24 CMakeFiles/tp1.dir/C_/Users/Admin/.pico-sdk/sdk/2.1.1/src/rp2_common/pico_double/double_aeabi_dcp.S.obj
                0x10001b9c                double2int_z
                0x10001b9c                __wrap___aeabi_d2iz
 .text.__wrap___aeabi_d2uiz
                0x10001bb8       0x24 CMakeFiles/tp1.dir/C_/Users/Admin/.pico-sdk/sdk/2.1.1/src/rp2_common/pico_double/double_aeabi_dcp.S.obj
                0x10001bc0                double2uint
                0x10001bc0                __wrap___aeabi_d2uiz
                0x10001bc0                double2uint_z
 .text.__wrap___aeabi_dcmpun
                0x10001bdc       0x24 CMakeFiles/tp1.dir/C_/Users/Admin/.pico-sdk/sdk/2.1.1/src/rp2_common/pico_double/double_aeabi_dcp.S.obj
                0x10001be4                __wrap___aeabi_dcmpun
 .text.__wrap___aeabi_dcmplt
                0x10001c00       0x28 CMakeFiles/tp1.dir/C_/Users/Admin/.pico-sdk/sdk/2.1.1/src/rp2_common/pico_double/double_aeabi_dcp.S.obj
                0x10001c08                __wrap___aeabi_dcmplt
 .text.__wrap___aeabi_dcmple
                0x10001c28       0x28 CMakeFiles/tp1.dir/C_/Users/Admin/.pico-sdk/sdk/2.1.1/src/rp2_common/pico_double/double_aeabi_dcp.S.obj
                0x10001c30                __wrap___aeabi_dcmple
 .text.__wrap___aeabi_dcmpge
                0x10001c50       0x28 CMakeFiles/tp1.dir/C_/Users/Admin/.pico-sdk/sdk/2.1.1/src/rp2_common/pico_double/double_aeabi_dcp.S.obj
                0x10001c58                __wrap___aeabi_dcmpge
 .text.__wrap___aeabi_dcmpgt
                0x10001c78       0x28 CMakeFiles/tp1.dir/C_/Users/Admin/.pico-sdk/sdk/2.1.1/src/rp2_common/pico_double/double_aeabi_dcp.S.obj
                0x10001c80                __wrap___aeabi_dcmpgt
 .text.__wrap_malloc
                0x10001ca0       0x24 CMakeFiles/tp1.dir/C_/Users/Admin/.pico-sdk/sdk/2.1.1/src/rp2_common/pico_malloc/malloc.c.obj
                0x10001ca0                __wrap_malloc
 .text.__wrap_free
                0x10001cc4        0x4 CMakeFiles/tp1.dir/C_/Users/Admin/.pico-sdk/sdk/2.1.1/src/rp2_common/pico_malloc/malloc.c.obj
                0x10001cc4                __wrap_free
 .text._out_null
                0x10001cc8        0x4 CMakeFiles/tp1.dir/C_/Users/Admin/.pico-sdk/sdk/2.1.1/src/rp2_common/pico_printf/printf.c.obj
 .text._out_rev
                0x10001ccc       0x9c CMakeFiles/tp1.dir/C_/Users/Admin/.pico-sdk/sdk/2.1.1/src/rp2_common/pico_printf/printf.c.obj
 .text._ntoa_format
                0x10001d68      0x1d4 CMakeFiles/tp1.dir/C_/Users/Admin/.pico-sdk/sdk/2.1.1/src/rp2_common/pico_printf/printf.c.obj
 .text._out_char
                0x10001f3c        0x8 CMakeFiles/tp1.dir/C_/Users/Admin/.pico-sdk/sdk/2.1.1/src/rp2_common/pico_printf/printf.c.obj
 .text._out_fct
                0x10001f44        0xc CMakeFiles/tp1.dir/C_/Users/Admin/.pico-sdk/sdk/2.1.1/src/rp2_common/pico_printf/printf.c.obj
 .text._ftoa    0x10001f50      0x4bc CMakeFiles/tp1.dir/C_/Users/Admin/.pico-sdk/sdk/2.1.1/src/rp2_common/pico_printf/printf.c.obj
 *fill*         0x1000240c        0x4 
 .text._etoa    0x10002410      0x574 CMakeFiles/tp1.dir/C_/Users/Admin/.pico-sdk/sdk/2.1.1/src/rp2_common/pico_printf/printf.c.obj
 .text._vsnprintf
                0x10002984      0x9e4 CMakeFiles/tp1.dir/C_/Users/Admin/.pico-sdk/sdk/2.1.1/src/rp2_common/pico_printf/printf.c.obj
 .text.vfctprintf
                0x10003368       0x28 CMakeFiles/tp1.dir/C_/Users/Admin/.pico-sdk/sdk/2.1.1/src/rp2_common/pico_printf/printf.c.obj
                0x10003368                vfctprintf
 .text.weak_raw_vprintf
                0x10003390       0x30 CMakeFiles/tp1.dir/C_/Users/Admin/.pico-sdk/sdk/2.1.1/src/rp2_common/pico_printf/printf.c.obj
                0x10003390                weak_raw_vprintf
 .text._exit    0x100033c0        0x4 CMakeFiles/tp1.dir/C_/Users/Admin/.pico-sdk/sdk/2.1.1/src/rp2_common/pico_clib_interface/newlib_interface.c.obj
                0x100033c0                _exit
 .text._sbrk    0x100033c4       0x2c CMakeFiles/tp1.dir/C_/Users/Admin/.pico-sdk/sdk/2.1.1/src/rp2_common/pico_clib_interface/newlib_interface.c.obj
                0x100033c4                _sbrk
 .text.exit     0x100033f0        0x8 CMakeFiles/tp1.dir/C_/Users/Admin/.pico-sdk/sdk/2.1.1/src/rp2_common/pico_clib_interface/newlib_interface.c.obj
                0x100033f0                exit
 .text.runtime_init
                0x100033f8       0x24 CMakeFiles/tp1.dir/C_/Users/Admin/.pico-sdk/sdk/2.1.1/src/rp2_common/pico_clib_interface/newlib_interface.c.obj
                0x100033f8                runtime_init
 .text.stdio_out_chars_no_crlf
                0x1000341c        0x8 CMakeFiles/tp1.dir/C_/Users/Admin/.pico-sdk/sdk/2.1.1/src/rp2_common/pico_stdio/stdio.c.obj
 .text.stdio_out_chars_crlf
                0x10003424       0xb0 CMakeFiles/tp1.dir/C_/Users/Admin/.pico-sdk/sdk/2.1.1/src/rp2_common/pico_stdio/stdio.c.obj
 .text.stdio_buffered_printer
                0x100034d4       0x60 CMakeFiles/tp1.dir/C_/Users/Admin/.pico-sdk/sdk/2.1.1/src/rp2_common/pico_stdio/stdio.c.obj
 .text.stdio_put_string
                0x10003534       0xec CMakeFiles/tp1.dir/C_/Users/Admin/.pico-sdk/sdk/2.1.1/src/rp2_common/pico_stdio/stdio.c.obj
                0x10003534                stdio_put_string
 .text.stdio_init_all
                0x10003620        0x4 CMakeFiles/tp1.dir/C_/Users/Admin/.pico-sdk/sdk/2.1.1/src/rp2_common/pico_stdio/stdio.c.obj
                0x10003620                stdio_init_all
 .text.__wrap_putchar
                0x10003624       0x84 CMakeFiles/tp1.dir/C_/Users/Admin/.pico-sdk/sdk/2.1.1/src/rp2_common/pico_stdio/stdio.c.obj
                0x10003624                __wrap_putchar
                0x10003624                stdio_putchar
 .text.__wrap_puts
                0x100036a8       0x3c CMakeFiles/tp1.dir/C_/Users/Admin/.pico-sdk/sdk/2.1.1/src/rp2_common/pico_stdio/stdio.c.obj
                0x100036a8                stdio_puts
                0x100036a8                __wrap_puts
 .text.__wrap_vprintf
                0x100036e4       0xc4 CMakeFiles/tp1.dir/C_/Users/Admin/.pico-sdk/sdk/2.1.1/src/rp2_common/pico_stdio/stdio.c.obj
                0x100036e4                stdio_vprintf
                0x100036e4                __wrap_vprintf
 .text.__wrap_printf
                0x100037a8       0x1c CMakeFiles/tp1.dir/C_/Users/Admin/.pico-sdk/sdk/2.1.1/src/rp2_common/pico_stdio/stdio.c.obj
                0x100037a8                __wrap_printf
                0x100037a8                stdio_printf
 .text.exception_set_exclusive_handler
                0x100037c4       0x4c CMakeFiles/tp1.dir/C_/Users/Admin/.pico-sdk/sdk/2.1.1/src/rp2_common/hardware_exception/exception.c.obj
                0x100037c4                exception_set_exclusive_handler
 .text.cyw43_arch_set_async_context
                0x10003810        0xc CMakeFiles/tp1.dir/C_/Users/Admin/.pico-sdk/sdk/2.1.1/src/rp2_common/pico_cyw43_arch/cyw43_arch.c.obj
                0x10003810                cyw43_arch_set_async_context
 .text.cyw43_arch_gpio_put
                0x1000381c       0x10 CMakeFiles/tp1.dir/C_/Users/Admin/.pico-sdk/sdk/2.1.1/src/rp2_common/pico_cyw43_arch/cyw43_arch.c.obj
                0x1000381c                cyw43_arch_gpio_put
 .text.cyw43_arch_async_context
                0x1000382c        0xc CMakeFiles/tp1.dir/C_/Users/Admin/.pico-sdk/sdk/2.1.1/src/rp2_common/pico_cyw43_arch/cyw43_arch.c.obj
                0x1000382c                cyw43_arch_async_context
 .text.cyw43_arch_init
                0x10003838       0x5c CMakeFiles/tp1.dir/C_/Users/Admin/.pico-sdk/sdk/2.1.1/src/rp2_common/pico_cyw43_arch/cyw43_arch_threadsafe_background.c.obj
                0x10003838                cyw43_arch_init
 .text.startup._retrieve_unique_id_on_boot
                0x10003894       0x30 CMakeFiles/tp1.dir/C_/Users/Admin/.pico-sdk/sdk/2.1.1/src/rp2_common/pico_unique_id/unique_id.c.obj
 .text.pico_get_unique_board_id
                0x100038c4       0x10 CMakeFiles/tp1.dir/C_/Users/Admin/.pico-sdk/sdk/2.1.1/src/rp2_common/pico_unique_id/unique_id.c.obj
                0x100038c4                pico_get_unique_board_id
 .text.ns_delay.constprop.0
                0x100038d4       0x24 CMakeFiles/tp1.dir/C_/Users/Admin/.pico-sdk/sdk/2.1.1/src/rp2_common/pico_cyw43_driver/cyw43_bus_pio_spi.c.obj
 .text.cyw43_spi_deinit
                0x100038f8       0x6c CMakeFiles/tp1.dir/C_/Users/Admin/.pico-sdk/sdk/2.1.1/src/rp2_common/pico_cyw43_driver/cyw43_bus_pio_spi.c.obj
                0x100038f8                cyw43_spi_deinit
 .text.cyw43_spi_init
                0x10003964      0x128 CMakeFiles/tp1.dir/C_/Users/Admin/.pico-sdk/sdk/2.1.1/src/rp2_common/pico_cyw43_driver/cyw43_bus_pio_spi.c.obj
                0x10003964                cyw43_spi_init
 .text.cyw43_spi_transfer
                0x10003a8c      0x39c CMakeFiles/tp1.dir/C_/Users/Admin/.pico-sdk/sdk/2.1.1/src/rp2_common/pico_cyw43_driver/cyw43_bus_pio_spi.c.obj
                0x10003a8c                cyw43_spi_transfer
 .text.cyw43_spi_gpio_setup
                0x10003e28       0x40 CMakeFiles/tp1.dir/C_/Users/Admin/.pico-sdk/sdk/2.1.1/src/rp2_common/pico_cyw43_driver/cyw43_bus_pio_spi.c.obj
                0x10003e28                cyw43_spi_gpio_setup
 .text.cyw43_spi_reset
                0x10003e68       0x30 CMakeFiles/tp1.dir/C_/Users/Admin/.pico-sdk/sdk/2.1.1/src/rp2_common/pico_cyw43_driver/cyw43_bus_pio_spi.c.obj
                0x10003e68                cyw43_spi_reset
 .text.read_reg_u32_swap
                0x10003e98       0x44 CMakeFiles/tp1.dir/C_/Users/Admin/.pico-sdk/sdk/2.1.1/src/rp2_common/pico_cyw43_driver/cyw43_bus_pio_spi.c.obj
                0x10003e98                read_reg_u32_swap
 .text.cyw43_read_reg_u32
                0x10003edc       0x54 CMakeFiles/tp1.dir/C_/Users/Admin/.pico-sdk/sdk/2.1.1/src/rp2_common/pico_cyw43_driver/cyw43_bus_pio_spi.c.obj
                0x10003edc                cyw43_read_reg_u32
 .text.cyw43_read_reg_u16
                0x10003f30       0x58 CMakeFiles/tp1.dir/C_/Users/Admin/.pico-sdk/sdk/2.1.1/src/rp2_common/pico_cyw43_driver/cyw43_bus_pio_spi.c.obj
                0x10003f30                cyw43_read_reg_u16
 .text.cyw43_read_reg_u8
                0x10003f88       0x58 CMakeFiles/tp1.dir/C_/Users/Admin/.pico-sdk/sdk/2.1.1/src/rp2_common/pico_cyw43_driver/cyw43_bus_pio_spi.c.obj
                0x10003f88                cyw43_read_reg_u8
 .text.write_reg_u32_swap
                0x10003fe0      0x1cc CMakeFiles/tp1.dir/C_/Users/Admin/.pico-sdk/sdk/2.1.1/src/rp2_common/pico_cyw43_driver/cyw43_bus_pio_spi.c.obj
                0x10003fe0                write_reg_u32_swap
 .text.cyw43_write_reg_u32
                0x100041ac      0x1e0 CMakeFiles/tp1.dir/C_/Users/Admin/.pico-sdk/sdk/2.1.1/src/rp2_common/pico_cyw43_driver/cyw43_bus_pio_spi.c.obj
                0x100041ac                cyw43_write_reg_u32
 .text.cyw43_write_reg_u16
                0x1000438c      0x1e0 CMakeFiles/tp1.dir/C_/Users/Admin/.pico-sdk/sdk/2.1.1/src/rp2_common/pico_cyw43_driver/cyw43_bus_pio_spi.c.obj
                0x1000438c                cyw43_write_reg_u16
 .text.cyw43_write_reg_u8
                0x1000456c      0x1e0 CMakeFiles/tp1.dir/C_/Users/Admin/.pico-sdk/sdk/2.1.1/src/rp2_common/pico_cyw43_driver/cyw43_bus_pio_spi.c.obj
                0x1000456c                cyw43_write_reg_u8
 .text.cyw43_read_bytes
                0x1000474c       0x84 CMakeFiles/tp1.dir/C_/Users/Admin/.pico-sdk/sdk/2.1.1/src/rp2_common/pico_cyw43_driver/cyw43_bus_pio_spi.c.obj
                0x1000474c                cyw43_read_bytes
 .text.cyw43_write_bytes
                0x100047d0       0xcc CMakeFiles/tp1.dir/C_/Users/Admin/.pico-sdk/sdk/2.1.1/src/rp2_common/pico_cyw43_driver/cyw43_bus_pio_spi.c.obj
                0x100047d0                cyw43_write_bytes
 .text.cyw43_set_backplane_window
                0x1000489c       0x70 CMakeFiles/tp1.dir/C_/Users/Admin/.pico-sdk/sdk/2.1.1/lib/cyw43-driver/src/cyw43_ll.c.obj
 .text.cyw43_ll_parse_async_event
                0x1000490c      0x114 CMakeFiles/tp1.dir/C_/Users/Admin/.pico-sdk/sdk/2.1.1/lib/cyw43-driver/src/cyw43_ll.c.obj
 .text.cyw43_kso_set
                0x10004a20       0x78 CMakeFiles/tp1.dir/C_/Users/Admin/.pico-sdk/sdk/2.1.1/lib/cyw43-driver/src/cyw43_ll.c.obj
 .text.cyw43_ll_sdpcm_poll_device
                0x10004a98      0x230 CMakeFiles/tp1.dir/C_/Users/Admin/.pico-sdk/sdk/2.1.1/lib/cyw43-driver/src/cyw43_ll.c.obj
 .text.cyw43_sdpcm_send_common
                0x10004cc8       0xe8 CMakeFiles/tp1.dir/C_/Users/Admin/.pico-sdk/sdk/2.1.1/lib/cyw43-driver/src/cyw43_ll.c.obj
 .text.cyw43_do_ioctl.part.0
                0x10004db0       0xb8 CMakeFiles/tp1.dir/C_/Users/Admin/.pico-sdk/sdk/2.1.1/lib/cyw43-driver/src/cyw43_ll.c.obj
 .text.cyw43_write_iovar_u32.constprop.0
                0x10004e68       0x74 CMakeFiles/tp1.dir/C_/Users/Admin/.pico-sdk/sdk/2.1.1/lib/cyw43-driver/src/cyw43_ll.c.obj
 .text.cyw43_write_iovar_n
                0x10004edc       0x80 CMakeFiles/tp1.dir/C_/Users/Admin/.pico-sdk/sdk/2.1.1/lib/cyw43-driver/src/cyw43_ll.c.obj
 .text.cyw43_read_backplane.constprop.0
                0x10004f5c       0xe4 CMakeFiles/tp1.dir/C_/Users/Admin/.pico-sdk/sdk/2.1.1/lib/cyw43-driver/src/cyw43_ll.c.obj
 .text.cyw43_write_backplane
                0x10005040       0xf8 CMakeFiles/tp1.dir/C_/Users/Admin/.pico-sdk/sdk/2.1.1/lib/cyw43-driver/src/cyw43_ll.c.obj
 .text.reset_device_core.constprop.0
                0x10005138      0x3ac CMakeFiles/tp1.dir/C_/Users/Admin/.pico-sdk/sdk/2.1.1/lib/cyw43-driver/src/cyw43_ll.c.obj
 .text.cyw43_ll_init
                0x100054e4       0x18 CMakeFiles/tp1.dir/C_/Users/Admin/.pico-sdk/sdk/2.1.1/lib/cyw43-driver/src/cyw43_ll.c.obj
                0x100054e4                cyw43_ll_init
 .text.cyw43_ll_deinit
                0x100054fc        0x4 CMakeFiles/tp1.dir/C_/Users/Admin/.pico-sdk/sdk/2.1.1/lib/cyw43-driver/src/cyw43_ll.c.obj
                0x100054fc                cyw43_ll_deinit
 .text.cyw43_ll_process_packets
                0x10005500       0x44 CMakeFiles/tp1.dir/C_/Users/Admin/.pico-sdk/sdk/2.1.1/lib/cyw43-driver/src/cyw43_ll.c.obj
                0x10005500                cyw43_ll_process_packets
 .text.cyw43_ll_ioctl
                0x10005544       0x78 CMakeFiles/tp1.dir/C_/Users/Admin/.pico-sdk/sdk/2.1.1/lib/cyw43-driver/src/cyw43_ll.c.obj
                0x10005544                cyw43_ll_ioctl
 .text.cyw43_ll_bus_sleep
                0x100055bc       0x30 CMakeFiles/tp1.dir/C_/Users/Admin/.pico-sdk/sdk/2.1.1/lib/cyw43-driver/src/cyw43_ll.c.obj
                0x100055bc                cyw43_ll_bus_sleep
 .text.cyw43_ll_wifi_get_mac
                0x100055ec       0x84 CMakeFiles/tp1.dir/C_/Users/Admin/.pico-sdk/sdk/2.1.1/lib/cyw43-driver/src/cyw43_ll.c.obj
                0x100055ec                cyw43_ll_wifi_get_mac
 .text.cyw43_ll_bus_init
                0x10005670      0x840 CMakeFiles/tp1.dir/C_/Users/Admin/.pico-sdk/sdk/2.1.1/lib/cyw43-driver/src/cyw43_ll.c.obj
                0x10005670                cyw43_ll_bus_init
 .text.cyw43_ll_wifi_set_wpa_auth
                0x10005eb0       0x48 CMakeFiles/tp1.dir/C_/Users/Admin/.pico-sdk/sdk/2.1.1/lib/cyw43-driver/src/cyw43_ll.c.obj
                0x10005eb0                cyw43_ll_wifi_set_wpa_auth
 .text.cyw43_ll_wifi_rejoin
                0x10005ef8       0x74 CMakeFiles/tp1.dir/C_/Users/Admin/.pico-sdk/sdk/2.1.1/lib/cyw43-driver/src/cyw43_ll.c.obj
                0x10005ef8                cyw43_ll_wifi_rejoin
 .text.cyw43_ll_gpio_set
                0x10005f6c       0x9c CMakeFiles/tp1.dir/C_/Users/Admin/.pico-sdk/sdk/2.1.1/lib/cyw43-driver/src/cyw43_ll.c.obj
                0x10005f6c                cyw43_ll_gpio_set
 .text.cyw43_ll_has_work
                0x10006008       0x14 CMakeFiles/tp1.dir/C_/Users/Admin/.pico-sdk/sdk/2.1.1/lib/cyw43-driver/src/cyw43_ll.c.obj
                0x10006008                cyw43_ll_has_work
 .text.cyw43_poll_func
                0x1000601c       0xb8 CMakeFiles/tp1.dir/C_/Users/Admin/.pico-sdk/sdk/2.1.1/lib/cyw43-driver/src/cyw43_ctrl.c.obj
 .text.cyw43_init
                0x100060d4       0x5c CMakeFiles/tp1.dir/C_/Users/Admin/.pico-sdk/sdk/2.1.1/lib/cyw43-driver/src/cyw43_ctrl.c.obj
                0x100060d4                cyw43_init
 .text.cyw43_deinit
                0x10006130       0x80 CMakeFiles/tp1.dir/C_/Users/Admin/.pico-sdk/sdk/2.1.1/lib/cyw43-driver/src/cyw43_ctrl.c.obj
                0x10006130                cyw43_deinit
 .text.cyw43_cb_read_host_interrupt_pin
                0x100061b0        0xc CMakeFiles/tp1.dir/C_/Users/Admin/.pico-sdk/sdk/2.1.1/lib/cyw43-driver/src/cyw43_ctrl.c.obj
                0x100061b0                cyw43_cb_read_host_interrupt_pin
 .text.cyw43_cb_ensure_awake
                0x100061bc        0xc CMakeFiles/tp1.dir/C_/Users/Admin/.pico-sdk/sdk/2.1.1/lib/cyw43-driver/src/cyw43_ctrl.c.obj
                0x100061bc                cyw43_cb_ensure_awake
 .text.cyw43_cb_process_async_event
                0x100061c8      0x23c CMakeFiles/tp1.dir/C_/Users/Admin/.pico-sdk/sdk/2.1.1/lib/cyw43-driver/src/cyw43_ctrl.c.obj
                0x100061c8                cyw43_cb_process_async_event
 .text.cyw43_gpio_set
                0x10006404       0x98 CMakeFiles/tp1.dir/C_/Users/Admin/.pico-sdk/sdk/2.1.1/lib/cyw43-driver/src/cyw43_ctrl.c.obj
                0x10006404                cyw43_gpio_set
 .text.pio_sm_set_pindirs_with_mask64
                0x1000649c       0x68 CMakeFiles/tp1.dir/C_/Users/Admin/.pico-sdk/sdk/2.1.1/src/rp2_common/hardware_pio/pio.c.obj
                0x1000649c                pio_sm_set_pindirs_with_mask64
 .text.pio_sm_set_consecutive_pindirs
                0x10006504       0x8c CMakeFiles/tp1.dir/C_/Users/Admin/.pico-sdk/sdk/2.1.1/src/rp2_common/hardware_pio/pio.c.obj
                0x10006504                pio_sm_set_consecutive_pindirs
 .text.pio_claim_free_sm_and_add_program_for_gpio_range
                0x10006590      0x170 CMakeFiles/tp1.dir/C_/Users/Admin/.pico-sdk/sdk/2.1.1/src/rp2_common/hardware_pio/pio.c.obj
                0x10006590                pio_claim_free_sm_and_add_program_for_gpio_range
 .text.pio_remove_program_and_unclaim_sm
                0x10006700       0x4c CMakeFiles/tp1.dir/C_/Users/Admin/.pico-sdk/sdk/2.1.1/src/rp2_common/hardware_pio/pio.c.obj
                0x10006700                pio_remove_program_and_unclaim_sm
 .text.dma_channel_unclaim
                0x1000674c        0xc CMakeFiles/tp1.dir/C_/Users/Admin/.pico-sdk/sdk/2.1.1/src/rp2_common/hardware_dma/dma.c.obj
                0x1000674c                dma_channel_unclaim
 .text.dma_claim_unused_channel
                0x10006758       0x20 CMakeFiles/tp1.dir/C_/Users/Admin/.pico-sdk/sdk/2.1.1/src/rp2_common/hardware_dma/dma.c.obj
                0x10006758                dma_claim_unused_channel
 .text.dma_channel_cleanup
                0x10006778       0x50 CMakeFiles/tp1.dir/C_/Users/Admin/.pico-sdk/sdk/2.1.1/src/rp2_common/hardware_dma/dma.c.obj
                0x10006778                dma_channel_cleanup
 .text.cyw43_sleep_timeout_reached
                0x100067c8        0xc CMakeFiles/tp1.dir/C_/Users/Admin/.pico-sdk/sdk/2.1.1/src/rp2_common/pico_cyw43_driver/cyw43_driver.c.obj
 .text.cyw43_irq_init
                0x100067d4       0x28 CMakeFiles/tp1.dir/C_/Users/Admin/.pico-sdk/sdk/2.1.1/src/rp2_common/pico_cyw43_driver/cyw43_driver.c.obj
                0x100067d4                cyw43_irq_init
 .text.cyw43_irq_deinit
                0x100067fc       0x20 CMakeFiles/tp1.dir/C_/Users/Admin/.pico-sdk/sdk/2.1.1/src/rp2_common/pico_cyw43_driver/cyw43_driver.c.obj
                0x100067fc                cyw43_irq_deinit
 .text.cyw43_gpio_irq_handler
                0x1000681c       0x48 CMakeFiles/tp1.dir/C_/Users/Admin/.pico-sdk/sdk/2.1.1/src/rp2_common/pico_cyw43_driver/cyw43_driver.c.obj
 .text.cyw43_do_poll
                0x10006864       0x70 CMakeFiles/tp1.dir/C_/Users/Admin/.pico-sdk/sdk/2.1.1/src/rp2_common/pico_cyw43_driver/cyw43_driver.c.obj
 .text.cyw43_post_poll_hook
                0x100068d4        0xc CMakeFiles/tp1.dir/C_/Users/Admin/.pico-sdk/sdk/2.1.1/src/rp2_common/pico_cyw43_driver/cyw43_driver.c.obj
                0x100068d4                cyw43_post_poll_hook
 .text.cyw43_schedule_internal_poll_dispatch
                0x100068e0       0x14 CMakeFiles/tp1.dir/C_/Users/Admin/.pico-sdk/sdk/2.1.1/src/rp2_common/pico_cyw43_driver/cyw43_driver.c.obj
                0x100068e0                cyw43_schedule_internal_poll_dispatch
 .text.cyw43_driver_init
                0x100068f4       0x38 CMakeFiles/tp1.dir/C_/Users/Admin/.pico-sdk/sdk/2.1.1/src/rp2_common/pico_cyw43_driver/cyw43_driver.c.obj
                0x100068f4                cyw43_driver_init
 .text.cyw43_driver_deinit
                0x1000692c       0x44 CMakeFiles/tp1.dir/C_/Users/Admin/.pico-sdk/sdk/2.1.1/src/rp2_common/pico_cyw43_driver/cyw43_driver.c.obj
                0x1000692c                cyw43_driver_deinit
 .text.cyw43_hal_generate_laa_mac
                0x10006970       0x28 CMakeFiles/tp1.dir/C_/Users/Admin/.pico-sdk/sdk/2.1.1/src/rp2_common/pico_cyw43_driver/cyw43_driver.c.obj
                0x10006970                cyw43_hal_generate_laa_mac
 .text.cyw43_thread_enter
                0x10006998       0x10 CMakeFiles/tp1.dir/C_/Users/Admin/.pico-sdk/sdk/2.1.1/src/rp2_common/pico_cyw43_driver/cyw43_driver.c.obj
                0x10006998                cyw43_thread_enter
 .text.cyw43_thread_exit
                0x100069a8       0x10 CMakeFiles/tp1.dir/C_/Users/Admin/.pico-sdk/sdk/2.1.1/src/rp2_common/pico_cyw43_driver/cyw43_driver.c.obj
                0x100069a8                cyw43_thread_exit
 .text.cyw43_await_background_or_timeout_us
                0x100069b8       0x6c CMakeFiles/tp1.dir/C_/Users/Admin/.pico-sdk/sdk/2.1.1/src/rp2_common/pico_cyw43_driver/cyw43_driver.c.obj
                0x100069b8                cyw43_await_background_or_timeout_us
 .text.cyw43_delay_ms
                0x10006a24       0x40 CMakeFiles/tp1.dir/C_/Users/Admin/.pico-sdk/sdk/2.1.1/src/rp2_common/pico_cyw43_driver/cyw43_driver.c.obj
                0x10006a24                cyw43_delay_ms
 .text.cyw43_cb_tcpip_deinit
                0x10006a64        0x4 CMakeFiles/tp1.dir/C_/Users/Admin/.pico-sdk/sdk/2.1.1/src/rp2_common/pico_cyw43_driver/cyw43_driver.c.obj
                0x10006a64                cyw43_cb_tcpip_deinit
 .text.cyw43_cb_tcpip_set_link_up
                0x10006a68        0xc CMakeFiles/tp1.dir/C_/Users/Admin/.pico-sdk/sdk/2.1.1/src/rp2_common/pico_cyw43_driver/cyw43_driver.c.obj
                0x10006a68                cyw43_cb_tcpip_set_link_up
 .text.cyw43_cb_tcpip_set_link_down
                0x10006a74        0xc CMakeFiles/tp1.dir/C_/Users/Admin/.pico-sdk/sdk/2.1.1/src/rp2_common/pico_cyw43_driver/cyw43_driver.c.obj
                0x10006a74                cyw43_cb_tcpip_set_link_down
 .text.cyw43_cb_process_ethernet
                0x10006a80        0xc CMakeFiles/tp1.dir/C_/Users/Admin/.pico-sdk/sdk/2.1.1/src/rp2_common/pico_cyw43_driver/cyw43_driver.c.obj
                0x10006a80                cyw43_cb_process_ethernet
 .text.async_context_threadsafe_background_acquire_lock_blocking
                0x10006a8c        0x8 CMakeFiles/tp1.dir/C_/Users/Admin/.pico-sdk/sdk/2.1.1/src/rp2_common/pico_async_context/async_context_threadsafe_background.c.obj
 .text.alarm_handler
                0x10006a94       0x20 CMakeFiles/tp1.dir/C_/Users/Admin/.pico-sdk/sdk/2.1.1/src/rp2_common/pico_async_context/async_context_threadsafe_background.c.obj
 .text.async_context_threadsafe_background_set_work_pending
                0x10006ab4       0x1c CMakeFiles/tp1.dir/C_/Users/Admin/.pico-sdk/sdk/2.1.1/src/rp2_common/pico_async_context/async_context_threadsafe_background.c.obj
 .text.process_under_lock
                0x10006ad0       0xb0 CMakeFiles/tp1.dir/C_/Users/Admin/.pico-sdk/sdk/2.1.1/src/rp2_common/pico_async_context/async_context_threadsafe_background.c.obj
 .text.async_context_threadsafe_background_execute_sync
                0x10006b80       0x3c CMakeFiles/tp1.dir/C_/Users/Admin/.pico-sdk/sdk/2.1.1/src/rp2_common/pico_async_context/async_context_threadsafe_background.c.obj
                0x10006b80                async_context_threadsafe_background_execute_sync
 .text.async_context_threadsafe_background_deinit
                0x10006bbc       0x5c CMakeFiles/tp1.dir/C_/Users/Admin/.pico-sdk/sdk/2.1.1/src/rp2_common/pico_async_context/async_context_threadsafe_background.c.obj
 .text.low_priority_irq_handler
                0x10006c18       0x40 CMakeFiles/tp1.dir/C_/Users/Admin/.pico-sdk/sdk/2.1.1/src/rp2_common/pico_async_context/async_context_threadsafe_background.c.obj
 .text.async_context_threadsafe_background_wait_for_work_until
                0x10006c58        0x8 CMakeFiles/tp1.dir/C_/Users/Admin/.pico-sdk/sdk/2.1.1/src/rp2_common/pico_async_context/async_context_threadsafe_background.c.obj
 .text.async_context_threadsafe_background_wait_until
                0x10006c60       0x14 CMakeFiles/tp1.dir/C_/Users/Admin/.pico-sdk/sdk/2.1.1/src/rp2_common/pico_async_context/async_context_threadsafe_background.c.obj
 .text.async_context_threadsafe_background_lock_check
                0x10006c74       0x24 CMakeFiles/tp1.dir/C_/Users/Admin/.pico-sdk/sdk/2.1.1/src/rp2_common/pico_async_context/async_context_threadsafe_background.c.obj
 .text.async_context_threadsafe_background_release_lock
                0x10006c98       0x28 CMakeFiles/tp1.dir/C_/Users/Admin/.pico-sdk/sdk/2.1.1/src/rp2_common/pico_async_context/async_context_threadsafe_background.c.obj
 .text.async_context_threadsafe_background_when_pending_worker
                0x10006cc0       0x3c CMakeFiles/tp1.dir/C_/Users/Admin/.pico-sdk/sdk/2.1.1/src/rp2_common/pico_async_context/async_context_threadsafe_background.c.obj
 .text.async_context_threadsafe_background_add_when_pending_worker
                0x10006cfc       0x3c CMakeFiles/tp1.dir/C_/Users/Admin/.pico-sdk/sdk/2.1.1/src/rp2_common/pico_async_context/async_context_threadsafe_background.c.obj
 .text.async_context_threadsafe_background_remove_at_time_worker
                0x10006d38       0x3c CMakeFiles/tp1.dir/C_/Users/Admin/.pico-sdk/sdk/2.1.1/src/rp2_common/pico_async_context/async_context_threadsafe_background.c.obj
 .text.async_context_threadsafe_background_add_at_time_worker
                0x10006d74       0x3c CMakeFiles/tp1.dir/C_/Users/Admin/.pico-sdk/sdk/2.1.1/src/rp2_common/pico_async_context/async_context_threadsafe_background.c.obj
 .text.async_context_threadsafe_background_default_config
                0x10006db0        0xc CMakeFiles/tp1.dir/C_/Users/Admin/.pico-sdk/sdk/2.1.1/src/rp2_common/pico_async_context/async_context_threadsafe_background.c.obj
                0x10006db0                async_context_threadsafe_background_default_config
 .text.async_context_threadsafe_background_init
                0x10006dbc       0x8c CMakeFiles/tp1.dir/C_/Users/Admin/.pico-sdk/sdk/2.1.1/src/rp2_common/pico_async_context/async_context_threadsafe_background.c.obj
                0x10006dbc                async_context_threadsafe_background_init
 .text.async_context_base_add_at_time_worker
                0x10006e48       0x24 CMakeFiles/tp1.dir/C_/Users/Admin/.pico-sdk/sdk/2.1.1/src/rp2_common/pico_async_context/async_context_base.c.obj
                0x10006e48                async_context_base_add_at_time_worker
 .text.async_context_base_remove_at_time_worker
                0x10006e6c       0x20 CMakeFiles/tp1.dir/C_/Users/Admin/.pico-sdk/sdk/2.1.1/src/rp2_common/pico_async_context/async_context_base.c.obj
                0x10006e6c                async_context_base_remove_at_time_worker
 .text.async_context_base_add_when_pending_worker
                0x10006e8c       0x20 CMakeFiles/tp1.dir/C_/Users/Admin/.pico-sdk/sdk/2.1.1/src/rp2_common/pico_async_context/async_context_base.c.obj
                0x10006e8c                async_context_base_add_when_pending_worker
 .text.async_context_base_remove_when_pending_worker
                0x10006eac       0x20 CMakeFiles/tp1.dir/C_/Users/Admin/.pico-sdk/sdk/2.1.1/src/rp2_common/pico_async_context/async_context_base.c.obj
                0x10006eac                async_context_base_remove_when_pending_worker
 .text.async_context_base_execute_once
                0x10006ecc       0xd8 CMakeFiles/tp1.dir/C_/Users/Admin/.pico-sdk/sdk/2.1.1/src/rp2_common/pico_async_context/async_context_base.c.obj
                0x10006ecc                async_context_base_execute_once
 .text.prvAddNewTaskToReadyList
                0x10006fa4      0x118 freertos/libfreertos.a(tasks.c.obj)
 .text.prvIdleTask
                0x100070bc       0x5c freertos/libfreertos.a(tasks.c.obj)
 .text.xTaskIncrementTick.part.0
                0x10007118      0x15c freertos/libfreertos.a(tasks.c.obj)
 .text.xTaskCreate
                0x10007274      0x104 freertos/libfreertos.a(tasks.c.obj)
                0x10007274                xTaskCreate
 .text.vTaskDelete
                0x10007378       0xbc freertos/libfreertos.a(tasks.c.obj)
                0x10007378                vTaskDelete
 .text.vTaskSuspend
                0x10007434      0x15c freertos/libfreertos.a(tasks.c.obj)
                0x10007434                vTaskSuspend
 .text.vTaskResume
                0x10007590       0xa4 freertos/libfreertos.a(tasks.c.obj)
                0x10007590                vTaskResume
 .text.vTaskStartScheduler
                0x10007634       0xc0 freertos/libfreertos.a(tasks.c.obj)
                0x10007634                vTaskStartScheduler
 .text.vTaskSuspendAll
                0x100076f4       0x10 freertos/libfreertos.a(tasks.c.obj)
                0x100076f4                vTaskSuspendAll
 .text.xTaskResumeAll
                0x10007704      0x180 freertos/libfreertos.a(tasks.c.obj)
                0x10007704                xTaskResumeAll
 .text.vTaskDelay
                0x10007884       0x84 freertos/libfreertos.a(tasks.c.obj)
                0x10007884                vTaskDelay
 .text.xTaskGetTickCount
                0x10007908        0xc freertos/libfreertos.a(tasks.c.obj)
                0x10007908                xTaskGetTickCount
 .text.xTaskIncrementTick
                0x10007914       0x20 freertos/libfreertos.a(tasks.c.obj)
                0x10007914                xTaskIncrementTick
 .text.vTaskSwitchContext
                0x10007934       0xa4 freertos/libfreertos.a(tasks.c.obj)
                0x10007934                vTaskSwitchContext
 .text.vTaskPlaceOnEventList
                0x100079d8       0x98 freertos/libfreertos.a(tasks.c.obj)
                0x100079d8                vTaskPlaceOnEventList
 .text.vTaskPlaceOnEventListRestricted
                0x10007a70       0xcc freertos/libfreertos.a(tasks.c.obj)
                0x10007a70                vTaskPlaceOnEventListRestricted
 .text.xTaskRemoveFromEventList
                0x10007b3c       0xd0 freertos/libfreertos.a(tasks.c.obj)
                0x10007b3c                xTaskRemoveFromEventList
 .text.vTaskInternalSetTimeOutState
                0x10007c0c       0x18 freertos/libfreertos.a(tasks.c.obj)
                0x10007c0c                vTaskInternalSetTimeOutState
 .text.xTaskCheckForTimeOut
                0x10007c24       0x60 freertos/libfreertos.a(tasks.c.obj)
                0x10007c24                xTaskCheckForTimeOut
 .text.vTaskMissedYield
                0x10007c84        0xc freertos/libfreertos.a(tasks.c.obj)
                0x10007c84                vTaskMissedYield
 .text.prvTimerTask
                0x10007c90      0x350 freertos/libfreertos.a(timers.c.obj)
 .text.xTimerCreateTimerTask
                0x10007fe0       0x84 freertos/libfreertos.a(timers.c.obj)
                0x10007fe0                xTimerCreateTimerTask
 .text.pvPortMalloc
                0x10008064       0x18 freertos/libfreertos.a(heap_3.c.obj)
                0x10008064                pvPortMalloc
 .text.vPortFree
                0x1000807c       0x1c freertos/libfreertos.a(heap_3.c.obj)
                0x1000807c                vPortFree
 .text.prvTaskExitError
                0x10008098       0x18 freertos/libfreertos.a(port.c.obj)
 .text.isr_systick
                0x100080b0       0x24 freertos/libfreertos.a(port.c.obj)
                0x100080b0                isr_systick
 .text.vPortSetupTimerInterrupt
                0x100080d4       0x2c freertos/libfreertos.a(port.c.obj)
                0x100080d4                vPortSetupTimerInterrupt
 .text.vPortYield
                0x10008100       0x18 freertos/libfreertos.a(port.c.obj)
                0x10008100                vPortYield
 .text.vPortEnterCritical
                0x10008118       0x1c freertos/libfreertos.a(port.c.obj)
                0x10008118                vPortEnterCritical
 .text.vPortExitCritical
                0x10008134       0x18 freertos/libfreertos.a(port.c.obj)
                0x10008134                vPortExitCritical
 .text.vPortSVCHandler_C
                0x1000814c       0x2c freertos/libfreertos.a(port.c.obj)
                0x1000814c                vPortSVCHandler_C
 .text.pxPortInitialiseStack
                0x10008178       0x78 freertos/libfreertos.a(port.c.obj)
                0x10008178                pxPortInitialiseStack
 .text.xPortStartScheduler
                0x100081f0       0xdc freertos/libfreertos.a(port.c.obj)
                0x100081f0                xPortStartScheduler
 .text.startup.prvRuntimeInitializer
                0x100082cc       0x24 freertos/libfreertos.a(port.c.obj)
 .text.vRestoreContextOfFirstTask
                0x100082f0       0x2c freertos/libfreertos.a(portasm.c.obj)
                0x100082f0                vRestoreContextOfFirstTask
 .text.vStartFirstTask
                0x1000831c       0x10 freertos/libfreertos.a(portasm.c.obj)
                0x1000831c                vStartFirstTask
 .text.ulSetInterruptMask
                0x1000832c       0x18 freertos/libfreertos.a(portasm.c.obj)
                0x1000832c                ulSetInterruptMask
 .text.vClearInterruptMask
                0x10008344       0x10 freertos/libfreertos.a(portasm.c.obj)
                0x10008344                vClearInterruptMask
 .text.isr_pendsv
                0x10008354       0x80 freertos/libfreertos.a(portasm.c.obj)
                0x10008354                isr_pendsv
 .text.isr_svcall
                0x100083d4       0x18 freertos/libfreertos.a(portasm.c.obj)
                0x100083d4                isr_svcall
 .text.xEventGroupCreate
                0x100083ec       0x1c freertos/libfreertos.a(event_groups.c.obj)
                0x100083ec                xEventGroupCreate
 .text.vListInitialise
                0x10008408       0x18 freertos/libfreertos.a(list.c.obj)
                0x10008408                vListInitialise
 .text.vListInitialiseItem
                0x10008420        0x8 freertos/libfreertos.a(list.c.obj)
                0x10008420                vListInitialiseItem
 .text.vListInsertEnd
                0x10008428       0x1c freertos/libfreertos.a(list.c.obj)
                0x10008428                vListInsertEnd
 .text.vListInsert
                0x10008444       0x30 freertos/libfreertos.a(list.c.obj)
                0x10008444                vListInsert
 .text.uxListRemove
                0x10008474       0x28 freertos/libfreertos.a(list.c.obj)
                0x10008474                uxListRemove
 .text.xQueueGenericCreate
                0x1000849c       0x78 freertos/libfreertos.a(queue.c.obj)
                0x1000849c                xQueueGenericCreate
 .text.xQueueReceive
                0x10008514      0x288 freertos/libfreertos.a(queue.c.obj)
                0x10008514                xQueueReceive
 .text.vQueueAddToRegistry
                0x1000879c      0x180 freertos/libfreertos.a(queue.c.obj)
                0x1000879c                vQueueAddToRegistry
 .text.vQueueWaitForMessageRestricted
                0x1000891c       0xc8 freertos/libfreertos.a(queue.c.obj)
                0x1000891c                vQueueWaitForMessageRestricted
 .text.malloc   0x100089e4       0x10 C:/Users/Admin/.pico-sdk/toolchain/14_2_Rel1/bin/../lib/gcc/arm-none-eabi/14.2.1/thumb/v8-m.main+fp/softfp\libg.a(libc_a-malloc.o)
                0x100089e4                malloc
 .text.free     0x100089f4       0x10 C:/Users/Admin/.pico-sdk/toolchain/14_2_Rel1/bin/../lib/gcc/arm-none-eabi/14.2.1/thumb/v8-m.main+fp/softfp\libg.a(libc_a-malloc.o)
                0x100089f4                free
 .text._malloc_r
                0x10008a04      0x578 C:/Users/Admin/.pico-sdk/toolchain/14_2_Rel1/bin/../lib/gcc/arm-none-eabi/14.2.1/thumb/v8-m.main+fp/softfp\libg.a(libc_a-mallocr.o)
                0x10008a04                _malloc_r
 .text.__malloc_lock
                0x10008f7c        0xc C:/Users/Admin/.pico-sdk/toolchain/14_2_Rel1/bin/../lib/gcc/arm-none-eabi/14.2.1/thumb/v8-m.main+fp/softfp\libg.a(libc_a-mlock.o)
                0x10008f7c                __malloc_lock
 .text.__malloc_unlock
                0x10008f88        0xc C:/Users/Admin/.pico-sdk/toolchain/14_2_Rel1/bin/../lib/gcc/arm-none-eabi/14.2.1/thumb/v8-m.main+fp/softfp\libg.a(libc_a-mlock.o)
                0x10008f88                __malloc_unlock
 .text.memmove  0x10008f94       0xfc C:/Users/Admin/.pico-sdk/toolchain/14_2_Rel1/bin/../lib/gcc/arm-none-eabi/14.2.1/thumb/v8-m.main+fp/softfp\libg.a(libc_a-memmove.o)
                0x10008f94                memmove
 .text.memset   0x10009090       0x9c C:/Users/Admin/.pico-sdk/toolchain/14_2_Rel1/bin/../lib/gcc/arm-none-eabi/14.2.1/thumb/v8-m.main+fp/softfp\libg.a(libc_a-memset.o)
                0x10009090                memset
 .text.strncmp  0x1000912c       0x74 C:/Users/Admin/.pico-sdk/toolchain/14_2_Rel1/bin/../lib/gcc/arm-none-eabi/14.2.1/thumb/v8-m.main+fp/softfp\libg.a(libc_a-strncmp.o)
                0x1000912c                strncmp
 .text._sbrk_r  0x100091a0       0x24 C:/Users/Admin/.pico-sdk/toolchain/14_2_Rel1/bin/../lib/gcc/arm-none-eabi/14.2.1/thumb/v8-m.main+fp/softfp\libg.a(libc_a-sbrkr.o)
                0x100091a0                _sbrk_r
 .text.__errno  0x100091c4        0xc C:/Users/Admin/.pico-sdk/toolchain/14_2_Rel1/bin/../lib/gcc/arm-none-eabi/14.2.1/thumb/v8-m.main+fp/softfp\libg.a(libc_a-errno.o)
                0x100091c4                __errno
 .text.__retarget_lock_acquire_recursive
                0x100091d0        0x4 C:/Users/Admin/.pico-sdk/toolchain/14_2_Rel1/bin/../lib/gcc/arm-none-eabi/14.2.1/thumb/v8-m.main+fp/softfp\libg.a(libc_a-lock.o)
                0x100091d0                __retarget_lock_acquire_recursive
 .text.__retarget_lock_release_recursive
                0x100091d4        0x4 C:/Users/Admin/.pico-sdk/toolchain/14_2_Rel1/bin/../lib/gcc/arm-none-eabi/14.2.1/thumb/v8-m.main+fp/softfp\libg.a(libc_a-lock.o)
                0x100091d4                __retarget_lock_release_recursive
 .text.sysconf  0x100091d8       0x1c C:/Users/Admin/.pico-sdk/toolchain/14_2_Rel1/bin/../lib/gcc/arm-none-eabi/14.2.1/thumb/v8-m.main+fp/softfp\libg.a(libc_a-sysconf.o)
                0x100091d8                sysconf
 .text          0x100091f4       0xec C:/Users/Admin/.pico-sdk/toolchain/14_2_Rel1/bin/../lib/gcc/arm-none-eabi/14.2.1/thumb/v8-m.main+fp/softfp\libg.a(libc_a-memcpy.o)
                0x100091f4                memcpy
 .text.strlen   0x100092e0       0x5c C:/Users/Admin/.pico-sdk/toolchain/14_2_Rel1/bin/../lib/gcc/arm-none-eabi/14.2.1/thumb/v8-m.main+fp/softfp\libg.a(libc_a-strlen-stub.o)
                0x100092e0                strlen
 .text._malloc_trim_r
                0x1000933c       0xb8 C:/Users/Admin/.pico-sdk/toolchain/14_2_Rel1/bin/../lib/gcc/arm-none-eabi/14.2.1/thumb/v8-m.main+fp/softfp\libg.a(libc_a-freer.o)
                0x1000933c                _malloc_trim_r
 .text._free_r  0x100093f4      0x1e8 C:/Users/Admin/.pico-sdk/toolchain/14_2_Rel1/bin/../lib/gcc/arm-none-eabi/14.2.1/thumb/v8-m.main+fp/softfp\libg.a(libc_a-freer.o)
                0x100093f4                _free_r
 *(.fini)
 .fini          0x100095dc        0x4 C:/Users/Admin/.pico-sdk/toolchain/14_2_Rel1/bin/../lib/gcc/arm-none-eabi/14.2.1/thumb/v8-m.main+fp/softfp/crti.o
                0x100095dc                _fini
 .fini.__stub   0x100095e0       0x40 linker stubs
 *crtbegin.o(.ctors)
 *crtbegin?.o(.ctors)
 *(EXCLUDE_FILE(*crtend.o *crtend?.o) .ctors)
 *(SORT_BY_NAME(.ctors.*))
 *(.ctors)
 *crtbegin.o(.dtors)
 *crtbegin?.o(.dtors)
 *(EXCLUDE_FILE(*crtend.o *crtend?.o) .dtors)
 *(SORT_BY_NAME(.dtors.*))
 *(.dtors)
                0x10009620                        . = ALIGN (0x4)
                0x10009620                        PROVIDE (__preinit_array_start = .)
 *(SORT_BY_NAME(.preinit_array.*))
 .preinit_array.00050
                0x10009620        0x4 CMakeFiles/tp1.dir/C_/Users/Admin/.pico-sdk/sdk/2.1.1/src/rp2_common/pico_runtime_init/runtime_init.c.obj
                0x10009620                __pre_init_runtime_init_bootrom_reset
 .preinit_array.00100
                0x10009624        0x4 CMakeFiles/tp1.dir/C_/Users/Admin/.pico-sdk/sdk/2.1.1/src/rp2_common/pico_runtime_init/runtime_init.c.obj
                0x10009624                __pre_init_runtime_init_early_resets
 .preinit_array.00101
                0x10009628        0x4 CMakeFiles/tp1.dir/C_/Users/Admin/.pico-sdk/sdk/2.1.1/src/rp2_common/pico_runtime_init/runtime_init.c.obj
                0x10009628                __pre_init_runtime_init_usb_power_down
 .preinit_array.00500
                0x1000962c        0x4 CMakeFiles/tp1.dir/C_/Users/Admin/.pico-sdk/sdk/2.1.1/src/rp2_common/pico_runtime_init/runtime_init.c.obj
                0x1000962c                __pre_init_runtime_init_clocks
 .preinit_array.00600
                0x10009630        0x4 CMakeFiles/tp1.dir/C_/Users/Admin/.pico-sdk/sdk/2.1.1/src/rp2_common/pico_runtime_init/runtime_init.c.obj
                0x10009630                __pre_init_runtime_init_post_clock_resets
 .preinit_array.01000
                0x10009634        0x4 CMakeFiles/tp1.dir/C_/Users/Admin/.pico-sdk/sdk/2.1.1/src/rp2_common/hardware_boot_lock/boot_lock.c.obj
                0x10009634                __pre_init_runtime_init_boot_locks_reset
 .preinit_array.01000
                0x10009638        0x4 CMakeFiles/tp1.dir/C_/Users/Admin/.pico-sdk/sdk/2.1.1/src/rp2_common/pico_runtime_init/runtime_init.c.obj
                0x10009638                __pre_init_runtime_init_spin_locks_reset
 .preinit_array.01010
                0x1000963c        0x4 CMakeFiles/tp1.dir/C_/Users/Admin/.pico-sdk/sdk/2.1.1/src/rp2_common/pico_bootrom/bootrom_lock.c.obj
                0x1000963c                __pre_init_runtime_init_bootrom_locking_enable
 .preinit_array.01100
                0x10009640        0x4 CMakeFiles/tp1.dir/C_/Users/Admin/.pico-sdk/sdk/2.1.1/src/common/pico_sync/mutex.c.obj
                0x10009640                __pre_init_runtime_init_mutex
 .preinit_array.10080
                0x10009644        0x4 CMakeFiles/tp1.dir/C_/Users/Admin/.pico-sdk/sdk/2.1.1/src/rp2_common/pico_runtime_init/runtime_init.c.obj
                0x10009644                __pre_init_runtime_init_install_ram_vector_table
 .preinit_array.11000
                0x10009648        0x4 CMakeFiles/tp1.dir/C_/Users/Admin/.pico-sdk/sdk/2.1.1/src/common/pico_time/time.c.obj
                0x10009648                __pre_init_runtime_init_default_alarm_pool
 .preinit_array.YYYYY
                0x1000964c        0x4 CMakeFiles/tp1.dir/C_/Users/Admin/.pico-sdk/sdk/2.1.1/src/rp2_common/pico_runtime/runtime.c.obj
                0x1000964c                __pre_init_first_per_core_initializer
 .preinit_array.ZZZZZ.00051
                0x10009650        0x4 CMakeFiles/tp1.dir/C_/Users/Admin/.pico-sdk/sdk/2.1.1/src/rp2_common/pico_runtime_init/runtime_init.c.obj
                0x10009650                __pre_init_runtime_init_per_core_bootrom_reset
 .preinit_array.ZZZZZ.00200
                0x10009654        0x4 CMakeFiles/tp1.dir/C_/Users/Admin/.pico-sdk/sdk/2.1.1/src/rp2_common/pico_runtime_init/runtime_init.c.obj
                0x10009654                __pre_init_runtime_init_per_core_enable_coprocessors
 .preinit_array.ZZZZZ.01000
                0x10009658        0x4 CMakeFiles/tp1.dir/C_/Users/Admin/.pico-sdk/sdk/2.1.1/src/rp2_common/hardware_sync_spin_lock/sync_spin_lock.c.obj
                0x10009658                __pre_init_spinlock_set_extexclall
 .preinit_array.ZZZZZ.01200
                0x1000965c        0x4 CMakeFiles/tp1.dir/C_/Users/Admin/.pico-sdk/sdk/2.1.1/src/rp2_common/hardware_irq/irq.c.obj
                0x1000965c                __pre_init_runtime_init_per_core_irq_priorities
 *(.preinit_array)
                0x10009660                        PROVIDE (__preinit_array_end = .)
                0x10009660                        . = ALIGN (0x4)
                0x10009660                        PROVIDE (__init_array_start = .)
 *(SORT_BY_NAME(.init_array.*))
 *(.init_array)
 .init_array    0x10009660        0x4 C:/Users/Admin/.pico-sdk/toolchain/14_2_Rel1/bin/../lib/gcc/arm-none-eabi/14.2.1/thumb/v8-m.main+fp/softfp/crtbegin.o
 .init_array    0x10009664        0x4 CMakeFiles/tp1.dir/C_/Users/Admin/.pico-sdk/sdk/2.1.1/src/rp2_common/pico_unique_id/unique_id.c.obj
 .init_array    0x10009668        0x4 freertos/libfreertos.a(port.c.obj)
                0x1000966c                        PROVIDE (__init_array_end = .)
                0x1000966c                        . = ALIGN (0x4)
                [!provide]                        PROVIDE (__fini_array_start = .)
 *(SORT_BY_NAME(.fini_array.*))
 *(.fini_array)
                [!provide]                        PROVIDE (__fini_array_end = .)
 *(.eh_frame*)
 .eh_frame      0x1000966c        0x0 C:/Users/Admin/.pico-sdk/toolchain/14_2_Rel1/bin/../lib/gcc/arm-none-eabi/14.2.1/thumb/v8-m.main+fp/softfp/crtbegin.o
                0x1000966c                        . = ALIGN (0x4)

.glue_7         0x1000966c        0x0
 .glue_7        0x1000966c        0x0 linker stubs

.glue_7t        0x1000966c        0x0
 .glue_7t       0x1000966c        0x0 linker stubs

.vfp11_veneer   0x1000966c        0x0
 .vfp11_veneer  0x1000966c        0x0 linker stubs

.v4_bx          0x1000966c        0x0
 .v4_bx         0x1000966c        0x0 linker stubs

.iplt           0x1000966c        0x0
 .iplt          0x1000966c        0x0 C:/Users/Admin/.pico-sdk/toolchain/14_2_Rel1/bin/../lib/gcc/arm-none-eabi/14.2.1/thumb/v8-m.main+fp/softfp/crtbegin.o

.boot2          0x1000966c        0x0
                0x1000966c                        __boot2_start__ = .
 *(.boot2)
                0x1000966c                        __boot2_end__ = .
                0x00000001                        ASSERT (((__boot2_end__ - __boot2_start__) <= 0x100), ERROR: Pico second stage bootloader must be no more than 256 bytes in size)

.rodata         0x10009670    0x37a5c
 *(EXCLUDE_FILE(*libm.a: *libc.a:*lib_a-mem*.o *libgcc.a:) .rodata*)
 .rodata.main.str1.4
                0x10009670      0x4b4 CMakeFiles/tp1.dir/tp1.c.obj
                                 0x1f (size before relaxing)
 .rodata.panic.str1.4
                0x10009b24       0x12 CMakeFiles/tp1.dir/C_/Users/Admin/.pico-sdk/sdk/2.1.1/src/rp2_common/pico_platform_panic/panic.c.obj
 .rodata.user_irq_claim_unused.str1.4
                0x10009b24       0x1b CMakeFiles/tp1.dir/C_/Users/Admin/.pico-sdk/sdk/2.1.1/src/rp2_common/hardware_irq/irq.c.obj
 *fill*         0x10009b24        0x4 
 .rodata.at_the_end_of_time
                0x10009b28        0x8 CMakeFiles/tp1.dir/C_/Users/Admin/.pico-sdk/sdk/2.1.1/src/common/pico_time/time.c.obj
                0x10009b28                at_the_end_of_time
 .rodata.timer_hardware_alarm_claim.str1.4
                0x10009b30       0x22 CMakeFiles/tp1.dir/C_/Users/Admin/.pico-sdk/sdk/2.1.1/src/rp2_common/hardware_timer/timer.c.obj
 .rodata.hard_assertion_failure.str1.4
                0x10009b30        0xc CMakeFiles/tp1.dir/C_/Users/Admin/.pico-sdk/sdk/2.1.1/src/rp2_common/pico_runtime/runtime.c.obj
 .rodata.__wrap_malloc.str1.4
                0x10009b30        0xe CMakeFiles/tp1.dir/C_/Users/Admin/.pico-sdk/sdk/2.1.1/src/rp2_common/pico_malloc/malloc.c.obj
 .rodata.str1.4
                0x10009b30       0x3c CMakeFiles/tp1.dir/C_/Users/Admin/.pico-sdk/sdk/2.1.1/src/rp2_common/pico_standard_binary_info/standard_binary_info.c.obj
 .rodata.__bi_84
                0x10009b30        0xc CMakeFiles/tp1.dir/C_/Users/Admin/.pico-sdk/sdk/2.1.1/src/rp2_common/pico_standard_binary_info/standard_binary_info.c.obj
 .rodata.__bi_78
                0x10009b3c        0xc CMakeFiles/tp1.dir/C_/Users/Admin/.pico-sdk/sdk/2.1.1/src/rp2_common/pico_standard_binary_info/standard_binary_info.c.obj
 .rodata.__bi_60
                0x10009b48        0xc CMakeFiles/tp1.dir/C_/Users/Admin/.pico-sdk/sdk/2.1.1/src/rp2_common/pico_standard_binary_info/standard_binary_info.c.obj
 .rodata.__bi_54
                0x10009b54        0xc CMakeFiles/tp1.dir/C_/Users/Admin/.pico-sdk/sdk/2.1.1/src/rp2_common/pico_standard_binary_info/standard_binary_info.c.obj
 .rodata.__bi_48
                0x10009b60        0xc CMakeFiles/tp1.dir/C_/Users/Admin/.pico-sdk/sdk/2.1.1/src/rp2_common/pico_standard_binary_info/standard_binary_info.c.obj
 .rodata.__bi_42
                0x10009b6c        0xc CMakeFiles/tp1.dir/C_/Users/Admin/.pico-sdk/sdk/2.1.1/src/rp2_common/pico_standard_binary_info/standard_binary_info.c.obj
 .rodata.__bi_34
                0x10009b78        0xc CMakeFiles/tp1.dir/C_/Users/Admin/.pico-sdk/sdk/2.1.1/src/rp2_common/pico_standard_binary_info/standard_binary_info.c.obj
 .rodata.__bi_26
                0x10009b84        0xc CMakeFiles/tp1.dir/C_/Users/Admin/.pico-sdk/sdk/2.1.1/src/rp2_common/pico_standard_binary_info/standard_binary_info.c.obj
 .rodata._ftoa.str1.4
                0x10009b90       0x15 CMakeFiles/tp1.dir/C_/Users/Admin/.pico-sdk/sdk/2.1.1/src/rp2_common/pico_printf/printf.c.obj
 .rodata.pow10.0
                0x10009b90       0x50 CMakeFiles/tp1.dir/C_/Users/Admin/.pico-sdk/sdk/2.1.1/src/rp2_common/pico_printf/printf.c.obj
 .rodata.crlf_str.0
                0x10009be0        0x2 CMakeFiles/tp1.dir/C_/Users/Admin/.pico-sdk/sdk/2.1.1/src/rp2_common/pico_stdio/stdio.c.obj
 .rodata.cyw43_read_bytes.str1.4
                0x10009be2       0x1a CMakeFiles/tp1.dir/C_/Users/Admin/.pico-sdk/sdk/2.1.1/src/rp2_common/pico_cyw43_driver/cyw43_bus_pio_spi.c.obj
 .rodata.cyw43_write_bytes.str1.4
                0x10009be2        0xd CMakeFiles/tp1.dir/C_/Users/Admin/.pico-sdk/sdk/2.1.1/src/rp2_common/pico_cyw43_driver/cyw43_bus_pio_spi.c.obj
 *fill*         0x10009be2        0x2 
 .rodata.spi_gap01_sample0_program
                0x10009be4        0x8 CMakeFiles/tp1.dir/C_/Users/Admin/.pico-sdk/sdk/2.1.1/src/rp2_common/pico_cyw43_driver/cyw43_bus_pio_spi.c.obj
 .rodata.spi_gap01_sample0_program_instructions
                0x10009bec        0xc CMakeFiles/tp1.dir/C_/Users/Admin/.pico-sdk/sdk/2.1.1/src/rp2_common/pico_cyw43_driver/cyw43_bus_pio_spi.c.obj
 .rodata.cyw43_kso_set.str1.4
                0x10009bf8       0x23 CMakeFiles/tp1.dir/C_/Users/Admin/.pico-sdk/sdk/2.1.1/lib/cyw43-driver/src/cyw43_ll.c.obj
 .rodata.cyw43_ll_sdpcm_poll_device.str1.4
                0x10009bf8       0x55 CMakeFiles/tp1.dir/C_/Users/Admin/.pico-sdk/sdk/2.1.1/lib/cyw43-driver/src/cyw43_ll.c.obj
 .rodata.cyw43_sdpcm_send_common.str1.4
                0x10009bf8       0x22 CMakeFiles/tp1.dir/C_/Users/Admin/.pico-sdk/sdk/2.1.1/lib/cyw43-driver/src/cyw43_ll.c.obj
 .rodata.cyw43_do_ioctl.part.0.str1.4
                0x10009bf8       0x53 CMakeFiles/tp1.dir/C_/Users/Admin/.pico-sdk/sdk/2.1.1/lib/cyw43-driver/src/cyw43_ll.c.obj
 .rodata.reset_device_core.constprop.0.str1.4
                0x10009bf8       0x1a CMakeFiles/tp1.dir/C_/Users/Admin/.pico-sdk/sdk/2.1.1/lib/cyw43-driver/src/cyw43_ll.c.obj
 .rodata.cyw43_ll_wifi_on.str1.4
                0x10009bf8       0x52 CMakeFiles/tp1.dir/C_/Users/Admin/.pico-sdk/sdk/2.1.1/lib/cyw43-driver/src/cyw43_ll.c.obj
 .rodata.cyw43_ll_bus_init.str1.4
                0x10009bf8       0xea CMakeFiles/tp1.dir/C_/Users/Admin/.pico-sdk/sdk/2.1.1/lib/cyw43-driver/src/cyw43_ll.c.obj
 .rodata.cyw43_ll_gpio_set.str1.4
                0x10009bf8        0x8 CMakeFiles/tp1.dir/C_/Users/Admin/.pico-sdk/sdk/2.1.1/lib/cyw43-driver/src/cyw43_ll.c.obj
 .rodata.w43439A0_7_95_49_00_combined
                0x10009bf8    0x36fd8 CMakeFiles/tp1.dir/C_/Users/Admin/.pico-sdk/sdk/2.1.1/lib/cyw43-driver/src/cyw43_ll.c.obj
 .rodata.wifi_nvram_4343
                0x10040bd0      0x2e7 CMakeFiles/tp1.dir/C_/Users/Admin/.pico-sdk/sdk/2.1.1/lib/cyw43-driver/src/cyw43_ll.c.obj
 *fill*         0x10040eb7        0x1 
 .rodata        0x10040eb8       0x72 CMakeFiles/tp1.dir/C_/Users/Admin/.pico-sdk/sdk/2.1.1/lib/cyw43-driver/src/cyw43_ll.c.obj
 .rodata.cyw43_cb_process_async_event.str1.4
                0x10040f2a       0x28 CMakeFiles/tp1.dir/C_/Users/Admin/.pico-sdk/sdk/2.1.1/lib/cyw43-driver/src/cyw43_ctrl.c.obj
 .rodata.str1.4
                0x10040f2a       0x9e CMakeFiles/tp1.dir/C_/Users/Admin/.pico-sdk/sdk/2.1.1/lib/cyw43-driver/src/cyw43_ctrl.c.obj
 *fill*         0x10040f2a        0x2 
 .rodata.cyw43_async_event_name_table
                0x10040f2c      0x164 CMakeFiles/tp1.dir/C_/Users/Admin/.pico-sdk/sdk/2.1.1/lib/cyw43-driver/src/cyw43_ctrl.c.obj
 .rodata.pio_claim_unused_sm.str1.4
                0x10041090       0x24 CMakeFiles/tp1.dir/C_/Users/Admin/.pico-sdk/sdk/2.1.1/src/rp2_common/hardware_pio/pio.c.obj
 .rodata.dma_claim_unused_channel.str1.4
                0x10041090       0x1e CMakeFiles/tp1.dir/C_/Users/Admin/.pico-sdk/sdk/2.1.1/src/rp2_common/hardware_dma/dma.c.obj
 .rodata.cyw43_cb_tcpip_set_link_up.str1.4
                0x10041090       0x20 CMakeFiles/tp1.dir/C_/Users/Admin/.pico-sdk/sdk/2.1.1/src/rp2_common/pico_cyw43_driver/cyw43_driver.c.obj
 .rodata.async_context_threadsafe_background_lock_check.str1.4
                0x10041090       0x20 CMakeFiles/tp1.dir/C_/Users/Admin/.pico-sdk/sdk/2.1.1/src/rp2_common/pico_async_context/async_context_threadsafe_background.c.obj
 .rodata.template
                0x10041090       0x38 CMakeFiles/tp1.dir/C_/Users/Admin/.pico-sdk/sdk/2.1.1/src/rp2_common/pico_async_context/async_context_threadsafe_background.c.obj
 .rodata.uxTopUsedPriority
                0x100410c8        0x4 freertos/libfreertos.a(tasks.c.obj)
 .rodata.xTimerCreateTimerTask.str1.4
                0x100410cc       0x10 freertos/libfreertos.a(timers.c.obj)
 *(.srodata*)
                0x100410dc                        . = ALIGN (0x4)
 *(SORT_BY_ALIGNMENT(SORT_BY_NAME(.flashdata*)))
                0x100410dc                        . = ALIGN (0x4)

.ARM.extab
 *(.ARM.extab* .gnu.linkonce.armextab.*)
                0x100410cc                        __exidx_start = .

.ARM.exidx      0x100410cc        0x8
 *(.ARM.exidx* .gnu.linkonce.armexidx.*)
 .ARM.exidx     0x100410cc        0x8 C:/Users/Admin/.pico-sdk/toolchain/14_2_Rel1/bin/../lib/gcc/arm-none-eabi/14.2.1/thumb/v8-m.main+fp/softfp\libg.a(libc_a-memcpy.o)
 .ARM.exidx.text.__udivmoddi4
                0x100410d4        0x0 C:/Users/Admin/.pico-sdk/toolchain/14_2_Rel1/bin/../lib/gcc/arm-none-eabi/14.2.1/thumb/v8-m.main+fp/softfp\libgcc.a(_udivmoddi4.o)
                                  0x8 (size before relaxing)
                0x100410d4                        __exidx_end = .
                0x100410d4                        . = ALIGN (0x4)
                0x100410d4                        __binary_info_start = .

.binary_info    0x100410d4       0x20
 *(.binary_info.keep.*)
 .binary_info.keep.__bi_ptr84
                0x100410d4        0x4 CMakeFiles/tp1.dir/C_/Users/Admin/.pico-sdk/sdk/2.1.1/src/rp2_common/pico_standard_binary_info/standard_binary_info.c.obj
 .binary_info.keep.__bi_ptr78
                0x100410d8        0x4 CMakeFiles/tp1.dir/C_/Users/Admin/.pico-sdk/sdk/2.1.1/src/rp2_common/pico_standard_binary_info/standard_binary_info.c.obj
 .binary_info.keep.__bi_ptr60
                0x100410dc        0x4 CMakeFiles/tp1.dir/C_/Users/Admin/.pico-sdk/sdk/2.1.1/src/rp2_common/pico_standard_binary_info/standard_binary_info.c.obj
 .binary_info.keep.__bi_ptr54
                0x100410e0        0x4 CMakeFiles/tp1.dir/C_/Users/Admin/.pico-sdk/sdk/2.1.1/src/rp2_common/pico_standard_binary_info/standard_binary_info.c.obj
 .binary_info.keep.__bi_ptr48
                0x100410e4        0x4 CMakeFiles/tp1.dir/C_/Users/Admin/.pico-sdk/sdk/2.1.1/src/rp2_common/pico_standard_binary_info/standard_binary_info.c.obj
 .binary_info.keep.__bi_ptr42
                0x100410e8        0x4 CMakeFiles/tp1.dir/C_/Users/Admin/.pico-sdk/sdk/2.1.1/src/rp2_common/pico_standard_binary_info/standard_binary_info.c.obj
 .binary_info.keep.__bi_ptr34
                0x100410ec        0x4 CMakeFiles/tp1.dir/C_/Users/Admin/.pico-sdk/sdk/2.1.1/src/rp2_common/pico_standard_binary_info/standard_binary_info.c.obj
 .binary_info.keep.__bi_ptr26
                0x100410f0        0x4 CMakeFiles/tp1.dir/C_/Users/Admin/.pico-sdk/sdk/2.1.1/src/rp2_common/pico_standard_binary_info/standard_binary_info.c.obj
 *(.binary_info.*)
                0x100410f4                        __binary_info_end = .
                0x100410f4                        . = ALIGN (0x4)

.ram_vector_table
                0x20000000      0x110
 *(.ram_vector_table)
 .ram_vector_table
                0x20000000      0x110 CMakeFiles/tp1.dir/C_/Users/Admin/.pico-sdk/sdk/2.1.1/src/rp2_common/pico_runtime_init/runtime_init.c.obj
                0x20000000                ram_vector_table

.uninitialized_data
                0x20000110        0x0
                0x20000110                        . = ALIGN (0x4)
 *(.uninitialized_data*)

.data           0x20000110      0xc80 load address 0x100410f4
                0x20000110                        __data_start__ = .
 *(vtable)
 *(.time_critical*)
 .time_critical.sem_acquire_block_until
                0x20000110       0x64 CMakeFiles/tp1.dir/C_/Users/Admin/.pico-sdk/sdk/2.1.1/src/common/pico_sync/sem.c.obj
                0x20000110                sem_acquire_block_until
 .time_critical.sem_release
                0x20000174       0x54 CMakeFiles/tp1.dir/C_/Users/Admin/.pico-sdk/sdk/2.1.1/src/common/pico_sync/sem.c.obj
                0x20000174                sem_release
 .time_critical.recursive_mutex_enter_blocking
                0x200001c8       0x8c CMakeFiles/tp1.dir/C_/Users/Admin/.pico-sdk/sdk/2.1.1/src/common/pico_sync/mutex.c.obj
                0x200001c8                recursive_mutex_enter_blocking
 .time_critical.recursive_mutex_try_enter
                0x20000254       0x58 CMakeFiles/tp1.dir/C_/Users/Admin/.pico-sdk/sdk/2.1.1/src/common/pico_sync/mutex.c.obj
                0x20000254                recursive_mutex_try_enter
 .time_critical.mutex_enter_block_until
                0x200002ac       0x6c CMakeFiles/tp1.dir/C_/Users/Admin/.pico-sdk/sdk/2.1.1/src/common/pico_sync/mutex.c.obj
                0x200002ac                mutex_enter_block_until
 .time_critical.mutex_try_enter_block_until
                0x20000318       0x68 CMakeFiles/tp1.dir/C_/Users/Admin/.pico-sdk/sdk/2.1.1/src/common/pico_sync/mutex.c.obj
                0x20000318                mutex_try_enter_block_until
 .time_critical.mutex_exit
                0x20000380       0x3c CMakeFiles/tp1.dir/C_/Users/Admin/.pico-sdk/sdk/2.1.1/src/common/pico_sync/mutex.c.obj
                0x20000380                mutex_exit
 .time_critical.recursive_mutex_exit
                0x200003bc       0x50 CMakeFiles/tp1.dir/C_/Users/Admin/.pico-sdk/sdk/2.1.1/src/common/pico_sync/mutex.c.obj
                0x200003bc                recursive_mutex_exit
 *(.text*)
 .text          0x2000040c       0x30 C:/Users/Admin/.pico-sdk/toolchain/14_2_Rel1/bin/../lib/gcc/arm-none-eabi/14.2.1/thumb/v8-m.main+fp/softfp\libgcc.a(_aeabi_uldivmod.o)
                0x2000040c                __aeabi_uldivmod
 .text.__udivmoddi4
                0x2000043c      0x34c C:/Users/Admin/.pico-sdk/toolchain/14_2_Rel1/bin/../lib/gcc/arm-none-eabi/14.2.1/thumb/v8-m.main+fp/softfp\libgcc.a(_udivmoddi4.o)
                0x2000043c                __udivmoddi4
 .text          0x20000788        0x4 C:/Users/Admin/.pico-sdk/toolchain/14_2_Rel1/bin/../lib/gcc/arm-none-eabi/14.2.1/thumb/v8-m.main+fp/softfp\libgcc.a(_dvmd_tls.o)
                0x20000788                __aeabi_idiv0
                0x20000788                __aeabi_ldiv0
 *fill*         0x2000078c        0x4 
 .text.__stub   0x20000790        0x8 linker stubs
                0x20000798                        . = ALIGN (0x4)
 *(.rodata*)
                0x20000798                        . = ALIGN (0x4)
 *(.data*)
 .data.striped_spin_lock_num
                0x20000798        0x1 CMakeFiles/tp1.dir/C_/Users/Admin/.pico-sdk/sdk/2.1.1/src/rp2_common/hardware_sync/sync.c.obj
 *fill*         0x20000799        0x3 
 .data          0x2000079c       0x48 CMakeFiles/tp1.dir/C_/Users/Admin/.pico-sdk/sdk/2.1.1/src/rp2_common/hardware_irq/irq_handler_chain.S.obj
                0x2000079c                irq_handler_chain_slots
                0x200007cc                irq_handler_chain_first_slot
                0x200007d6                irq_handler_chain_remove_tail
 .data.default_alarm_pool
                0x200007e4       0x18 CMakeFiles/tp1.dir/C_/Users/Admin/.pico-sdk/sdk/2.1.1/src/common/pico_time/time.c.obj
 .data.cyw43_poll_worker
                0x200007fc       0x10 CMakeFiles/tp1.dir/C_/Users/Admin/.pico-sdk/sdk/2.1.1/src/rp2_common/pico_cyw43_driver/cyw43_driver.c.obj
 *fill*         0x2000080c        0x4 
 .data.sleep_timeout_worker
                0x20000810       0x18 CMakeFiles/tp1.dir/C_/Users/Admin/.pico-sdk/sdk/2.1.1/src/rp2_common/pico_cyw43_driver/cyw43_driver.c.obj
 .data.ucPrimaryCoreNum
                0x20000828        0x1 freertos/libfreertos.a(port.c.obj)
 *fill*         0x20000829        0x3 
 .data.ulCriticalNesting
                0x2000082c        0x4 freertos/libfreertos.a(port.c.obj)
 .data.__malloc_sbrk_base
                0x20000830        0x4 C:/Users/Admin/.pico-sdk/toolchain/14_2_Rel1/bin/../lib/gcc/arm-none-eabi/14.2.1/thumb/v8-m.main+fp/softfp\libg.a(libc_a-mallocr.o)
                0x20000830                __malloc_sbrk_base
 .data.__malloc_trim_threshold
                0x20000834        0x4 C:/Users/Admin/.pico-sdk/toolchain/14_2_Rel1/bin/../lib/gcc/arm-none-eabi/14.2.1/thumb/v8-m.main+fp/softfp\libg.a(libc_a-mallocr.o)
                0x20000834                __malloc_trim_threshold
 .data.__malloc_av_
                0x20000838      0x408 C:/Users/Admin/.pico-sdk/toolchain/14_2_Rel1/bin/../lib/gcc/arm-none-eabi/14.2.1/thumb/v8-m.main+fp/softfp\libg.a(libc_a-mallocr.o)
                0x20000838                __malloc_av_
 .data._impure_ptr
                0x20000c40        0x4 C:/Users/Admin/.pico-sdk/toolchain/14_2_Rel1/bin/../lib/gcc/arm-none-eabi/14.2.1/thumb/v8-m.main+fp/softfp\libg.a(libc_a-impure.o)
                0x20000c40                _impure_ptr
 *fill*         0x20000c44        0x4 
 .data._impure_data
                0x20000c48      0x140 C:/Users/Admin/.pico-sdk/toolchain/14_2_Rel1/bin/../lib/gcc/arm-none-eabi/14.2.1/thumb/v8-m.main+fp/softfp\libg.a(libc_a-impure.o)
                0x20000c48                _impure_data
 *(.sdata*)
                0x20000d88                        . = ALIGN (0x4)
 *(.after_data.*)
                0x20000d88                        . = ALIGN (0x4)
                0x20000d88                        PROVIDE (__mutex_array_start = .)
 *(SORT_BY_NAME(.mutex_array.*))
 *(.mutex_array)
 .mutex_array   0x20000d88        0x8 CMakeFiles/tp1.dir/C_/Users/Admin/.pico-sdk/sdk/2.1.1/src/rp2_common/pico_stdio/stdio.c.obj
                0x20000d90                        PROVIDE (__mutex_array_end = .)
 *(.jcr)
                0x20000d90                        . = ALIGN (0x4)

.tm_clone_table
                0x20000d90        0x0 load address 0x10041d74
 .tm_clone_table
                0x20000d90        0x0 C:/Users/Admin/.pico-sdk/toolchain/14_2_Rel1/bin/../lib/gcc/arm-none-eabi/14.2.1/thumb/v8-m.main+fp/softfp/crtbegin.o
 .tm_clone_table
                0x20000d90        0x0 C:/Users/Admin/.pico-sdk/toolchain/14_2_Rel1/bin/../lib/gcc/arm-none-eabi/14.2.1/thumb/v8-m.main+fp/softfp/crtend.o

.igot.plt       0x20000d90        0x0 load address 0x10041d74
 .igot.plt      0x20000d90        0x0 C:/Users/Admin/.pico-sdk/toolchain/14_2_Rel1/bin/../lib/gcc/arm-none-eabi/14.2.1/thumb/v8-m.main+fp/softfp/crtbegin.o

.tdata          0x20000d90        0x0 load address 0x10041d74
                0x20000d90                        . = ALIGN (0x4)
 *(.tdata .tdata.* .gnu.linkonce.td.*)
                0x20000d90                        __tdata_end = .
                0x20000d90                        PROVIDE (__data_end__ = .)
                0x100410f4                        __etext = LOADADDR (.data)

.tbss           0x20000d90        0x0 load address 0x10041d74
                0x20000d90                        . = ALIGN (0x4)
                0x20000d90                        __bss_start__ = .
                0x20000d90                        __tls_base = .
 *(.tbss .tbss.* .gnu.linkonce.tb.*)
 *(.tcommon)
                0x20000d90                        __tls_end = .

.bss            0x20000d90      0xed8 load address 0x10041d74
                0x20000d90                        . = ALIGN (0x4)
                0x20000d90                        __tbss_end = .
 *(SORT_BY_ALIGNMENT(SORT_BY_NAME(.bss*)))
 .bss.cyw43_async_context_threadsafe_background
                0x20000d90       0x48 CMakeFiles/tp1.dir/C_/Users/Admin/.pico-sdk/sdk/2.1.1/src/rp2_common/pico_cyw43_arch/cyw43_arch_threadsafe_background.c.obj
 .bss.default_alarm_pool_entries
                0x20000dd8      0x180 CMakeFiles/tp1.dir/C_/Users/Admin/.pico-sdk/sdk/2.1.1/src/common/pico_time/time.c.obj
 .bss.xQueueRegistry
                0x20000f58       0x50 freertos/libfreertos.a(queue.c.obj)
                0x20000f58                xQueueRegistry
 .bss.__lock___malloc_recursive_mutex
                0x20000fa8        0x1 C:/Users/Admin/.pico-sdk/toolchain/14_2_Rel1/bin/../lib/gcc/arm-none-eabi/14.2.1/thumb/v8-m.main+fp/softfp\libg.a(libc_a-lock.o)
                0x20000fa8                __lock___malloc_recursive_mutex
 *fill*         0x20000fa9        0x3 
 .bss.__malloc_current_mallinfo
                0x20000fac       0x28 C:/Users/Admin/.pico-sdk/toolchain/14_2_Rel1/bin/../lib/gcc/arm-none-eabi/14.2.1/thumb/v8-m.main+fp/softfp\libg.a(libc_a-mallocr.o)
                0x20000fac                __malloc_current_mallinfo
 .bss.__malloc_max_sbrked_mem
                0x20000fd4        0x4 C:/Users/Admin/.pico-sdk/toolchain/14_2_Rel1/bin/../lib/gcc/arm-none-eabi/14.2.1/thumb/v8-m.main+fp/softfp\libg.a(libc_a-mallocr.o)
                0x20000fd4                __malloc_max_sbrked_mem
 .bss.__malloc_max_total_mem
                0x20000fd8        0x4 C:/Users/Admin/.pico-sdk/toolchain/14_2_Rel1/bin/../lib/gcc/arm-none-eabi/14.2.1/thumb/v8-m.main+fp/softfp\libg.a(libc_a-mallocr.o)
                0x20000fd8                __malloc_max_total_mem
 .bss.__malloc_top_pad
                0x20000fdc        0x4 C:/Users/Admin/.pico-sdk/toolchain/14_2_Rel1/bin/../lib/gcc/arm-none-eabi/14.2.1/thumb/v8-m.main+fp/softfp\libg.a(libc_a-mallocr.o)
                0x20000fdc                __malloc_top_pad
 .bss.__sf      0x20000fe0      0x138 C:/Users/Admin/.pico-sdk/toolchain/14_2_Rel1/bin/../lib/gcc/arm-none-eabi/14.2.1/thumb/v8-m.main+fp/softfp\libg.a(libc_a-findfp.o)
                0x20000fe0                __sf
 .bss._sw_spin_locks
                0x20001118       0x20 CMakeFiles/tp1.dir/C_/Users/Admin/.pico-sdk/sdk/2.1.1/src/rp2_common/hardware_sync_spin_lock/sync_spin_lock.c.obj
                0x20001118                _sw_spin_locks
 .bss._used_instruction_space
                0x20001138        0xc CMakeFiles/tp1.dir/C_/Users/Admin/.pico-sdk/sdk/2.1.1/src/rp2_common/hardware_pio/pio.c.obj
 .bss.async_context
                0x20001144        0x4 CMakeFiles/tp1.dir/C_/Users/Admin/.pico-sdk/sdk/2.1.1/src/rp2_common/pico_cyw43_arch/cyw43_arch.c.obj
 .bss.async_contexts_by_user_irq
                0x20001148       0x18 CMakeFiles/tp1.dir/C_/Users/Admin/.pico-sdk/sdk/2.1.1/src/rp2_common/pico_async_context/async_context_threadsafe_background.c.obj
 .bss.bus_data_instance
                0x20001160       0x10 CMakeFiles/tp1.dir/C_/Users/Admin/.pico-sdk/sdk/2.1.1/src/rp2_common/pico_cyw43_driver/cyw43_bus_pio_spi.c.obj
 .bss.claimed   0x20001170        0x2 CMakeFiles/tp1.dir/C_/Users/Admin/.pico-sdk/sdk/2.1.1/src/rp2_common/hardware_timer/timer.c.obj
 *fill*         0x20001172        0x2 
 .bss.claimed   0x20001174        0x2 CMakeFiles/tp1.dir/C_/Users/Admin/.pico-sdk/sdk/2.1.1/src/rp2_common/hardware_pio/pio.c.obj
 *fill*         0x20001176        0x2 
 .bss.configured_freq
                0x20001178       0x28 CMakeFiles/tp1.dir/C_/Users/Admin/.pico-sdk/sdk/2.1.1/src/rp2_common/hardware_clocks/clocks.c.obj
 .bss.cyw43_async_context
                0x200011a0        0x4 CMakeFiles/tp1.dir/C_/Users/Admin/.pico-sdk/sdk/2.1.1/src/rp2_common/pico_cyw43_driver/cyw43_driver.c.obj
 .bss.cyw43_poll
                0x200011a4        0x4 CMakeFiles/tp1.dir/C_/Users/Admin/.pico-sdk/sdk/2.1.1/lib/cyw43-driver/src/cyw43_ctrl.c.obj
                0x200011a4                cyw43_poll
 .bss.cyw43_sleep
                0x200011a8        0x4 CMakeFiles/tp1.dir/C_/Users/Admin/.pico-sdk/sdk/2.1.1/lib/cyw43-driver/src/cyw43_ctrl.c.obj
                0x200011a8                cyw43_sleep
 .bss.cyw43_state
                0x200011ac      0x8ec CMakeFiles/tp1.dir/C_/Users/Admin/.pico-sdk/sdk/2.1.1/lib/cyw43-driver/src/cyw43_ctrl.c.obj
                0x200011ac                cyw43_state
 .bss.drivers   0x20001a98        0x4 CMakeFiles/tp1.dir/C_/Users/Admin/.pico-sdk/sdk/2.1.1/src/rp2_common/pico_stdio/stdio.c.obj
 .bss.errno     0x20001a9c        0x4 C:/Users/Admin/.pico-sdk/toolchain/14_2_Rel1/bin/../lib/gcc/arm-none-eabi/14.2.1/thumb/v8-m.main+fp/softfp\libg.a(libc_a-reent.o)
                0x20001a9c                errno
 .bss.filter    0x20001aa0        0x4 CMakeFiles/tp1.dir/C_/Users/Admin/.pico-sdk/sdk/2.1.1/src/rp2_common/pico_stdio/stdio.c.obj
 .bss.heap_end.0
                0x20001aa4        0x4 CMakeFiles/tp1.dir/C_/Users/Admin/.pico-sdk/sdk/2.1.1/src/rp2_common/pico_clib_interface/newlib_interface.c.obj
 .bss.lazy_vsnprintf
                0x20001aa8        0x4 CMakeFiles/tp1.dir/C_/Users/Admin/.pico-sdk/sdk/2.1.1/src/rp2_common/pico_printf/printf.c.obj
 .bss.object.0  0x20001aac       0x18 C:/Users/Admin/.pico-sdk/toolchain/14_2_Rel1/bin/../lib/gcc/arm-none-eabi/14.2.1/thumb/v8-m.main+fp/softfp/crtbegin.o
 .bss.pools     0x20001ac4       0x20 CMakeFiles/tp1.dir/C_/Users/Admin/.pico-sdk/sdk/2.1.1/src/common/pico_time/time.c.obj
 .bss.pxCrossCoreSpinLock
                0x20001ae4        0x4 freertos/libfreertos.a(port.c.obj)
 .bss.pxCurrentTCB
                0x20001ae8        0x4 freertos/libfreertos.a(tasks.c.obj)
                0x20001ae8                pxCurrentTCB
 .bss.pxCurrentTimerList
                0x20001aec        0x4 freertos/libfreertos.a(timers.c.obj)
 .bss.pxDelayedTaskList
                0x20001af0        0x4 freertos/libfreertos.a(tasks.c.obj)
 .bss.pxOverflowDelayedTaskList
                0x20001af4        0x4 freertos/libfreertos.a(tasks.c.obj)
 .bss.pxOverflowTimerList
                0x20001af8        0x4 freertos/libfreertos.a(timers.c.obj)
 .bss.pxReadyTasksLists
                0x20001afc       0x78 freertos/libfreertos.a(tasks.c.obj)
 .bss.raw_irq_mask
                0x20001b74        0x8 CMakeFiles/tp1.dir/C_/Users/Admin/.pico-sdk/sdk/2.1.1/src/rp2_common/hardware_gpio/gpio.c.obj
 .bss.retrieved_id
                0x20001b7c        0x8 CMakeFiles/tp1.dir/C_/Users/Admin/.pico-sdk/sdk/2.1.1/src/rp2_common/pico_unique_id/unique_id.c.obj
 .bss.sleep_notifier
                0x20001b84        0x4 CMakeFiles/tp1.dir/C_/Users/Admin/.pico-sdk/sdk/2.1.1/src/common/pico_time/time.c.obj
 .bss.ulMaxPRIGROUPValue
                0x20001b88        0x4 freertos/libfreertos.a(port.c.obj)
 .bss.uxCurrentNumberOfTasks
                0x20001b8c        0x4 freertos/libfreertos.a(tasks.c.obj)
 .bss.uxDeletedTasksWaitingCleanUp