Archive member included to satisfy reference by file (symbol)

c:/st/stm32cubeide_1.6.1/stm32cubeide/plugins/com.st.stm32cube.ide.mcu.externaltools.gnu-tools-for-stm32.9-2020-q2-update.win32_1.5.0.202011040924/tools/bin/../lib/gcc/arm-none-eabi/9.3.1/../../../../arm-none-eabi/lib/thumb/v7-m/nofp\libc_nano.a(lib_a-errno.o)
                              Core/Src/syscalls.o (__errno)
c:/st/stm32cubeide_1.6.1/stm32cubeide/plugins/com.st.stm32cube.ide.mcu.externaltools.gnu-tools-for-stm32.9-2020-q2-update.win32_1.5.0.202011040924/tools/bin/../lib/gcc/arm-none-eabi/9.3.1/../../../../arm-none-eabi/lib/thumb/v7-m/nofp\libc_nano.a(lib_a-exit.o)
                              c:/st/stm32cubeide_1.6.1/stm32cubeide/plugins/com.st.stm32cube.ide.mcu.externaltools.gnu-tools-for-stm32.9-2020-q2-update.win32_1.5.0.202011040924/tools/bin/../lib/gcc/arm-none-eabi/9.3.1/../../../../arm-none-eabi/lib/thumb/v7-m/nofp/crt0.o (exit)
c:/st/stm32cubeide_1.6.1/stm32cubeide/plugins/com.st.stm32cube.ide.mcu.externaltools.gnu-tools-for-stm32.9-2020-q2-update.win32_1.5.0.202011040924/tools/bin/../lib/gcc/arm-none-eabi/9.3.1/../../../../arm-none-eabi/lib/thumb/v7-m/nofp\libc_nano.a(lib_a-impure.o)
                              c:/st/stm32cubeide_1.6.1/stm32cubeide/plugins/com.st.stm32cube.ide.mcu.externaltools.gnu-tools-for-stm32.9-2020-q2-update.win32_1.5.0.202011040924/tools/bin/../lib/gcc/arm-none-eabi/9.3.1/../../../../arm-none-eabi/lib/thumb/v7-m/nofp\libc_nano.a(lib_a-exit.o) (_global_impure_ptr)
c:/st/stm32cubeide_1.6.1/stm32cubeide/plugins/com.st.stm32cube.ide.mcu.externaltools.gnu-tools-for-stm32.9-2020-q2-update.win32_1.5.0.202011040924/tools/bin/../lib/gcc/arm-none-eabi/9.3.1/../../../../arm-none-eabi/lib/thumb/v7-m/nofp\libc_nano.a(lib_a-init.o)
                              c:/st/stm32cubeide_1.6.1/stm32cubeide/plugins/com.st.stm32cube.ide.mcu.externaltools.gnu-tools-for-stm32.9-2020-q2-update.win32_1.5.0.202011040924/tools/bin/../lib/gcc/arm-none-eabi/9.3.1/../../../../arm-none-eabi/lib/thumb/v7-m/nofp/crt0.o (__libc_init_array)
c:/st/stm32cubeide_1.6.1/stm32cubeide/plugins/com.st.stm32cube.ide.mcu.externaltools.gnu-tools-for-stm32.9-2020-q2-update.win32_1.5.0.202011040924/tools/bin/../lib/gcc/arm-none-eabi/9.3.1/../../../../arm-none-eabi/lib/thumb/v7-m/nofp\libc_nano.a(lib_a-malloc.o)
                              Core/Src/heap_3.o (malloc)
c:/st/stm32cubeide_1.6.1/stm32cubeide/plugins/com.st.stm32cube.ide.mcu.externaltools.gnu-tools-for-stm32.9-2020-q2-update.win32_1.5.0.202011040924/tools/bin/../lib/gcc/arm-none-eabi/9.3.1/../../../../arm-none-eabi/lib/thumb/v7-m/nofp\libc_nano.a(lib_a-memcpy-stub.o)
                              Core/Src/queue.o (memcpy)
c:/st/stm32cubeide_1.6.1/stm32cubeide/plugins/com.st.stm32cube.ide.mcu.externaltools.gnu-tools-for-stm32.9-2020-q2-update.win32_1.5.0.202011040924/tools/bin/../lib/gcc/arm-none-eabi/9.3.1/../../../../arm-none-eabi/lib/thumb/v7-m/nofp\libc_nano.a(lib_a-memset.o)
                              c:/st/stm32cubeide_1.6.1/stm32cubeide/plugins/com.st.stm32cube.ide.mcu.externaltools.gnu-tools-for-stm32.9-2020-q2-update.win32_1.5.0.202011040924/tools/bin/../lib/gcc/arm-none-eabi/9.3.1/../../../../arm-none-eabi/lib/thumb/v7-m/nofp/crt0.o (memset)
c:/st/stm32cubeide_1.6.1/stm32cubeide/plugins/com.st.stm32cube.ide.mcu.externaltools.gnu-tools-for-stm32.9-2020-q2-update.win32_1.5.0.202011040924/tools/bin/../lib/gcc/arm-none-eabi/9.3.1/../../../../arm-none-eabi/lib/thumb/v7-m/nofp\libc_nano.a(lib_a-nano-freer.o)
                              c:/st/stm32cubeide_1.6.1/stm32cubeide/plugins/com.st.stm32cube.ide.mcu.externaltools.gnu-tools-for-stm32.9-2020-q2-update.win32_1.5.0.202011040924/tools/bin/../lib/gcc/arm-none-eabi/9.3.1/../../../../arm-none-eabi/lib/thumb/v7-m/nofp\libc_nano.a(lib_a-malloc.o) (_free_r)
c:/st/stm32cubeide_1.6.1/stm32cubeide/plugins/com.st.stm32cube.ide.mcu.externaltools.gnu-tools-for-stm32.9-2020-q2-update.win32_1.5.0.202011040924/tools/bin/../lib/gcc/arm-none-eabi/9.3.1/../../../../arm-none-eabi/lib/thumb/v7-m/nofp\libc_nano.a(lib_a-nano-mallocr.o)
                              c:/st/stm32cubeide_1.6.1/stm32cubeide/plugins/com.st.stm32cube.ide.mcu.externaltools.gnu-tools-for-stm32.9-2020-q2-update.win32_1.5.0.202011040924/tools/bin/../lib/gcc/arm-none-eabi/9.3.1/../../../../arm-none-eabi/lib/thumb/v7-m/nofp\libc_nano.a(lib_a-malloc.o) (_malloc_r)
c:/st/stm32cubeide_1.6.1/stm32cubeide/plugins/com.st.stm32cube.ide.mcu.externaltools.gnu-tools-for-stm32.9-2020-q2-update.win32_1.5.0.202011040924/tools/bin/../lib/gcc/arm-none-eabi/9.3.1/../../../../arm-none-eabi/lib/thumb/v7-m/nofp\libc_nano.a(lib_a-sbrkr.o)
                              c:/st/stm32cubeide_1.6.1/stm32cubeide/plugins/com.st.stm32cube.ide.mcu.externaltools.gnu-tools-for-stm32.9-2020-q2-update.win32_1.5.0.202011040924/tools/bin/../lib/gcc/arm-none-eabi/9.3.1/../../../../arm-none-eabi/lib/thumb/v7-m/nofp\libc_nano.a(lib_a-nano-mallocr.o) (_sbrk_r)
[...]
Memory Configuration

Name             Origin             Length             Attributes
RAM              0x0000000020000000 0x0000000000005000 xrw
FLASH            0x0000000008000000 0x0000000000010000 xr
*default*        0x0000000000000000 0xffffffffffffffff

Linker script and memory map

LOAD c:/st/stm32cubeide_1.6.1/stm32cubeide/plugins/com.st.stm32cube.ide.mcu.externaltools.gnu-tools-for-stm32.9-2020-q2-update.win32_1.5.0.202011040924/tools/bin/../lib/gcc/arm-none-eabi/9.3.1/thumb/v7-m/nofp/crti.o
LOAD c:/st/stm32cubeide_1.6.1/stm32cubeide/plugins/com.st.stm32cube.ide.mcu.externaltools.gnu-tools-for-stm32.9-2020-q2-update.win32_1.5.0.202011040924/tools/bin/../lib/gcc/arm-none-eabi/9.3.1/thumb/v7-m/nofp/crtbegin.o
LOAD c:/st/stm32cubeide_1.6.1/stm32cubeide/plugins/com.st.stm32cube.ide.mcu.externaltools.gnu-tools-for-stm32.9-2020-q2-update.win32_1.5.0.202011040924/tools/bin/../lib/gcc/arm-none-eabi/9.3.1/../../../../arm-none-eabi/lib/thumb/v7-m/nofp/crt0.o
LOAD Core/Src/croutine.o
LOAD Core/Src/event_groups.o
LOAD Core/Src/heap_3.o
LOAD Core/Src/list.o
LOAD Core/Src/main.o
LOAD Core/Src/port.o
LOAD Core/Src/queue.o
LOAD Core/Src/stm32f1xx_hal_msp.o
LOAD Core/Src/stm32f1xx_hal_timebase_tim.o
LOAD Core/Src/stm32f1xx_it.o
LOAD Core/Src/stream_buffer.o
LOAD Core/Src/syscalls.o
LOAD Core/Src/sysmem.o
LOAD Core/Src/system_stm32f1xx.o
LOAD Core/Src/tasks.o
LOAD Core/Src/timers.o
LOAD Core/Startup/startup_stm32f103c8tx.o
LOAD Drivers/STM32F1xx_HAL_Driver/Src/stm32f1xx_hal.o
LOAD Drivers/STM32F1xx_HAL_Driver/Src/stm32f1xx_hal_cortex.o
LOAD Drivers/STM32F1xx_HAL_Driver/Src/stm32f1xx_hal_dma.o
LOAD Drivers/STM32F1xx_HAL_Driver/Src/stm32f1xx_hal_exti.o
LOAD Drivers/STM32F1xx_HAL_Driver/Src/stm32f1xx_hal_flash.o
LOAD Drivers/STM32F1xx_HAL_Driver/Src/stm32f1xx_hal_flash_ex.o
LOAD Drivers/STM32F1xx_HAL_Driver/Src/stm32f1xx_hal_gpio.o
LOAD Drivers/STM32F1xx_HAL_Driver/Src/stm32f1xx_hal_gpio_ex.o
LOAD Drivers/STM32F1xx_HAL_Driver/Src/stm32f1xx_hal_pwr.o
LOAD Drivers/STM32F1xx_HAL_Driver/Src/stm32f1xx_hal_rcc.o
LOAD Drivers/STM32F1xx_HAL_Driver/Src/stm32f1xx_hal_rcc_ex.o
LOAD Drivers/STM32F1xx_HAL_Driver/Src/stm32f1xx_hal_tim.o
LOAD Drivers/STM32F1xx_HAL_Driver/Src/stm32f1xx_hal_tim_ex.o
START GROUP
LOAD c:/st/stm32cubeide_1.6.1/stm32cubeide/plugins/com.st.stm32cube.ide.mcu.externaltools.gnu-tools-for-stm32.9-2020-q2-update.win32_1.5.0.202011040924/tools/bin/../lib/gcc/arm-none-eabi/9.3.1/../../../../arm-none-eabi/lib/thumb/v7-m/nofp\libc_nano.a
LOAD c:/st/stm32cubeide_1.6.1/stm32cubeide/plugins/com.st.stm32cube.ide.mcu.externaltools.gnu-tools-for-stm32.9-2020-q2-update.win32_1.5.0.202011040924/tools/bin/../lib/gcc/arm-none-eabi/9.3.1/../../../../arm-none-eabi/lib/thumb/v7-m/nofp\libm.a
END GROUP
START GROUP
LOAD c:/st/stm32cubeide_1.6.1/stm32cubeide/plugins/com.st.stm32cube.ide.mcu.externaltools.gnu-tools-for-stm32.9-2020-q2-update.win32_1.5.0.202011040924/tools/bin/../lib/gcc/arm-none-eabi/9.3.1/thumb/v7-m/nofp\libgcc.a
LOAD c:/st/stm32cubeide_1.6.1/stm32cubeide/plugins/com.st.stm32cube.ide.mcu.externaltools.gnu-tools-for-stm32.9-2020-q2-update.win32_1.5.0.202011040924/tools/bin/../lib/gcc/arm-none-eabi/9.3.1/../../../../arm-none-eabi/lib/thumb/v7-m/nofp\libc_nano.a
END GROUP
START GROUP
LOAD c:/st/stm32cubeide_1.6.1/stm32cubeide/plugins/com.st.stm32cube.ide.mcu.externaltools.gnu-tools-for-stm32.9-2020-q2-update.win32_1.5.0.202011040924/tools/bin/../lib/gcc/arm-none-eabi/9.3.1/thumb/v7-m/nofp\libgcc.a
LOAD c:/st/stm32cubeide_1.6.1/stm32cubeide/plugins/com.st.stm32cube.ide.mcu.externaltools.gnu-tools-for-stm32.9-2020-q2-update.win32_1.5.0.202011040924/tools/bin/../lib/gcc/arm-none-eabi/9.3.1/../../../../arm-none-eabi/lib/thumb/v7-m/nofp\libc_nano.a
LOAD c:/st/stm32cubeide_1.6.1/stm32cubeide/plugins/com.st.stm32cube.ide.mcu.externaltools.gnu-tools-for-stm32.9-2020-q2-update.win32_1.5.0.202011040924/tools/bin/../lib/gcc/arm-none-eabi/9.3.1/../../../../arm-none-eabi/lib/thumb/v7-m/nofp\libnosys.a
END GROUP
START GROUP
LOAD c:/st/stm32cubeide_1.6.1/stm32cubeide/plugins/com.st.stm32cube.ide.mcu.externaltools.gnu-tools-for-stm32.9-2020-q2-update.win32_1.5.0.202011040924/tools/bin/../lib/gcc/arm-none-eabi/9.3.1/thumb/v7-m/nofp\libgcc.a
LOAD c:/st/stm32cubeide_1.6.1/stm32cubeide/plugins/com.st.stm32cube.ide.mcu.externaltools.gnu-tools-for-stm32.9-2020-q2-update.win32_1.5.0.202011040924/tools/bin/../lib/gcc/arm-none-eabi/9.3.1/../../../../arm-none-eabi/lib/thumb/v7-m/nofp\libc_nano.a
LOAD c:/st/stm32cubeide_1.6.1/stm32cubeide/plugins/com.st.stm32cube.ide.mcu.externaltools.gnu-tools-for-stm32.9-2020-q2-update.win32_1.5.0.202011040924/tools/bin/../lib/gcc/arm-none-eabi/9.3.1/../../../../arm-none-eabi/lib/thumb/v7-m/nofp\libnosys.a
END GROUP
LOAD c:/st/stm32cubeide_1.6.1/stm32cubeide/plugins/com.st.stm32cube.ide.mcu.externaltools.gnu-tools-for-stm32.9-2020-q2-update.win32_1.5.0.202011040924/tools/bin/../lib/gcc/arm-none-eabi/9.3.1/thumb/v7-m/nofp/crtend.o
LOAD c:/st/stm32cubeide_1.6.1/stm32cubeide/plugins/com.st.stm32cube.ide.mcu.externaltools.gnu-tools-for-stm32.9-2020-q2-update.win32_1.5.0.202011040924/tools/bin/../lib/gcc/arm-none-eabi/9.3.1/thumb/v7-m/nofp/crtn.o
                0x0000000020005000                _estack = (ORIGIN (RAM) + LENGTH (RAM))
                0x0000000000000200                _Min_Heap_Size = 0x200
                0x0000000000000400                _Min_Stack_Size = 0x400

.isr_vector     0x0000000008000000      0x10c
                0x0000000008000000                . = ALIGN (0x4)
 *(.isr_vector)
 .isr_vector    0x0000000008000000      0x10c Core/Startup/startup_stm32f103c8tx.o
                0x0000000008000000                g_pfnVectors
                0x000000000800010c                . = ALIGN (0x4)

.text           0x0000000008000110     0x3df4
                0x0000000008000110                . = ALIGN (0x4)
 *(.text)
 .text          0x0000000008000110       0x40 c:/st/stm32cubeide_1.6.1/stm32cubeide/plugins/com.st.stm32cube.ide.mcu.externaltools.gnu-tools-for-stm32.9-2020-q2-update.win32_1.5.0.202011040924/tools/bin/../lib/gcc/arm-none-eabi/9.3.1/thumb/v7-m/nofp/crtbegin.o
 *(.text*)
 .text.pvPortMalloc
                0x0000000008000150       0x24 Core/Src/heap_3.o
                0x0000000008000150                pvPortMalloc
 .text.vPortFree
                0x0000000008000174       0x24 Core/Src/heap_3.o
                0x0000000008000174                vPortFree
 .text.vListInitialise
                0x0000000008000198       0x3e Core/Src/list.o
                0x0000000008000198                vListInitialise
 .text.vListInitialiseItem
                0x00000000080001d6       0x18 Core/Src/list.o
                0x00000000080001d6                vListInitialiseItem
 .text.vListInsertEnd
                0x00000000080001ee       0x46 Core/Src/list.o
                0x00000000080001ee                vListInsertEnd
 .text.vListInsert
                0x0000000008000234       0x70 Core/Src/list.o
                0x0000000008000234                vListInsert
 .text.uxListRemove
                0x00000000080002a4       0x52 Core/Src/list.o
                0x00000000080002a4                uxListRemove
 *fill*         0x00000000080002f6        0x2 
 .text.Encendido
                0x00000000080002f8       0x38 Core/Src/main.o
 .text.Apagado  0x0000000008000330       0x38 Core/Src/main.o
 .text.main     0x0000000008000368       0x5c Core/Src/main.o
                0x0000000008000368                main
 .text.SystemClock_Config
                0x00000000080003c4       0x8a Core/Src/main.o
                0x00000000080003c4                SystemClock_Config
 *fill*         0x000000000800044e        0x2 
 .text.MX_GPIO_Init
                0x0000000008000450       0x94 Core/Src/main.o
 .text.HAL_TIM_PeriodElapsedCallback
                0x00000000080004e4       0x24 Core/Src/main.o
                0x00000000080004e4                HAL_TIM_PeriodElapsedCallback
 .text.Error_Handler
                0x0000000008000508        0xa Core/Src/main.o
                0x0000000008000508                Error_Handler
 *fill*         0x0000000008000512        0x2 
 .text.pxPortInitialiseStack
                0x0000000008000514       0x58 Core/Src/port.o
                0x0000000008000514                pxPortInitialiseStack
 .text.prvTaskExitError
                0x000000000800056c       0x58 Core/Src/port.o
 *fill*         0x00000000080005c4        0xc 
 .text.SVC_Handler
                0x00000000080005d0       0x28 Core/Src/port.o
                0x00000000080005d0                SVC_Handler
 .text.prvPortStartFirstTask
                0x00000000080005f8       0x24 Core/Src/port.o
 .text.xPortStartScheduler
                0x000000000800061c       0xe4 Core/Src/port.o
                0x000000000800061c                xPortStartScheduler
 .text.vPortEnterCritical
                0x0000000008000700       0x60 Core/Src/port.o
                0x0000000008000700                vPortEnterCritical
 .text.vPortExitCritical
                0x0000000008000760       0x50 Core/Src/port.o
                0x0000000008000760                vPortExitCritical
 .text.PendSV_Handler
                0x00000000080007b0       0x48 Core/Src/port.o
                0x00000000080007b0                PendSV_Handler
 .text.SysTick_Handler
                0x00000000080007f8       0x44 Core/Src/port.o
                0x00000000080007f8                SysTick_Handler
 .text.vPortSuppressTicksAndSleep
                0x000000000800083c      0x194 Core/Src/port.o
                0x000000000800083c                vPortSuppressTicksAndSleep
 .text.vPortSetupTimerInterrupt
                0x00000000080009d0       0x78 Core/Src/port.o
                0x00000000080009d0                vPortSetupTimerInterrupt
 .text.xQueueGenericReset
                0x0000000008000a48      0x120 Core/Src/queue.o
                0x0000000008000a48                xQueueGenericReset
 .text.xQueueGenericCreate
                0x0000000008000b68       0x9c Core/Src/queue.o
                0x0000000008000b68                xQueueGenericCreate
 .text.prvInitialiseNewQueue
                0x0000000008000c04       0x46 Core/Src/queue.o
 *fill*         0x0000000008000c4a        0x2 
 .text.xQueueReceive
                0x0000000008000c4c      0x1c0 Core/Src/queue.o
                0x0000000008000c4c                xQueueReceive
 .text.prvCopyDataFromQueue
                0x0000000008000e0c       0x4c Core/Src/queue.o
 .text.prvUnlockQueue
                0x0000000008000e58       0xa4 Core/Src/queue.o
 .text.prvIsQueueEmpty
                0x0000000008000efc       0x2c Core/Src/queue.o
 .text.vQueueAddToRegistry
                0x0000000008000f28       0x9c Core/Src/queue.o
                0x0000000008000f28                vQueueAddToRegistry
 .text.vQueueWaitForMessageRestricted
                0x0000000008000fc4       0x68 Core/Src/queue.o
                0x0000000008000fc4                vQueueWaitForMessageRestricted
 .text.HAL_MspInit
                0x000000000800102c       0x64 Core/Src/stm32f1xx_hal_msp.o
                0x000000000800102c                HAL_MspInit
 .text.HAL_InitTick
                0x0000000008001090       0xac Core/Src/stm32f1xx_hal_timebase_tim.o
                0x0000000008001090                HAL_InitTick
 .text.NMI_Handler
                0x000000000800113c        0x6 Core/Src/stm32f1xx_it.o
                0x000000000800113c                NMI_Handler
 .text.HardFault_Handler
                0x0000000008001142        0x6 Core/Src/stm32f1xx_it.o
                0x0000000008001142                HardFault_Handler
 .text.MemManage_Handler
                0x0000000008001148        0x6 Core/Src/stm32f1xx_it.o
                0x0000000008001148                MemManage_Handler
 .text.BusFault_Handler
                0x000000000800114e        0x6 Core/Src/stm32f1xx_it.o
                0x000000000800114e                BusFault_Handler
 .text.UsageFault_Handler
                0x0000000008001154        0x6 Core/Src/stm32f1xx_it.o
                0x0000000008001154                UsageFault_Handler
 .text.DebugMon_Handler
                0x000000000800115a        0xc Core/Src/stm32f1xx_it.o
                0x000000000800115a                DebugMon_Handler
 *fill*         0x0000000008001166        0x2 
 .text.TIM1_UP_IRQHandler
                0x0000000008001168       0x14 Core/Src/stm32f1xx_it.o
                0x0000000008001168                TIM1_UP_IRQHandler
 .text._sbrk    0x000000000800117c       0x6c Core/Src/sysmem.o
                0x000000000800117c                _sbrk
 .text.SystemInit
                0x00000000080011e8        0xc Core/Src/system_stm32f1xx.o
                0x00000000080011e8                SystemInit
 .text.xTaskCreate
                0x00000000080011f4       0x8a Core/Src/tasks.o
                0x00000000080011f4                xTaskCreate
 .text.prvInitialiseNewTask
                0x000000000800127e      0x11c Core/Src/tasks.o
 *fill*         0x000000000800139a        0x2 
 .text.prvAddNewTaskToReadyList
                0x000000000800139c      0x130 Core/Src/tasks.o
 .text.vTaskDelay
                0x00000000080014cc       0x68 Core/Src/tasks.o
                0x00000000080014cc                vTaskDelay
 .text.vTaskSuspend
                0x0000000008001534      0x104 Core/Src/tasks.o
                0x0000000008001534                vTaskSuspend
 .text.prvTaskIsTaskSuspended
                0x0000000008001638       0x60 Core/Src/tasks.o
 .text.vTaskResume
                0x0000000008001698      0x10c Core/Src/tasks.o
                0x0000000008001698                vTaskResume
 .text.vTaskStartScheduler
                0x00000000080017a4       0xa4 Core/Src/tasks.o
                0x00000000080017a4                vTaskStartScheduler
 .text.vTaskSuspendAll
                0x0000000008001848       0x1c Core/Src/tasks.o
                0x0000000008001848                vTaskSuspendAll
 .text.prvGetExpectedIdleTime
                0x0000000008001864       0x6c Core/Src/tasks.o
 .text.xTaskResumeAll
                0x00000000080018d0      0x1f8 Core/Src/tasks.o
                0x00000000080018d0                xTaskResumeAll
 .text.xTaskGetTickCount
                0x0000000008001ac8       0x1c Core/Src/tasks.o
                0x0000000008001ac8                xTaskGetTickCount
 .text.vTaskStepTick
                0x0000000008001ae4       0xb4 Core/Src/tasks.o
                0x0000000008001ae4                vTaskStepTick
 .text.xTaskIncrementTick
                0x0000000008001b98      0x230 Core/Src/tasks.o
                0x0000000008001b98                xTaskIncrementTick
 .text.vTaskSwitchContext
                0x0000000008001dc8       0xb8 Core/Src/tasks.o
                0x0000000008001dc8                vTaskSwitchContext
 .text.vTaskPlaceOnEventList
                0x0000000008001e80       0x48 Core/Src/tasks.o
                0x0000000008001e80                vTaskPlaceOnEventList
 .text.vTaskPlaceOnEventListRestricted
                0x0000000008001ec8       0x8c Core/Src/tasks.o
                0x0000000008001ec8                vTaskPlaceOnEventListRestricted
 .text.xTaskRemoveFromEventList
                0x0000000008001f54      0x1b0 Core/Src/tasks.o
                0x0000000008001f54                xTaskRemoveFromEventList
 .text.vTaskInternalSetTimeOutState
                0x0000000008002104       0x2c Core/Src/tasks.o
                0x0000000008002104                vTaskInternalSetTimeOutState
 .text.xTaskCheckForTimeOut
                0x0000000008002130       0xcc Core/Src/tasks.o
                0x0000000008002130                xTaskCheckForTimeOut
 .text.vTaskMissedYield
                0x00000000080021fc       0x18 Core/Src/tasks.o
                0x00000000080021fc                vTaskMissedYield
 .text.prvIdleTask
                0x0000000008002214       0x80 Core/Src/tasks.o
 .text.eTaskConfirmSleepModeStatus
                0x0000000008002294       0x6c Core/Src/tasks.o
                0x0000000008002294                eTaskConfirmSleepModeStatus
 .text.prvInitialiseTaskLists
                0x0000000008002300       0x80 Core/Src/tasks.o
 .text.prvCheckTasksWaitingTermination
                0x0000000008002380       0x5c Core/Src/tasks.o
 .text.prvDeleteTCB
                0x00000000080023dc       0x20 Core/Src/tasks.o
 .text.prvResetNextTaskUnblockTime
                0x00000000080023fc       0x34 Core/Src/tasks.o
 .text.xTaskGetSchedulerState
                0x0000000008002430       0x3c Core/Src/tasks.o
                0x0000000008002430                xTaskGetSchedulerState
 .text.prvAddCurrentTaskToDelayedList
                0x000000000800246c       0xdc Core/Src/tasks.o
 .text.xTimerCreateTimerTask
                0x0000000008002548       0x64 Core/Src/timers.o
                0x0000000008002548                xTimerCreateTimerTask
 .text.prvReloadTimer
                0x00000000080025ac       0x42 Core/Src/timers.o
 *fill*         0x00000000080025ee        0x2 
 .text.prvProcessExpiredTimer
                0x00000000080025f0       0x60 Core/Src/timers.o
 .text.prvTimerTask
                0x0000000008002650       0x24 Core/Src/timers.o
 .text.prvProcessTimerOrBlockTask
                0x0000000008002674       0x9c Core/Src/timers.o
 .text.prvGetNextExpireTime
                0x0000000008002710       0x44 Core/Src/timers.o
 .text.prvSampleTimeNow
                0x0000000008002754       0x40 Core/Src/timers.o
 .text.prvInsertTimerInActiveList
                0x0000000008002794       0x84 Core/Src/timers.o
 .text.prvProcessReceivedCommands
                0x0000000008002818      0x17c Core/Src/timers.o
 .text.prvSwitchTimerLists
                0x0000000008002994       0x4c Core/Src/timers.o
 .text.prvCheckForValidListAndQueue
                0x00000000080029e0       0x6c Core/Src/timers.o
 .text.Reset_Handler
                0x0000000008002a4c       0x48 Core/Startup/startup_stm32f103c8tx.o
                0x0000000008002a4c                Reset_Handler
 .text.Default_Handler
                0x0000000008002a94        0x2 Core/Startup/startup_stm32f103c8tx.o
                0x0000000008002a94                RTC_Alarm_IRQHandler
                0x0000000008002a94                EXTI2_IRQHandler
                0x0000000008002a94                TIM1_CC_IRQHandler
                0x0000000008002a94                PVD_IRQHandler
                0x0000000008002a94                EXTI3_IRQHandler
                0x0000000008002a94                EXTI0_IRQHandler
                0x0000000008002a94                I2C2_EV_IRQHandler
                0x0000000008002a94                ADC1_2_IRQHandler
                0x0000000008002a94                SPI1_IRQHandler
                0x0000000008002a94                TAMPER_IRQHandler
                0x0000000008002a94                DMA1_Channel4_IRQHandler
                0x0000000008002a94                USART3_IRQHandler
                0x0000000008002a94                RTC_IRQHandler
                0x0000000008002a94                DMA1_Channel7_IRQHandler
                0x0000000008002a94                CAN1_RX1_IRQHandler
                0x0000000008002a94                TIM4_IRQHandler
                0x0000000008002a94                I2C1_EV_IRQHandler
                0x0000000008002a94                DMA1_Channel6_IRQHandler
                0x0000000008002a94                TIM3_IRQHandler
                0x0000000008002a94                RCC_IRQHandler
                0x0000000008002a94                TIM1_TRG_COM_IRQHandler
                0x0000000008002a94                DMA1_Channel1_IRQHandler
                0x0000000008002a94                Default_Handler
                0x0000000008002a94                EXTI15_10_IRQHandler
                0x0000000008002a94                EXTI9_5_IRQHandler
                0x0000000008002a94                SPI2_IRQHandler
                0x0000000008002a94                DMA1_Channel5_IRQHandler
                0x0000000008002a94                EXTI4_IRQHandler
                0x0000000008002a94                USB_LP_CAN1_RX0_IRQHandler
                0x0000000008002a94                USB_HP_CAN1_TX_IRQHandler
                0x0000000008002a94                DMA1_Channel3_IRQHandler
                0x0000000008002a94                WWDG_IRQHandler
                0x0000000008002a94                TIM2_IRQHandler
                0x0000000008002a94                TIM1_BRK_IRQHandler
                0x0000000008002a94                EXTI1_IRQHandler
                0x0000000008002a94                USART2_IRQHandler
                0x0000000008002a94                I2C2_ER_IRQHandler
                0x0000000008002a94                DMA1_Channel2_IRQHandler
                0x0000000008002a94                CAN1_SCE_IRQHandler
                0x0000000008002a94                FLASH_IRQHandler
                0x0000000008002a94                USART1_IRQHandler
                0x0000000008002a94                I2C1_ER_IRQHandler
                0x0000000008002a94                USBWakeUp_IRQHandler
 *fill*         0x0000000008002a96        0x2 
 .text.HAL_Init
                0x0000000008002a98       0x2c Drivers/STM32F1xx_HAL_Driver/Src/stm32f1xx_hal.o
                0x0000000008002a98                HAL_Init
 .text.HAL_IncTick
                0x0000000008002ac4       0x24 Drivers/STM32F1xx_HAL_Driver/Src/stm32f1xx_hal.o
                0x0000000008002ac4                HAL_IncTick
 .text.HAL_GetTick
                0x0000000008002ae8       0x14 Drivers/STM32F1xx_HAL_Driver/Src/stm32f1xx_hal.o
                0x0000000008002ae8                HAL_GetTick
 .text.__NVIC_SetPriorityGrouping
                0x0000000008002afc       0x48 Drivers/STM32F1xx_HAL_Driver/Src/stm32f1xx_hal_cortex.o
 .text.__NVIC_GetPriorityGrouping
                0x0000000008002b44       0x1c Drivers/STM32F1xx_HAL_Driver/Src/stm32f1xx_hal_cortex.o
 .text.__NVIC_EnableIRQ
                0x0000000008002b60       0x38 Drivers/STM32F1xx_HAL_Driver/Src/stm32f1xx_hal_cortex.o
 .text.__NVIC_SetPriority
                0x0000000008002b98       0x54 Drivers/STM32F1xx_HAL_Driver/Src/stm32f1xx_hal_cortex.o
 .text.NVIC_EncodePriority
                0x0000000008002bec       0x64 Drivers/STM32F1xx_HAL_Driver/Src/stm32f1xx_hal_cortex.o
 .text.HAL_NVIC_SetPriorityGrouping
                0x0000000008002c50       0x16 Drivers/STM32F1xx_HAL_Driver/Src/stm32f1xx_hal_cortex.o
                0x0000000008002c50                HAL_NVIC_SetPriorityGrouping
 .text.HAL_NVIC_SetPriority
                0x0000000008002c66       0x38 Drivers/STM32F1xx_HAL_Driver/Src/stm32f1xx_hal_cortex.o
                0x0000000008002c66                HAL_NVIC_SetPriority
 .text.HAL_NVIC_EnableIRQ
                0x0000000008002c9e       0x1c Drivers/STM32F1xx_HAL_Driver/Src/stm32f1xx_hal_cortex.o
                0x0000000008002c9e                HAL_NVIC_EnableIRQ
 *fill*         0x0000000008002cba        0x2 
 .text.HAL_GPIO_Init
                0x0000000008002cbc      0x308 Drivers/STM32F1xx_HAL_Driver/Src/stm32f1xx_hal_gpio.o
                0x0000000008002cbc                HAL_GPIO_Init
 .text.HAL_GPIO_WritePin
                0x0000000008002fc4       0x30 Drivers/STM32F1xx_HAL_Driver/Src/stm32f1xx_hal_gpio.o
                0x0000000008002fc4                HAL_GPIO_WritePin
 .text.HAL_RCC_OscConfig
                0x0000000008002ff4      0x500 Drivers/STM32F1xx_HAL_Driver/Src/stm32f1xx_hal_rcc.o
                0x0000000008002ff4                HAL_RCC_OscConfig
 .text.HAL_RCC_ClockConfig
                0x00000000080034f4      0x1d4 Drivers/STM32F1xx_HAL_Driver/Src/stm32f1xx_hal_rcc.o
                0x00000000080034f4                HAL_RCC_ClockConfig
 .text.HAL_RCC_GetSysClockFreq
                0x00000000080036c8       0xa8 Drivers/STM32F1xx_HAL_Driver/Src/stm32f1xx_hal_rcc.o
                0x00000000080036c8                HAL_RCC_GetSysClockFreq
 .text.HAL_RCC_GetHCLKFreq
                0x0000000008003770       0x14 Drivers/STM32F1xx_HAL_Driver/Src/stm32f1xx_hal_rcc.o
                0x0000000008003770                HAL_RCC_GetHCLKFreq
 .text.HAL_RCC_GetPCLK2Freq
                0x0000000008003784       0x28 Drivers/STM32F1xx_HAL_Driver/Src/stm32f1xx_hal_rcc.o
                0x0000000008003784                HAL_RCC_GetPCLK2Freq
 .text.HAL_RCC_GetClockConfig
                0x00000000080037ac       0x60 Drivers/STM32F1xx_HAL_Driver/Src/stm32f1xx_hal_rcc.o
                0x00000000080037ac                HAL_RCC_GetClockConfig
 .text.RCC_Delay
                0x000000000800380c       0x3c Drivers/STM32F1xx_HAL_Driver/Src/stm32f1xx_hal_rcc.o
 .text.HAL_TIM_Base_Init
                0x0000000008003848       0x9e Drivers/STM32F1xx_HAL_Driver/Src/stm32f1xx_hal_tim.o
                0x0000000008003848                HAL_TIM_Base_Init
 .text.HAL_TIM_Base_MspInit
                0x00000000080038e6       0x12 Drivers/STM32F1xx_HAL_Driver/Src/stm32f1xx_hal_tim.o
                0x00000000080038e6                HAL_TIM_Base_MspInit
 .text.HAL_TIM_Base_Start_IT
                0x00000000080038f8       0xa4 Drivers/STM32F1xx_HAL_Driver/Src/stm32f1xx_hal_tim.o
                0x00000000080038f8                HAL_TIM_Base_Start_IT
 .text.HAL_TIM_IRQHandler
                0x000000000800399c      0x1e0 Drivers/STM32F1xx_HAL_Driver/Src/stm32f1xx_hal_tim.o
                0x000000000800399c                HAL_TIM_IRQHandler
 .text.HAL_TIM_OC_DelayElapsedCallback
                0x0000000008003b7c       0x12 Drivers/STM32F1xx_HAL_Driver/Src/stm32f1xx_hal_tim.o
                0x0000000008003b7c                HAL_TIM_OC_DelayElapsedCallback
 .text.HAL_TIM_IC_CaptureCallback
                0x0000000008003b8e       0x12 Drivers/STM32F1xx_HAL_Driver/Src/stm32f1xx_hal_tim.o
                0x0000000008003b8e                HAL_TIM_IC_CaptureCallback
 .text.HAL_TIM_PWM_PulseFinishedCallback
                0x0000000008003ba0       0x12 Drivers/STM32F1xx_HAL_Driver/Src/stm32f1xx_hal_tim.o
                0x0000000008003ba0                HAL_TIM_PWM_PulseFinishedCallback
 .text.HAL_TIM_TriggerCallback
                0x0000000008003bb2       0x12 Drivers/STM32F1xx_HAL_Driver/Src/stm32f1xx_hal_tim.o
                0x0000000008003bb2                HAL_TIM_TriggerCallback
 .text.TIM_Base_SetConfig
                0x0000000008003bc4       0xdc Drivers/STM32F1xx_HAL_Driver/Src/stm32f1xx_hal_tim.o
                0x0000000008003bc4                TIM_Base_SetConfig
 .text.HAL_TIMEx_CommutCallback
                0x0000000008003ca0       0x12 Drivers/STM32F1xx_HAL_Driver/Src/stm32f1xx_hal_tim_ex.o
                0x0000000008003ca0                HAL_TIMEx_CommutCallback
 .text.HAL_TIMEx_BreakCallback
                0x0000000008003cb2       0x12 Drivers/STM32F1xx_HAL_Driver/Src/stm32f1xx_hal_tim_ex.o
                0x0000000008003cb2                HAL_TIMEx_BreakCallback
 .text.__errno  0x0000000008003cc4        0xc c:/st/stm32cubeide_1.6.1/stm32cubeide/plugins/com.st.stm32cube.ide.mcu.externaltools.gnu-tools-for-stm32.9-2020-q2-update.win32_1.5.0.202011040924/tools/bin/../lib/gcc/arm-none-eabi/9.3.1/../../../../arm-none-eabi/lib/thumb/v7-m/nofp\libc_nano.a(lib_a-errno.o)
                0x0000000008003cc4                __errno
 .text.__libc_init_array
                0x0000000008003cd0       0x48 c:/st/stm32cubeide_1.6.1/stm32cubeide/plugins/com.st.stm32cube.ide.mcu.externaltools.gnu-tools-for-stm32.9-2020-q2-update.win32_1.5.0.202011040924/tools/bin/../lib/gcc/arm-none-eabi/9.3.1/../../../../arm-none-eabi/lib/thumb/v7-m/nofp\libc_nano.a(lib_a-init.o)
                0x0000000008003cd0                __libc_init_array
 .text.malloc   0x0000000008003d18       0x10 c:/st/stm32cubeide_1.6.1/stm32cubeide/plugins/com.st.stm32cube.ide.mcu.externaltools.gnu-tools-for-stm32.9-2020-q2-update.win32_1.5.0.202011040924/tools/bin/../lib/gcc/arm-none-eabi/9.3.1/../../../../arm-none-eabi/lib/thumb/v7-m/nofp\libc_nano.a(lib_a-malloc.o)
                0x0000000008003d18                malloc
 .text.free     0x0000000008003d28       0x10 c:/st/stm32cubeide_1.6.1/stm32cubeide/plugins/com.st.stm32cube.ide.mcu.externaltools.gnu-tools-for-stm32.9-2020-q2-update.win32_1.5.0.202011040924/tools/bin/../lib/gcc/arm-none-eabi/9.3.1/../../../../arm-none-eabi/lib/thumb/v7-m/nofp\libc_nano.a(lib_a-malloc.o)
                0x0000000008003d28                free
 .text.memcpy   0x0000000008003d38       0x1c c:/st/stm32cubeide_1.6.1/stm32cubeide/plugins/com.st.stm32cube.ide.mcu.externaltools.gnu-tools-for-stm32.9-2020-q2-update.win32_1.5.0.202011040924/tools/bin/../lib/gcc/arm-none-eabi/9.3.1/../../../../arm-none-eabi/lib/thumb/v7-m/nofp\libc_nano.a(lib_a-memcpy-stub.o)
                0x0000000008003d38                memcpy
 .text.memset   0x0000000008003d54       0x10 c:/st/stm32cubeide_1.6.1/stm32cubeide/plugins/com.st.stm32cube.ide.mcu.externaltools.gnu-tools-for-stm32.9-2020-q2-update.win32_1.5.0.202011040924/tools/bin/../lib/gcc/arm-none-eabi/9.3.1/../../../../arm-none-eabi/lib/thumb/v7-m/nofp\libc_nano.a(lib_a-memset.o)
                0x0000000008003d54                memset
 .text._free_r  0x0000000008003d64       0x98 c:/st/stm32cubeide_1.6.1/stm32cubeide/plugins/com.st.stm32cube.ide.mcu.externaltools.gnu-tools-for-stm32.9-2020-q2-update.win32_1.5.0.202011040924/tools/bin/../lib/gcc/arm-none-eabi/9.3.1/../../../../arm-none-eabi/lib/thumb/v7-m/nofp\libc_nano.a(lib_a-nano-freer.o)
                0x0000000008003d64                _free_r
 .text._malloc_r
                0x0000000008003dfc       0xb4 c:/st/stm32cubeide_1.6.1/stm32cubeide/plugins/com.st.stm32cube.ide.mcu.externaltools.gnu-tools-for-stm32.9-2020-q2-update.win32_1.5.0.202011040924/tools/bin/../lib/gcc/arm-none-eabi/9.3.1/../../../../arm-none-eabi/lib/thumb/v7-m/nofp\libc_nano.a(lib_a-nano-mallocr.o)
                0x0000000008003dfc                _malloc_r
 .text._sbrk_r  0x0000000008003eb0       0x20 c:/st/stm32cubeide_1.6.1/stm32cubeide/plugins/com.st.stm32cube.ide.mcu.externaltools.gnu-tools-for-stm32.9-2020-q2-update.win32_1.5.0.202011040924/tools/bin/../lib/gcc/arm-none-eabi/9.3.1/../../../../arm-none-eabi/lib/thumb/v7-m/nofp\libc_nano.a(lib_a-sbrkr.o)
                0x0000000008003eb0                _sbrk_r
 .text.__malloc_lock
                0x0000000008003ed0        0xc c:/st/stm32cubeide_1.6.1/stm32cubeide/plugins/com.st.stm32cube.ide.mcu.externaltools.gnu-tools-for-stm32.9-2020-q2-update.win32_1.5.0.202011040924/tools/bin/../lib/gcc/arm-none-eabi/9.3.1/../../../../arm-none-eabi/lib/thumb/v7-m/nofp\libc_nano.a(lib_a-mlock.o)
                0x0000000008003ed0                __malloc_lock
 .text.__malloc_unlock
                0x0000000008003edc        0xc c:/st/stm32cubeide_1.6.1/stm32cubeide/plugins/com.st.stm32cube.ide.mcu.externaltools.gnu-tools-for-stm32.9-2020-q2-update.win32_1.5.0.202011040924/tools/bin/../lib/gcc/arm-none-eabi/9.3.1/../../../../arm-none-eabi/lib/thumb/v7-m/nofp\libc_nano.a(lib_a-mlock.o)
                0x0000000008003edc                __malloc_unlock
 .text.__retarget_lock_acquire_recursive
                0x0000000008003ee8        0x2 c:/st/stm32cubeide_1.6.1/stm32cubeide/plugins/com.st.stm32cube.ide.mcu.externaltools.gnu-tools-for-stm32.9-2020-q2-update.win32_1.5.0.202011040924/tools/bin/../lib/gcc/arm-none-eabi/9.3.1/../../../../arm-none-eabi/lib/thumb/v7-m/nofp\libc_nano.a(lib_a-lock.o)
                0x0000000008003ee8                __retarget_lock_acquire_recursive
 .text.__retarget_lock_release_recursive
                0x0000000008003eea        0x2 c:/st/stm32cubeide_1.6.1/stm32cubeide/plugins/com.st.stm32cube.ide.mcu.externaltools.gnu-tools-for-stm32.9-2020-q2-update.win32_1.5.0.202011040924/tools/bin/../lib/gcc/arm-none-eabi/9.3.1/../../../../arm-none-eabi/lib/thumb/v7-m/nofp\libc_nano.a(lib_a-lock.o)
                0x0000000008003eea                __retarget_lock_release_recursive
 *(.glue_7)
 .glue_7        0x0000000008003eec        0x0 linker stubs
 *(.glue_7t)
 .glue_7t       0x0000000008003eec        0x0 linker stubs
 *(.eh_frame)
 .eh_frame      0x0000000008003eec        0x0 c:/st/stm32cubeide_1.6.1/stm32cubeide/plugins/com.st.stm32cube.ide.mcu.externaltools.gnu-tools-for-stm32.9-2020-q2-update.win32_1.5.0.202011040924/tools/bin/../lib/gcc/arm-none-eabi/9.3.1/thumb/v7-m/nofp/crtbegin.o
 *(.init)
 .init          0x0000000008003eec        0x4 c:/st/stm32cubeide_1.6.1/stm32cubeide/plugins/com.st.stm32cube.ide.mcu.externaltools.gnu-tools-for-stm32.9-2020-q2-update.win32_1.5.0.202011040924/tools/bin/../lib/gcc/arm-none-eabi/9.3.1/thumb/v7-m/nofp/crti.o
                0x0000000008003eec                _init
 .init          0x0000000008003ef0        0x8 c:/st/stm32cubeide_1.6.1/stm32cubeide/plugins/com.st.stm32cube.ide.mcu.externaltools.gnu-tools-for-stm32.9-2020-q2-update.win32_1.5.0.202011040924/tools/bin/../lib/gcc/arm-none-eabi/9.3.1/thumb/v7-m/nofp/crtn.o
 *(.fini)
 .fini          0x0000000008003ef8        0x4 c:/st/stm32cubeide_1.6.1/stm32cubeide/plugins/com.st.stm32cube.ide.mcu.externaltools.gnu-tools-for-stm32.9-2020-q2-update.win32_1.5.0.202011040924/tools/bin/../lib/gcc/arm-none-eabi/9.3.1/thumb/v7-m/nofp/crti.o
                0x0000000008003ef8                _fini
 .fini          0x0000000008003efc        0x8 c:/st/stm32cubeide_1.6.1/stm32cubeide/plugins/com.st.stm32cube.ide.mcu.externaltools.gnu-tools-for-stm32.9-2020-q2-update.win32_1.5.0.202011040924/tools/bin/../lib/gcc/arm-none-eabi/9.3.1/thumb/v7-m/nofp/crtn.o
                0x0000000008003f04                . = ALIGN (0x4)
                0x0000000008003f04                _etext = .

.vfp11_veneer   0x0000000008003f04        0x0
 .vfp11_veneer  0x0000000008003f04        0x0 linker stubs

.v4_bx          0x0000000008003f04        0x0
 .v4_bx         0x0000000008003f04        0x0 linker stubs

.iplt           0x0000000008003f04        0x0
 .iplt          0x0000000008003f04        0x0 c:/st/stm32cubeide_1.6.1/stm32cubeide/plugins/com.st.stm32cube.ide.mcu.externaltools.gnu-tools-for-stm32.9-2020-q2-update.win32_1.5.0.202011040924/tools/bin/../lib/gcc/arm-none-eabi/9.3.1/thumb/v7-m/nofp/crtbegin.o

.rodata         0x0000000008003f04       0x48
                0x0000000008003f04                . = ALIGN (0x4)
 *(.rodata)
 .rodata        0x0000000008003f04        0x1 Core/Src/main.o
 *fill*         0x0000000008003f05        0x3 
 .rodata        0x0000000008003f08        0x5 Core/Src/tasks.o
 *fill*         0x0000000008003f0d        0x3 
 .rodata        0x0000000008003f10        0xd Core/Src/timers.o
 *(.rodata*)
 *fill*         0x0000000008003f1d        0x3 
 .rodata.AHBPrescTable
                0x0000000008003f20       0x10 Core/Src/system_stm32f1xx.o
                0x0000000008003f20                AHBPrescTable
 .rodata.APBPrescTable
                0x0000000008003f30        0x8 Core/Src/system_stm32f1xx.o
                0x0000000008003f30                APBPrescTable
 .rodata.aPLLMULFactorTable.6037
                0x0000000008003f38       0x10 Drivers/STM32F1xx_HAL_Driver/Src/stm32f1xx_hal_rcc.o
 .rodata.aPredivFactorTable.6038
                0x0000000008003f48        0x2 Drivers/STM32F1xx_HAL_Driver/Src/stm32f1xx_hal_rcc.o
                0x0000000008003f4c                . = ALIGN (0x4)
 *fill*         0x0000000008003f4a        0x2 

.rel.dyn        0x0000000008003f4c        0x0
 .rel.iplt      0x0000000008003f4c        0x0 c:/st/stm32cubeide_1.6.1/stm32cubeide/plugins/com.st.stm32cube.ide.mcu.externaltools.gnu-tools-for-stm32.9-2020-q2-update.win32_1.5.0.202011040924/tools/bin/../lib/gcc/arm-none-eabi/9.3.1/thumb/v7-m/nofp/crtbegin.o

.ARM.extab      0x0000000008003f4c        0x0
                0x0000000008003f4c                . = ALIGN (0x4)
 *(.ARM.extab* .gnu.linkonce.armextab.*)
                0x0000000008003f4c                . = ALIGN (0x4)

.ARM            0x0000000008003f4c        0x0
                0x0000000008003f4c                . = ALIGN (0x4)
                0x0000000008003f4c                __exidx_start = .
 *(.ARM.exidx*)
                0x0000000008003f4c                __exidx_end = .
                0x0000000008003f4c                . = ALIGN (0x4)

.preinit_array  0x0000000008003f4c        0x0
                0x0000000008003f4c                . = ALIGN (0x4)
                0x0000000008003f4c                PROVIDE (__preinit_array_start = .)
 *(.preinit_array*)
                0x0000000008003f4c                PROVIDE (__preinit_array_end = .)
                0x0000000008003f4c                . = ALIGN (0x4)

.init_array     0x0000000008003f4c        0x4
                0x0000000008003f4c                . = ALIGN (0x4)
                0x0000000008003f4c                PROVIDE (__init_array_start = .)
 *(SORT_BY_NAME(.init_array.*))
 *(.init_array*)
 .init_array    0x0000000008003f4c        0x4 c:/st/stm32cubeide_1.6.1/stm32cubeide/plugins/com.st.stm32cube.ide.mcu.externaltools.gnu-tools-for-stm32.9-2020-q2-update.win32_1.5.0.202011040924/tools/bin/../lib/gcc/arm-none-eabi/9.3.1/thumb/v7-m/nofp/crtbegin.o
                0x0000000008003f50                PROVIDE (__init_array_end = .)
                0x0000000008003f50                . = ALIGN (0x4)

.fini_array     0x0000000008003f50        0x4
                0x0000000008003f50                . = ALIGN (0x4)
                [!provide]                        PROVIDE (__fini_array_start = .)
 *(SORT_BY_NAME(.fini_array.*))
 *(.fini_array*)
 .fini_array    0x0000000008003f50        0x4 c:/st/stm32cubeide_1.6.1/stm32cubeide/plugins/com.st.stm32cube.ide.mcu.externaltools.gnu-tools-for-stm32.9-2020-q2-update.win32_1.5.0.202011040924/tools/bin/../lib/gcc/arm-none-eabi/9.3.1/thumb/v7-m/nofp/crtbegin.o
                [!provide]                        PROVIDE (__fini_array_end = .)
                0x0000000008003f54                . = ALIGN (0x4)
                0x0000000008003f54                _sidata = LOADADDR (.data)

.data           0x0000000020000000       0x78 load address 0x0000000008003f54
                0x0000000020000000                . = ALIGN (0x4)
                0x0000000020000000                _sdata = .
 *(.data)
 *(.data*)
 .data.uxCriticalNesting
                0x0000000020000000        0x4 Core/Src/port.o
 .data.SystemCoreClock
                0x0000000020000004        0x4 Core/Src/system_stm32f1xx.o
                0x0000000020000004                SystemCoreClock
 .data.uxTopUsedPriority
                0x0000000020000008        0x4 Core/Src/tasks.o
                0x0000000020000008                uxTopUsedPriority
 .data.uwTickPrio
                0x000000002000000c        0x4 Drivers/STM32F1xx_HAL_Driver/Src/stm32f1xx_hal.o
                0x000000002000000c                uwTickPrio
 .data.uwTickFreq
                0x0000000020000010        0x1 Drivers/STM32F1xx_HAL_Driver/Src/stm32f1xx_hal.o
                0x0000000020000010                uwTickFreq
 *fill*         0x0000000020000011        0x3 
 .data._impure_ptr
                0x0000000020000014        0x4 c:/st/stm32cubeide_1.6.1/stm32cubeide/plugins/com.st.stm32cube.ide.mcu.externaltools.gnu-tools-for-stm32.9-2020-q2-update.win32_1.5.0.202011040924/tools/bin/../lib/gcc/arm-none-eabi/9.3.1/../../../../arm-none-eabi/lib/thumb/v7-m/nofp\libc_nano.a(lib_a-impure.o)
                0x0000000020000014                _impure_ptr
 .data.impure_data
                0x0000000020000018       0x60 c:/st/stm32cubeide_1.6.1/stm32cubeide/plugins/com.st.stm32cube.ide.mcu.externaltools.gnu-tools-for-stm32.9-2020-q2-update.win32_1.5.0.202011040924/tools/bin/../lib/gcc/arm-none-eabi/9.3.1/../../../../arm-none-eabi/lib/thumb/v7-m/nofp\libc_nano.a(lib_a-impure.o)
 *(.RamFunc)
 *(.RamFunc*)
                0x0000000020000078                . = ALIGN (0x4)
                0x0000000020000078                _edata = .

.igot.plt       0x0000000020000078        0x0 load address 0x0000000008003fcc
 .igot.plt      0x0000000020000078        0x0 c:/st/stm32cubeide_1.6.1/stm32cubeide/plugins/com.st.stm32cube.ide.mcu.externaltools.gnu-tools-for-stm32.9-2020-q2-update.win32_1.5.0.202011040924/tools/bin/../lib/gcc/arm-none-eabi/9.3.1/thumb/v7-m/nofp/crtbegin.o
                0x0000000020000078                . = ALIGN (0x4)

.bss            0x0000000020000078      0x220 load address 0x0000000008003fcc
                0x0000000020000078                _sbss = .
                0x0000000020000078                __bss_start__ = _sbss
 *(.bss)
 .bss           0x0000000020000078       0x1c c:/st/stm32cubeide_1.6.1/stm32cubeide/plugins/com.st.stm32cube.ide.mcu.externaltools.gnu-tools-for-stm32.9-2020-q2-update.win32_1.5.0.202011040924/tools/bin/../lib/gcc/arm-none-eabi/9.3.1/thumb/v7-m/nofp/crtbegin.o
 *(.bss*)
 .bss.ulTimerCountsForOneTick
                0x0000000020000094        0x4 Core/Src/port.o
 .bss.xMaximumPossibleSuppressedTicks
                0x0000000020000098        0x4 Core/Src/port.o
 .bss.ulStoppedTimerCompensation
                0x000000002000009c        0x4 Core/Src/port.o
 .bss.ucMaxSysCallPriority
                0x00000000200000a0        0x1 Core/Src/port.o
 *fill*         0x00000000200000a1        0x3 
 .bss.ulMaxPRIGROUPValue
                0x00000000200000a4        0x4 Core/Src/port.o
 .bss.__sbrk_heap_end
                0x00000000200000a8        0x4 Core/Src/sysmem.o
 .bss.pxCurrentTCB
                0x00000000200000ac        0x4 Core/Src/tasks.o
                0x00000000200000ac                pxCurrentTCB
 .bss.pxReadyTasksLists
                0x00000000200000b0       0x64 Core/Src/tasks.o
 .bss.xDelayedTaskList1
                0x0000000020000114       0x14 Core/Src/tasks.o
 .bss.xDelayedTaskList2
                0x0000000020000128       0x14 Core/Src/tasks.o
 .bss.pxDelayedTaskList
                0x000000002000013c        0x4 Core/Src/tasks.o
 .bss.pxOverflowDelayedTaskList
                0x0000000020000140        0x4 Core/Src/tasks.o
 .bss.xPendingReadyList
                0x0000000020000144       0x14 Core/Src/tasks.o
 .bss.xTasksWaitingTermination
                0x0000000020000158       0x14 Core/Src/tasks.o
 .bss.uxDeletedTasksWaitingCleanUp
                0x000000002000016c        0x4 Core/Src/tasks.o
 .bss.xSuspendedTaskList
                0x0000000020000170       0x14 Core/Src/tasks.o
 .bss.uxCurrentNumberOfTasks
                0x0000000020000184        0x4 Core/Src/tasks.o
 .bss.xTickCount
                0x0000000020000188        0x4 Core/Src/tasks.o
 .bss.uxTopReadyPriority
                0x000000002000018c        0x4 Core/Src/tasks.o
 .bss.xSchedulerRunning
                0x0000000020000190        0x4 Core/Src/tasks.o
 .bss.xPendedTicks
                0x0000000020000194        0x4 Core/Src/tasks.o
 .bss.xYieldPending
                0x0000000020000198        0x4 Core/Src/tasks.o
 .bss.xNumOfOverflows
                0x000000002000019c        0x4 Core/Src/tasks.o
 .bss.uxTaskNumber
                0x00000000200001a0        0x4 Core/Src/tasks.o
 .bss.xNextTaskUnblockTime
                0x00000000200001a4        0x4 Core/Src/tasks.o
 .bss.xIdleTaskHandle
                0x00000000200001a8        0x4 Core/Src/tasks.o
 .bss.uxSchedulerSuspended
                0x00000000200001ac        0x4 Core/Src/tasks.o
 .bss.xActiveTimerList1
                0x00000000200001b0       0x14 Core/Src/timers.o
 .bss.xActiveTimerList2
                0x00000000200001c4       0x14 Core/Src/timers.o
 .bss.pxCurrentTimerList
                0x00000000200001d8        0x4 Core/Src/timers.o
 .bss.pxOverflowTimerList
                0x00000000200001dc        0x4 Core/Src/timers.o
 .bss.xTimerQueue
                0x00000000200001e0        0x4 Core/Src/timers.o
 .bss.xTimerTaskHandle
                0x00000000200001e4        0x4 Core/Src/timers.o
 .bss.xLastTime.5553
                0x00000000200001e8        0x4 Core/Src/timers.o
 .bss.__malloc_free_list
                0x00000000200001ec        0x4 c:/st/stm32cubeide_1.6.1/stm32cubeide/plugins/com.st.stm32cube.ide.mcu.externaltools.gnu-tools-for-stm32.9-2020-q2-update.win32_1.5.0.202011040924/tools/bin/../lib/gcc/arm-none-eabi/9.3.1/../../../../arm-none-eabi/lib/thumb/v7-m/nofp\libc_nano.a(lib_a-nano-mallocr.o)
                0x00000000200001ec                __malloc_free_list
 .bss.__malloc_sbrk_start
                0x00000000200001f0        0x4 c:/st/stm32cubeide_1.6.1/stm32cubeide/plugins/com.st.stm32cube.ide.mcu.externaltools.gnu-tools-for-stm32.9-2020-q2-update.win32_1.5.0.202011040924/tools/bin/../lib/gcc/arm-none-eabi/9.3.1/../../../../arm-none-eabi/lib/thumb/v7-m/nofp\libc_nano.a(lib_a-nano-mallocr.o)
                0x00000000200001f0                __malloc_sbrk_start
 *(COMMON)
 COMMON         0x00000000200001f4        0x8 Core/Src/main.o
                0x00000000200001f4                Tarea1Handle
                0x00000000200001f8                Tarea2Handle
 COMMON         0x00000000200001fc       0x40 Core/Src/queue.o
                0x00000000200001fc                xQueueRegistry
 COMMON         0x000000002000023c       0x48 Core/Src/stm32f1xx_hal_timebase_tim.o
                0x000000002000023c                htim1
 COMMON         0x0000000020000284        0x4 Drivers/STM32F1xx_HAL_Driver/Src/stm32f1xx_hal.o
                0x0000000020000284                uwTick
 COMMON         0x0000000020000288        0x4 c:/st/stm32cubeide_1.6.1/stm32cubeide/plugins/com.st.stm32cube.ide.mcu.externaltools.gnu-tools-for-stm32.9-2020-q2-update.win32_1.5.0.202011040924/tools/bin/../lib/gcc/arm-none-eabi/9.3.1/../../../../arm-none-eabi/lib/thumb/v7-m/nofp\libc_nano.a(lib_a-reent.o)
                0x0000000020000288                errno
 COMMON         0x000000002000028c        0x9 c:/st/stm32cubeide_1.6.1/stm32cubeide/plugins/com.st.stm32cube.ide.mcu.externaltools.gnu-tools-for-stm32.9-2020-q2-update.win32_1.5.0.202011040924/tools/bin/../lib/gcc/arm-none-eabi/9.3.1/../../../../arm-none-eabi/lib/thumb/v7-m/nofp\libc_nano.a(lib_a-lock.o)
                0x000000002000028c                __lock___atexit_recursive_mutex
                0x000000002000028d                __lock___arc4random_mutex
                0x000000002000028e                __lock___env_recursive_mutex
                0x000000002000028f                __lock___sinit_recursive_mutex
                0x0000000020000290                __lock___malloc_recursive_mutex
                0x0000000020000291                __lock___at_quick_exit_mutex
                0x0000000020000292                __lock___dd_hash_mutex
                0x0000000020000293                __lock___tz_mutex
                0x0000000020000294                __lock___sfp_recursive_mutex
                0x0000000020000298                . = ALIGN (0x4)
 *fill*         0x0000000020000295        0x3 
                0x0000000020000298                _ebss = .
                0x0000000020000298                __bss_end__ = _ebss

._user_heap_stack
                0x0000000020000298      0x600 load address 0x0000000008003fcc
                0x0000000020000298                . = ALIGN (0x8)
                [!provide]                        PROVIDE (end = .)
                0x0000000020000298                PROVIDE (_end = .)
                0x0000000020000498                . = (. + _Min_Heap_Size)
 *fill*         0x0000000020000298      0x200 
                0x0000000020000898                . = (. + _Min_Stack_Size)
 *fill*         0x0000000020000498      0x400 
                0x0000000020000898                . = ALIGN (0x8)

/DISCARD/
 libc.a(*)
 libm.a(*)
 libgcc.a(*)

.ARM.attributes
                0x0000000000000000       0x29
 *(.ARM.attributes)
 .ARM.attributes
                0x0000000000000000       0x1d c:/st/stm32cubeide_1.6.1/stm32cubeide/plugins/com.st.stm32cube.ide.mcu.externaltools.gnu-tools-for-stm32.9-2020-q2-update.win32_1.5.0.202011040924/tools/bin/../lib/gcc/arm-none-eabi/9.3.1/thumb/v7-m/nofp/crti.o
 .ARM.attributes
                0x000000000000001d       0x2d c:/st/stm32cubeide_1.6.1/stm32cubeide/plugins/com.st.stm32cube.ide.mcu.externaltools.gnu-tools-for-stm32.9-2020-q2-update.win32_1.5.0.202011040924/tools/bin/../lib/gcc/arm-none-eabi/9.3.1/thumb/v7-m/nofp/crtbegin.o
 .ARM.attributes
                0x000000000000004a       0x2d Core/Src/heap_3.o
 .ARM.attributes
                0x0000000000000077       0x2d Core/Src/list.o
 .ARM.attributes
                0x00000000000000a4       0x2d Core/Src/main.o
 .ARM.attributes
                0x00000000000000d1       0x2d Core/Src/port.o
 .ARM.attributes
                0x00000000000000fe       0x2d Core/Src/queue.o
 .ARM.attributes
                0x000000000000012b       0x2d Core/Src/stm32f1xx_hal_msp.o
 .ARM.attributes
                0x0000000000000158       0x2d Core/Src/stm32f1xx_hal_timebase_tim.o
 .ARM.attributes
                0x0000000000000185       0x2d Core/Src/stm32f1xx_it.o
 .ARM.attributes
                0x00000000000001b2       0x2d Core/Src/sysmem.o
 .ARM.attributes
                0x00000000000001df       0x2d Core/Src/system_stm32f1xx.o
 .ARM.attributes
                0x000000000000020c       0x2d Core/Src/tasks.o
 .ARM.attributes
                0x0000000000000239       0x2d Core/Src/timers.o
 .ARM.attributes
                0x0000000000000266       0x21 Core/Startup/startup_stm32f103c8tx.o
 .ARM.attributes
                0x0000000000000287       0x2d Drivers/STM32F1xx_HAL_Driver/Src/stm32f1xx_hal.o
 .ARM.attributes
                0x00000000000002b4       0x2d Drivers/STM32F1xx_HAL_Driver/Src/stm32f1xx_hal_cortex.o
 .ARM.attributes
                0x00000000000002e1       0x2d Drivers/STM32F1xx_HAL_Driver/Src/stm32f1xx_hal_gpio.o
 .ARM.attributes
                0x000000000000030e       0x2d Drivers/STM32F1xx_HAL_Driver/Src/stm32f1xx_hal_rcc.o
 .ARM.attributes
                0x000000000000033b       0x2d Drivers/STM32F1xx_HAL_Driver/Src/stm32f1xx_hal_tim.o
 .ARM.attributes
                0x0000000000000368       0x2d Drivers/STM32F1xx_HAL_Driver/Src/stm32f1xx_hal_tim_ex.o
 .ARM.attributes
                0x0000000000000395       0x2d c:/st/stm32cubeide_1.6.1/stm32cubeide/plugins/com.st.stm32cube.ide.mcu.externaltools.gnu-tools-for-stm32.9-2020-q2-update.win32_1.5.0.202011040924/tools/bin/../lib/gcc/arm-none-eabi/9.3.1/../../../../arm-none-eabi/lib/thumb/v7-m/nofp\libc_nano.a(lib_a-errno.o)
 .ARM.attributes
                0x00000000000003c2       0x2d c:/st/stm32cubeide_1.6.1/stm32cubeide/plugins/com.st.stm32cube.ide.mcu.externaltools.gnu-tools-for-stm32.9-2020-q2-update.win32_1.5.0.202011040924/tools/bin/../lib/gcc/arm-none-eabi/9.3.1/../../../../arm-none-eabi/lib/thumb/v7-m/nofp\libc_nano.a(lib_a-impure.o)
 .ARM.attributes
                0x00000000000003ef       0x2d c:/st/stm32cubeide_1.6.1/stm32cubeide/plugins/com.st.stm32cube.ide.mcu.externaltools.gnu-tools-for-stm32.9-2020-q2-update.win32_1.5.0.202011040924/tools/bin/../lib/gcc/arm-none-eabi/9.3.1/../../../../arm-none-eabi/lib/thumb/v7-m/nofp\libc_nano.a(lib_a-init.o)
 .ARM.attributes
                0x000000000000041c       0x2d c:/st/stm32cubeide_1.6.1/stm32cubeide/plugins/com.st.stm32cube.ide.mcu.externaltools.gnu-tools-for-stm32.9-2020-q2-update.win32_1.5.0.202011040924/tools/bin/../lib/gcc/arm-none-eabi/9.3.1/../../../../arm-none-eabi/lib/thumb/v7-m/nofp\libc_nano.a(lib_a-malloc.o)
 .ARM.attributes
                0x0000000000000449       0x2d c:/st/stm32cubeide_1.6.1/stm32cubeide/plugins/com.st.stm32cube.ide.mcu.externaltools.gnu-tools-for-stm32.9-2020-q2-update.win32_1.5.0.202011040924/tools/bin/../lib/gcc/arm-none-eabi/9.3.1/../../../../arm-none-eabi/lib/thumb/v7-m/nofp\libc_nano.a(lib_a-memcpy-stub.o)
 .ARM.attributes
                0x0000000000000476       0x2d c:/st/stm32cubeide_1.6.1/stm32cubeide/plugins/com.st.stm32cube.ide.mcu.externaltools.gnu-tools-for-stm32.9-2020-q2-update.win32_1.5.0.202011040924/tools/bin/../lib/gcc/arm-none-eabi/9.3.1/../../../../arm-none-eabi/lib/thumb/v7-m/nofp\libc_nano.a(lib_a-memset.o)
 .ARM.attributes
                0x00000000000004a3       0x2d c:/st/stm32cubeide_1.6.1/stm32cubeide/plugins/com.st.stm32cube.ide.mcu.externaltools.gnu-tools-for-stm32.9-2020-q2-update.win32_1.5.0.202011040924/tools/bin/../lib/gcc/arm-none-eabi/9.3.1/../../../../arm-none-eabi/lib/thumb/v7-m/nofp\libc_nano.a(lib_a-nano-freer.o)
 .ARM.attributes
                0x00000000000004d0       0x2d c:/st/stm32cubeide_1.6.1/stm32cubeide/plugins/com.st.stm32cube.ide.mcu.externaltools.gnu-tools-for-stm32.9-2020-q2-update.win32_1.5.0.202011040924/tools/bin/../lib/gcc/arm-none-eabi/9.3.1/../../../../arm-none-eabi/lib/thumb/v7-m/nofp\libc_nano.a(lib_a-nano-mallocr.o)
 .ARM.attributes
                0x00000000000004fd       0x2d c:/st/stm32cubeide_1.6.1/stm32cubeide/plugins/com.st.stm32cube.ide.mcu.externaltools.gnu-tools-for-stm32.9-2020-q2-update.win32_1.5.0.202011040924/tools/bin/../lib/gcc/arm-none-eabi/9.3.1/../../../../arm-none-eabi/lib/thumb/v7-m/nofp\libc_nano.a(lib_a-sbrkr.o)
 .ARM.attributes
                0x000000000000052a       0x2d c:/st/stm32cubeide_1.6.1/stm32cubeide/plugins/com.st.stm32cube.ide.mcu.externaltools.gnu-tools-for-stm32.9-2020-q2-update.win32_1.5.0.202011040924/tools/bin/../lib/gcc/arm-none-eabi/9.3.1/../../../../arm-none-eabi/lib/thumb/v7-m/nofp\libc_nano.a(lib_a-mlock.o)
 .ARM.attributes
                0x0000000000000557       0x2d c:/st/stm32cubeide_1.6.1/stm32cubeide/plugins/com.st.stm32cube.ide.mcu.externaltools.gnu-tools-for-stm32.9-2020-q2-update.win32_1.5.0.202011040924/tools/bin/../lib/gcc/arm-none-eabi/9.3.1/../../../../arm-none-eabi/lib/thumb/v7-m/nofp\libc_nano.a(lib_a-reent.o)
 .ARM.attributes
                0x0000000000000584       0x2d c:/st/stm32cubeide_1.6.1/stm32cubeide/plugins/com.st.stm32cube.ide.mcu.externaltools.gnu-tools-for-stm32.9-2020-q2-update.win32_1.5.0.202011040924/tools/bin/../lib/gcc/arm-none-eabi/9.3.1/../../../../arm-none-eabi/lib/thumb/v7-m/nofp\libc_nano.a(lib_a-lock.o)
 .ARM.attributes
                0x00000000000005b1       0x1d c:/st/stm32cubeide_1.6.1/stm32cubeide/plugins/com.st.stm32cube.ide.mcu.externaltools.gnu-tools-for-stm32.9-2020-q2-update.win32_1.5.0.202011040924/tools/bin/../lib/gcc/arm-none-eabi/9.3.1/thumb/v7-m/nofp/crtn.o
OUTPUT(firmware.elf elf32-littlearm)
LOAD linker stubs
LOAD c:/st/stm32cubeide_1.6.1/stm32cubeide/plugins/com.st.stm32cube.ide.mcu.externaltools.gnu-tools-for-stm32.9-2020-q2-update.win32_1.5.0.202011040924/tools/bin/../lib/gcc/arm-none-eabi/9.3.1/../../../../arm-none-eabi/lib/thumb/v7-m/nofp\libc.a
LOAD c:/st/stm32cubeide_1.6.1/stm32cubeide/plugins/com.st.stm32cube.ide.mcu.externaltools.gnu-tools-for-stm32.9-2020-q2-update.win32_1.5.0.202011040924/tools/bin/../lib/gcc/arm-none-eabi/9.3.1/../../../../arm-none-eabi/lib/thumb/v7-m/nofp\libm.a
LOAD c:/st/stm32cubeide_1.6.1/stm32cubeide/plugins/com.st.stm32cube.ide.mcu.externaltools.gnu-tools-for-stm32.9-2020-q2-update.win32_1.5.0.202011040924/tools/bin/../lib/gcc/arm-none-eabi/9.3.1/thumb/v7-m/nofp\libgcc.a

.debug_info     0x0000000000000000    0x11174
 .debug_info    0x0000000000000000      0x9af Core/Src/heap_3.o
 .debug_info    0x00000000000009af      0xb82 Core/Src/list.o
 .debug_info    0x0000000000001531      0xb94 Core/Src/main.o
 .debug_info    0x00000000000020c5      0x58a Core/Src/port.o
 .debug_info    0x000000000000264f     0x204f Core/Src/queue.o
 .debug_info    0x000000000000469e      0x2fc Core/Src/stm32f1xx_hal_msp.o
 .debug_info    0x000000000000499a      0xa1e Core/Src/stm32f1xx_hal_timebase_tim.o
 .debug_info    0x00000000000053b8      0x783 Core/Src/stm32f1xx_it.o
 .debug_info    0x0000000000005b3b      0xa25 Core/Src/sysmem.o
 .debug_info    0x0000000000006560      0x2be Core/Src/system_stm32f1xx.o
 .debug_info    0x000000000000681e     0x2f75 Core/Src/tasks.o
 .debug_info    0x0000000000009793     0x1534 Core/Src/timers.o
 .debug_info    0x000000000000acc7       0x22 Core/Startup/startup_stm32f103c8tx.o
 .debug_info    0x000000000000ace9      0x76a Drivers/STM32F1xx_HAL_Driver/Src/stm32f1xx_hal.o
 .debug_info    0x000000000000b453      0xbdc Drivers/STM32F1xx_HAL_Driver/Src/stm32f1xx_hal_cortex.o
 .debug_info    0x000000000000c02f      0x701 Drivers/STM32F1xx_HAL_Driver/Src/stm32f1xx_hal_gpio.o
 .debug_info    0x000000000000c730      0x893 Drivers/STM32F1xx_HAL_Driver/Src/stm32f1xx_hal_rcc.o
 .debug_info    0x000000000000cfc3     0x2c32 Drivers/STM32F1xx_HAL_Driver/Src/stm32f1xx_hal_tim.o
 .debug_info    0x000000000000fbf5     0x157f Drivers/STM32F1xx_HAL_Driver/Src/stm32f1xx_hal_tim_ex.o

.debug_abbrev   0x0000000000000000     0x27b2
 .debug_abbrev  0x0000000000000000      0x1e5 Core/Src/heap_3.o
 .debug_abbrev  0x00000000000001e5      0x1f7 Core/Src/list.o
 .debug_abbrev  0x00000000000003dc      0x235 Core/Src/main.o
 .debug_abbrev  0x0000000000000611      0x25c Core/Src/port.o
 .debug_abbrev  0x000000000000086d      0x333 Core/Src/queue.o
 .debug_abbrev  0x0000000000000ba0      0x11d Core/Src/stm32f1xx_hal_msp.o
 .debug_abbrev  0x0000000000000cbd      0x1bf Core/Src/stm32f1xx_hal_timebase_tim.o
 .debug_abbrev  0x0000000000000e7c      0x176 Core/Src/stm32f1xx_it.o
 .debug_abbrev  0x0000000000000ff2      0x1bf Core/Src/sysmem.o
 .debug_abbrev  0x00000000000011b1      0x14e Core/Src/system_stm32f1xx.o
 .debug_abbrev  0x00000000000012ff      0x398 Core/Src/tasks.o
 .debug_abbrev  0x0000000000001697      0x2ea Core/Src/timers.o
 .debug_abbrev  0x0000000000001981       0x12 Core/Startup/startup_stm32f103c8tx.o
 .debug_abbrev  0x0000000000001993      0x1ed Drivers/STM32F1xx_HAL_Driver/Src/stm32f1xx_hal.o
 .debug_abbrev  0x0000000000001b80      0x313 Drivers/STM32F1xx_HAL_Driver/Src/stm32f1xx_hal_cortex.o
 .debug_abbrev  0x0000000000001e93      0x1e8 Drivers/STM32F1xx_HAL_Driver/Src/stm32f1xx_hal_gpio.o
 .debug_abbrev  0x000000000000207b      0x273 Drivers/STM32F1xx_HAL_Driver/Src/stm32f1xx_hal_rcc.o
 .debug_abbrev  0x00000000000022ee      0x25e Drivers/STM32F1xx_HAL_Driver/Src/stm32f1xx_hal_tim.o
 .debug_abbrev  0x000000000000254c      0x266 Drivers/STM32F1xx_HAL_Driver/Src/stm32f1xx_hal_tim_ex.o

.debug_aranges  0x0000000000000000      0xe88
 .debug_aranges
                0x0000000000000000       0x28 Core/Src/heap_3.o
 .debug_aranges
                0x0000000000000028       0x40 Core/Src/list.o
 .debug_aranges
                0x0000000000000068       0x50 Core/Src/main.o
 .debug_aranges
                0x00000000000000b8       0x80 Core/Src/port.o
 .debug_aranges
                0x0000000000000138      0x130 Core/Src/queue.o
 .debug_aranges
                0x0000000000000268       0x20 Core/Src/stm32f1xx_hal_msp.o
 .debug_aranges
                0x0000000000000288       0x30 Core/Src/stm32f1xx_hal_timebase_tim.o
 .debug_aranges
                0x00000000000002b8       0x50 Core/Src/stm32f1xx_it.o
 .debug_aranges
                0x0000000000000308       0x20 Core/Src/sysmem.o
 .debug_aranges
                0x0000000000000328       0x28 Core/Src/system_stm32f1xx.o
 .debug_aranges
                0x0000000000000350      0x228 Core/Src/tasks.o
 .debug_aranges
                0x0000000000000578       0xe8 Core/Src/timers.o
 .debug_aranges
                0x0000000000000660       0x28 Core/Startup/startup_stm32f103c8tx.o
 .debug_aranges
                0x0000000000000688       0xe0 Drivers/STM32F1xx_HAL_Driver/Src/stm32f1xx_hal.o
 .debug_aranges
                0x0000000000000768      0x100 Drivers/STM32F1xx_HAL_Driver/Src/stm32f1xx_hal_cortex.o
 .debug_aranges
                0x0000000000000868       0x58 Drivers/STM32F1xx_HAL_Driver/Src/stm32f1xx_hal_gpio.o
 .debug_aranges
                0x00000000000008c0       0x90 Drivers/STM32F1xx_HAL_Driver/Src/stm32f1xx_hal_rcc.o
 .debug_aranges
                0x0000000000000950      0x3d0 Drivers/STM32F1xx_HAL_Driver/Src/stm32f1xx_hal_tim.o
 .debug_aranges
                0x0000000000000d20      0x168 Drivers/STM32F1xx_HAL_Driver/Src/stm32f1xx_hal_tim_ex.o

.debug_ranges   0x0000000000000000      0xd60
 .debug_ranges  0x0000000000000000       0x18 Core/Src/heap_3.o
 .debug_ranges  0x0000000000000018       0x30 Core/Src/list.o
 .debug_ranges  0x0000000000000048       0x40 Core/Src/main.o
 .debug_ranges  0x0000000000000088       0x70 Core/Src/port.o
 .debug_ranges  0x00000000000000f8      0x120 Core/Src/queue.o
 .debug_ranges  0x0000000000000218       0x10 Core/Src/stm32f1xx_hal_msp.o
 .debug_ranges  0x0000000000000228       0x20 Core/Src/stm32f1xx_hal_timebase_tim.o
 .debug_ranges  0x0000000000000248       0x40 Core/Src/stm32f1xx_it.o
 .debug_ranges  0x0000000000000288       0x10 Core/Src/sysmem.o
 .debug_ranges  0x0000000000000298       0x18 Core/Src/system_stm32f1xx.o
 .debug_ranges  0x00000000000002b0      0x218 Core/Src/tasks.o
 .debug_ranges  0x00000000000004c8       0xd8 Core/Src/timers.o
 .debug_ranges  0x00000000000005a0       0x20 Core/Startup/startup_stm32f103c8tx.o
 .debug_ranges  0x00000000000005c0       0xd0 Drivers/STM32F1xx_HAL_Driver/Src/stm32f1xx_hal.o
 .debug_ranges  0x0000000000000690       0xf0 Drivers/STM32F1xx_HAL_Driver/Src/stm32f1xx_hal_cortex.o
 .debug_ranges  0x0000000000000780       0x48 Drivers/STM32F1xx_HAL_Driver/Src/stm32f1xx_hal_gpio.o
 .debug_ranges  0x00000000000007c8       0x80 Drivers/STM32F1xx_HAL_Driver/Src/stm32f1xx_hal_rcc.o
 .debug_ranges  0x0000000000000848      0x3c0 Drivers/STM32F1xx_HAL_Driver/Src/stm32f1xx_hal_tim.o
 .debug_ranges  0x0000000000000c08      0x158 Drivers/STM32F1xx_HAL_Driver/Src/stm32f1xx_hal_tim_ex.o

.debug_macro    0x0000000000000000    0x169af
 .debug_macro   0x0000000000000000      0x1a7 Core/Src/heap_3.o
 .debug_macro   0x00000000000001a7      0x198 Core/Src/list.o
 .debug_macro   0x000000000000033f      0x215 Core/Src/main.o
 .debug_macro   0x0000000000000554      0x215 Core/Src/main.o
 .debug_macro   0x0000000000000769       0x2e Core/Src/main.o
 .debug_macro   0x0000000000000797       0x22 Core/Src/main.o
 .debug_macro   0x00000000000007b9       0x1c Core/Src/main.o
 .debug_macro   0x00000000000007d5       0x22 Core/Src/main.o
 .debug_macro   0x00000000000007f7       0xc3 Core/Src/main.o
 .debug_macro   0x00000000000008ba      0xd23 Core/Src/main.o
 .debug_macro   0x00000000000015dd     0xe09e Core/Src/main.o
 .debug_macro   0x000000000000f67b       0x6d Core/Src/main.o
 .debug_macro   0x000000000000f6e8     0x34a2 Core/Src/main.o
 .debug_macro   0x0000000000012b8a       0x5c Core/Src/main.o
 .debug_macro   0x0000000000012be6      0x5bc Core/Src/main.o
 .debug_macro   0x00000000000131a2      0x289 Core/Src/main.o
 .debug_macro   0x000000000001342b      0x1cb Core/Src/main.o
 .debug_macro   0x00000000000135f6      0x114 Core/Src/main.o
 .debug_macro   0x000000000001370a      0x1b2 Core/Src/main.o
 .debug_macro   0x00000000000138bc       0x27 Core/Src/main.o
 .debug_macro   0x00000000000138e3      0x136 Core/Src/main.o
 .debug_macro   0x0000000000013a19      0x1bc Core/Src/main.o
 .debug_macro   0x0000000000013bd5       0x34 Core/Src/main.o
 .debug_macro   0x0000000000013c09       0x3c Core/Src/main.o
 .debug_macro   0x0000000000013c45       0x57 Core/Src/main.o
 .debug_macro   0x0000000000013c9c       0x87 Core/Src/main.o
 .debug_macro   0x0000000000013d23      0x240 Core/Src/main.o
 .debug_macro   0x0000000000013f63      0x140 Core/Src/main.o
 .debug_macro   0x00000000000140a3      0x8ed Core/Src/main.o
 .debug_macro   0x0000000000014990       0x83 Core/Src/main.o
 .debug_macro   0x0000000000014a13       0x10 Core/Src/main.o
 .debug_macro   0x0000000000014a23      0x1d8 Core/Src/main.o
 .debug_macro   0x0000000000014bfb      0x183 Core/Src/port.o
 .debug_macro   0x0000000000014d7e      0x22f Core/Src/queue.o
 .debug_macro   0x0000000000014fad       0x16 Core/Src/queue.o
 .debug_macro   0x0000000000014fc3       0x35 Core/Src/queue.o
 .debug_macro   0x0000000000014ff8       0x20 Core/Src/queue.o
 .debug_macro   0x0000000000015018       0x80 Core/Src/queue.o
 .debug_macro   0x0000000000015098      0x1a8 Core/Src/stm32f1xx_hal_msp.o
 .debug_macro   0x0000000000015240      0x199 Core/Src/stm32f1xx_hal_timebase_tim.o
 .debug_macro   0x00000000000153d9      0x1b2 Core/Src/stm32f1xx_it.o
 .debug_macro   0x000000000001558b       0xff Core/Src/sysmem.o
 .debug_macro   0x000000000001568a      0x23b Core/Src/sysmem.o
 .debug_macro   0x00000000000158c5      0x199 Core/Src/system_stm32f1xx.o
 .debug_macro   0x0000000000015a5e      0x284 Core/Src/tasks.o
 .debug_macro   0x0000000000015ce2       0x17 Core/Src/tasks.o
 .debug_macro   0x0000000000015cf9      0x1e7 Core/Src/timers.o
 .debug_macro   0x0000000000015ee0       0x97 Core/Src/timers.o
 .debug_macro   0x0000000000015f77      0x1bd Drivers/STM32F1xx_HAL_Driver/Src/stm32f1xx_hal.o
 .debug_macro   0x0000000000016134      0x199 Drivers/STM32F1xx_HAL_Driver/Src/stm32f1xx_hal_cortex.o
 .debug_macro   0x00000000000162cd      0x204 Drivers/STM32F1xx_HAL_Driver/Src/stm32f1xx_hal_gpio.o
 .debug_macro   0x00000000000164d1      0x1ab Drivers/STM32F1xx_HAL_Driver/Src/stm32f1xx_hal_rcc.o
 .debug_macro   0x000000000001667c      0x19a Drivers/STM32F1xx_HAL_Driver/Src/stm32f1xx_hal_tim.o
 .debug_macro   0x0000000000016816      0x199 Drivers/STM32F1xx_HAL_Driver/Src/stm32f1xx_hal_tim_ex.o

.debug_line     0x0000000000000000     0xf43c
 .debug_line    0x0000000000000000      0x5b0 Core/Src/heap_3.o
 .debug_line    0x00000000000005b0      0x67e Core/Src/list.o
 .debug_line    0x0000000000000c2e      0x808 Core/Src/main.o
 .debug_line    0x0000000000001436      0x80e Core/Src/port.o
 .debug_line    0x0000000000001c44     0x158a Core/Src/queue.o
 .debug_line    0x00000000000031ce      0x666 Core/Src/stm32f1xx_hal_msp.o
 .debug_line    0x0000000000003834      0x6c1 Core/Src/stm32f1xx_hal_timebase_tim.o
 .debug_line    0x0000000000003ef5      0x701 Core/Src/stm32f1xx_it.o
 .debug_line    0x00000000000045f6      0x4f8 Core/Src/sysmem.o
 .debug_line    0x0000000000004aee      0x6e3 Core/Src/system_stm32f1xx.o
 .debug_line    0x00000000000051d1     0x1f7b Core/Src/tasks.o
 .debug_line    0x000000000000714c      0xb9d Core/Src/timers.o
 .debug_line    0x0000000000007ce9       0x86 Core/Startup/startup_stm32f103c8tx.o
 .debug_line    0x0000000000007d6f      0x910 Drivers/STM32F1xx_HAL_Driver/Src/stm32f1xx_hal.o
 .debug_line    0x000000000000867f      0xaf8 Drivers/STM32F1xx_HAL_Driver/Src/stm32f1xx_hal_cortex.o
 .debug_line    0x0000000000009177      0x9a9 Drivers/STM32F1xx_HAL_Driver/Src/stm32f1xx_hal_gpio.o
 .debug_line    0x0000000000009b20      0xd1c Drivers/STM32F1xx_HAL_Driver/Src/stm32f1xx_hal_rcc.o
 .debug_line    0x000000000000a83c     0x33aa Drivers/STM32F1xx_HAL_Driver/Src/stm32f1xx_hal_tim.o
 .debug_line    0x000000000000dbe6     0x1856 Drivers/STM32F1xx_HAL_Driver/Src/stm32f1xx_hal_tim_ex.o

.debug_str      0x0000000000000000    0x90250
 .debug_str     0x0000000000000000     0xbc83 Core/Src/heap_3.o
                                       0xbf1c (size before relaxing)
 .debug_str     0x000000000000bc83      0x147 Core/Src/list.o
                                       0xadc4 (size before relaxing)
 .debug_str     0x000000000000bdca    0x7e050 Core/Src/main.o
                                      0x86e60 (size before relaxing)
 .debug_str     0x0000000000089e1a      0x8bd Core/Src/port.o
                                       0x9511 (size before relaxing)
 .debug_str     0x000000000008a6d7     0x128e Core/Src/queue.o
                                       0xd2e9 (size before relaxing)
 .debug_str     0x000000000008b965       0x5a Core/Src/stm32f1xx_hal_msp.o
                                      0x81b78 (size before relaxing)
 .debug_str     0x000000000008b9bf      0x30e Core/Src/stm32f1xx_hal_timebase_tim.o
                                      0x8239c (size before relaxing)
 .debug_str     0x000000000008bccd       0x92 Core/Src/stm32f1xx_it.o
                                      0x82037 (size before relaxing)
 .debug_str     0x000000000008bd5f      0x369 Core/Src/sysmem.o
                                       0x6294 (size before relaxing)
 .debug_str     0x000000000008c0c8       0x52 Core/Src/system_stm32f1xx.o
                                      0x81b3e (size before relaxing)
 .debug_str     0x000000000008c11a     0x1cce Core/Src/tasks.o
                                       0xdedc (size before relaxing)
 .debug_str     0x000000000008dde8      0x57b Core/Src/timers.o
                                       0xd4cc (size before relaxing)
 .debug_str     0x000000000008e363       0x36 Core/Startup/startup_stm32f103c8tx.o
                                         0xa8 (size before relaxing)
 .debug_str     0x000000000008e399      0x2b9 Drivers/STM32F1xx_HAL_Driver/Src/stm32f1xx_hal.o
                                      0x821cf (size before relaxing)
 .debug_str     0x000000000008e652      0x300 Drivers/STM32F1xx_HAL_Driver/Src/stm32f1xx_hal_cortex.o
                                      0x821d7 (size before relaxing)
 .debug_str     0x000000000008e952      0x324 Drivers/STM32F1xx_HAL_Driver/Src/stm32f1xx_hal_gpio.o
                                      0x81f02 (size before relaxing)
 .debug_str     0x000000000008ec76      0x245 Drivers/STM32F1xx_HAL_Driver/Src/stm32f1xx_hal_rcc.o
                                      0x81f3b (size before relaxing)
 .debug_str     0x000000000008eebb      0xe5d Drivers/STM32F1xx_HAL_Driver/Src/stm32f1xx_hal_tim.o
                                      0x82f24 (size before relaxing)
 .debug_str     0x000000000008fd18      0x538 Drivers/STM32F1xx_HAL_Driver/Src/stm32f1xx_hal_tim_ex.o
                                      0x826c5 (size before relaxing)

.comment        0x0000000000000000       0x53
 .comment       0x0000000000000000       0x53 Core/Src/heap_3.o
                                         0x54 (size before relaxing)
 .comment       0x0000000000000053       0x54 Core/Src/list.o
 .comment       0x0000000000000053       0x54 Core/Src/main.o
 .comment       0x0000000000000053       0x54 Core/Src/port.o
 .comment       0x0000000000000053       0x54 Core/Src/queue.o
 .comment       0x0000000000000053       0x54 Core/Src/stm32f1xx_hal_msp.o
 .comment       0x0000000000000053       0x54 Core/Src/stm32f1xx_hal_timebase_tim.o
 .comment       0x0000000000000053       0x54 Core/Src/stm32f1xx_it.o
 .comment       0x0000000000000053       0x54 Core/Src/sysmem.o
 .comment       0x0000000000000053       0x54 Core/Src/system_stm32f1xx.o
 .comment       0x0000000000000053       0x54 Core/Src/tasks.o
 .comment       0x0000000000000053       0x54 Core/Src/timers.o
 .comment       0x0000000000000053       0x54 Drivers/STM32F1xx_HAL_Driver/Src/stm32f1xx_hal.o
 .comment       0x0000000000000053       0x54 Drivers/STM32F1xx_HAL_Driver/Src/stm32f1xx_hal_cortex.o
 .comment       0x0000000000000053       0x54 Drivers/STM32F1xx_HAL_Driver/Src/stm32f1xx_hal_gpio.o
 .comment       0x0000000000000053       0x54 Drivers/STM32F1xx_HAL_Driver/Src/stm32f1xx_hal_rcc.o
 .comment       0x0000000000000053       0x54 Drivers/STM32F1xx_HAL_Driver/Src/stm32f1xx_hal_tim.o
 .comment       0x0000000000000053       0x54 Drivers/STM32F1xx_HAL_Driver/Src/stm32f1xx_hal_tim_ex.o

.debug_frame    0x0000000000000000     0x3da4
 .debug_frame   0x0000000000000000       0x58 Core/Src/heap_3.o
 .debug_frame   0x0000000000000058       0xd8 Core/Src/list.o
 .debug_frame   0x0000000000000130       0xf8 Core/Src/main.o
 .debug_frame   0x0000000000000228      0x1bc Core/Src/port.o
 .debug_frame   0x00000000000003e4      0x530 Core/Src/queue.o
 .debug_frame   0x0000000000000914       0x38 Core/Src/stm32f1xx_hal_msp.o
 .debug_frame   0x000000000000094c       0x74 Core/Src/stm32f1xx_hal_timebase_tim.o
 .debug_frame   0x00000000000009c0       0xc4 Core/Src/stm32f1xx_it.o
 .debug_frame   0x0000000000000a84       0x34 Core/Src/sysmem.o
 .debug_frame   0x0000000000000ab8       0x58 Core/Src/system_stm32f1xx.o
 .debug_frame   0x0000000000000b10      0x988 Core/Src/tasks.o
 .debug_frame   0x0000000000001498      0x3c8 Core/Src/timers.o
 .debug_frame   0x0000000000001860      0x334 Drivers/STM32F1xx_HAL_Driver/Src/stm32f1xx_hal.o
 .debug_frame   0x0000000000001b94      0x428 Drivers/STM32F1xx_HAL_Driver/Src/stm32f1xx_hal_cortex.o
 .debug_frame   0x0000000000001fbc      0x14c Drivers/STM32F1xx_HAL_Driver/Src/stm32f1xx_hal_gpio.o
 .debug_frame   0x0000000000002108      0x218 Drivers/STM32F1xx_HAL_Driver/Src/stm32f1xx_hal_rcc.o
 .debug_frame   0x0000000000002320     0x11b8 Drivers/STM32F1xx_HAL_Driver/Src/stm32f1xx_hal_tim.o
 .debug_frame   0x00000000000034d8      0x638 Drivers/STM32F1xx_HAL_Driver/Src/stm32f1xx_hal_tim_ex.o
 .debug_frame   0x0000000000003b10       0x20 c:/st/stm32cubeide_1.6.1/stm32cubeide/plugins/com.st.stm32cube.ide.mcu.externaltools.gnu-tools-for-stm32.9-2020-q2-update.win32_1.5.0.202011040924/tools/bin/../lib/gcc/arm-none-eabi/9.3.1/../../../../arm-none-eabi/lib/thumb/v7-m/nofp\libc_nano.a(lib_a-errno.o)
 .debug_frame   0x0000000000003b30       0x2c c:/st/stm32cubeide_1.6.1/stm32cubeide/plugins/com.st.stm32cube.ide.mcu.externaltools.gnu-tools-for-stm32.9-2020-q2-update.win32_1.5.0.202011040924/tools/bin/../lib/gcc/arm-none-eabi/9.3.1/../../../../arm-none-eabi/lib/thumb/v7-m/nofp\libc_nano.a(lib_a-init.o)
 .debug_frame   0x0000000000003b5c       0x30 c:/st/stm32cubeide_1.6.1/stm32cubeide/plugins/com.st.stm32cube.ide.mcu.externaltools.gnu-tools-for-stm32.9-2020-q2-update.win32_1.5.0.202011040924/tools/bin/../lib/gcc/arm-none-eabi/9.3.1/../../../../arm-none-eabi/lib/thumb/v7-m/nofp\libc_nano.a(lib_a-malloc.o)
 .debug_frame   0x0000000000003b8c       0x28 c:/st/stm32cubeide_1.6.1/stm32cubeide/plugins/com.st.stm32cube.ide.mcu.externaltools.gnu-tools-for-stm32.9-2020-q2-update.win32_1.5.0.202011040924/tools/bin/../lib/gcc/arm-none-eabi/9.3.1/../../../../arm-none-eabi/lib/thumb/v7-m/nofp\libc_nano.a(lib_a-memcpy-stub.o)
 .debug_frame   0x0000000000003bb4       0x20 c:/st/stm32cubeide_1.6.1/stm32cubeide/plugins/com.st.stm32cube.ide.mcu.externaltools.gnu-tools-for-stm32.9-2020-q2-update.win32_1.5.0.202011040924/tools/bin/../lib/gcc/arm-none-eabi/9.3.1/../../../../arm-none-eabi/lib/thumb/v7-m/nofp\libc_nano.a(lib_a-memset.o)
 .debug_frame   0x0000000000003bd4       0x38 c:/st/stm32cubeide_1.6.1/stm32cubeide/plugins/com.st.stm32cube.ide.mcu.externaltools.gnu-tools-for-stm32.9-2020-q2-update.win32_1.5.0.202011040924/tools/bin/../lib/gcc/arm-none-eabi/9.3.1/../../../../arm-none-eabi/lib/thumb/v7-m/nofp\libc_nano.a(lib_a-nano-freer.o)
 .debug_frame   0x0000000000003c0c       0x30 c:/st/stm32cubeide_1.6.1/stm32cubeide/plugins/com.st.stm32cube.ide.mcu.externaltools.gnu-tools-for-stm32.9-2020-q2-update.win32_1.5.0.202011040924/tools/bin/../lib/gcc/arm-none-eabi/9.3.1/../../../../arm-none-eabi/lib/thumb/v7-m/nofp\libc_nano.a(lib_a-nano-mallocr.o)
 .debug_frame   0x0000000000003c3c       0x2c c:/st/stm32cubeide_1.6.1/stm32cubeide/plugins/com.st.stm32cube.ide.mcu.externaltools.gnu-tools-for-stm32.9-2020-q2-update.win32_1.5.0.202011040924/tools/bin/../lib/gcc/arm-none-eabi/9.3.1/../../../../arm-none-eabi/lib/thumb/v7-m/nofp\libc_nano.a(lib_a-sbrkr.o)
 .debug_frame   0x0000000000003c68       0x30 c:/st/stm32cubeide_1.6.1/stm32cubeide/plugins/com.st.stm32cube.ide.mcu.externaltools.gnu-tools-for-stm32.9-2020-q2-update.win32_1.5.0.202011040924/tools/bin/../lib/gcc/arm-none-eabi/9.3.1/../../../../arm-none-eabi/lib/thumb/v7-m/nofp\libc_nano.a(lib_a-mlock.o)
 .debug_frame   0x0000000000003c98       0x5c c:/st/stm32cubeide_1.6.1/stm32cubeide/plugins/com.st.stm32cube.ide.mcu.externaltools.gnu-tools-for-stm32.9-2020-q2-update.win32_1.5.0.202011040924/tools/bin/../lib/gcc/arm-none-eabi/9.3.1/../../../../arm-none-eabi/lib/thumb/v7-m/nofp\libc_nano.a(lib_a-reent.o)
 .debug_frame   0x0000000000003cf4       0xb0 c:/st/stm32cubeide_1.6.1/stm32cubeide/plugins/com.st.stm32cube.ide.mcu.externaltools.gnu-tools-for-stm32.9-2020-q2-update.win32_1.5.0.202011040924/tools/bin/../lib/gcc/arm-none-eabi/9.3.1/../../../../arm-none-eabi/lib/thumb/v7-m/nofp\libc_nano.a(lib_a-lock.o)
