10:50:29 **** Incremental Build of configuration Debug for project firmware ****
make -j8 all 
arm-none-eabi-gcc "../Core/Src/main.c" -mcpu=cortex-m3 -std=gnu11 -g3 -DDEBUG -DUSE_HAL_DRIVER -DSTM32F103xB -c -I../Core/Inc -I../Drivers/STM32F1xx_HAL_Driver/Inc -I../Drivers/STM32F1xx_HAL_Driver/Inc/Legacy -I../Drivers/CMSIS/Device/ST/STM32F1xx/Include -I../Drivers/CMSIS/Include -O0 -ffunction-sections -fdata-sections -Wall -fstack-usage -MMD -MP -MF"Core/Src/main.d" -MT"Core/Src/main.o" --specs=nano.specs -mfloat-abi=soft -mthumb -o "Core/Src/main.o"
arm-none-eabi-gcc -o "firmware.elf" @"objects.list"   -mcpu=cortex-m3 -T"C:\Users\Ivan\Desktop\Digitales III\2025_Repo\2025_td3_512_irumberry_ivan\3_trabajos_practicos\tp1\firmware\STM32F103C8TX_FLASH.ld" --specs=nosys.specs -Wl,-Map="firmware.map" -Wl,--gc-sections -static --specs=nano.specs -mfloat-abi=soft -mthumb -Wl,--start-group -lc -lm -Wl,--end-group
Finished building target: firmware.elf
 
arm-none-eabi-objdump -h -S  firmware.elf  > "firmware.list"
arm-none-eabi-objcopy  -O binary  firmware.elf  "firmware.bin"
arm-none-eabi-size   firmware.elf 
   text	   data	    bss	    dec	    hex	filename
  16200	    128	   2080	  18408	   47e8	firmware.elf
Finished building: default.size.stdout
 
Finished building: firmware.bin
Finished building: firmware.list
 
 
10:50:36 **** Incremental Build of configuration Debug for project firmware ****
make -j8 all 
arm-none-eabi-size   firmware.elf 
   text	   data	    bss	    dec	    hex	filename
  16200	    128	   2080	  18408	   47e8	firmware.elf
Finished building: default.size.stdout
 
